Archive member included to satisfy reference by file (symbol)

C:/ST/STM32CubeCLT_1.18.0/GNU-tools-for-STM32/bin/../lib/gcc/arm-none-eabi/13.3.1/../../../../arm-none-eabi/lib/thumb/v7e-m+fp/hard\libc_nano.a(libc_a-exit.o)
                              C:/ST/STM32CubeCLT_1.18.0/GNU-tools-for-STM32/bin/../lib/gcc/arm-none-eabi/13.3.1/../../../../arm-none-eabi/lib/thumb/v7e-m+fp/hard/crt0.o (exit)
C:/ST/STM32CubeCLT_1.18.0/GNU-tools-for-STM32/bin/../lib/gcc/arm-none-eabi/13.3.1/../../../../arm-none-eabi/lib/thumb/v7e-m+fp/hard\libc_nano.a(libc_a-nano-vfprintf_float.o)
                              (_printf_float)
C:/ST/STM32CubeCLT_1.18.0/GNU-tools-for-STM32/bin/../lib/gcc/arm-none-eabi/13.3.1/../../../../arm-none-eabi/lib/thumb/v7e-m+fp/hard\libc_nano.a(libc_a-nano-vfprintf_i.o)
                              C:/ST/STM32CubeCLT_1.18.0/GNU-tools-for-STM32/bin/../lib/gcc/arm-none-eabi/13.3.1/../../../../arm-none-eabi/lib/thumb/v7e-m+fp/hard\libc_nano.a(libc_a-nano-vfprintf_float.o) (_printf_common)
C:/ST/STM32CubeCLT_1.18.0/GNU-tools-for-STM32/bin/../lib/gcc/arm-none-eabi/13.3.1/../../../../arm-none-eabi/lib/thumb/v7e-m+fp/hard\libc_nano.a(libc_a-findfp.o)
                              C:/ST/STM32CubeCLT_1.18.0/GNU-tools-for-STM32/bin/../lib/gcc/arm-none-eabi/13.3.1/../../../../arm-none-eabi/lib/thumb/v7e-m+fp/hard\libc_nano.a(libc_a-exit.o) (__stdio_exit_handler)
C:/ST/STM32CubeCLT_1.18.0/GNU-tools-for-STM32/bin/../lib/gcc/arm-none-eabi/13.3.1/../../../../arm-none-eabi/lib/thumb/v7e-m+fp/hard\libc_nano.a(libc_a-fwalk.o)
                              C:/ST/STM32CubeCLT_1.18.0/GNU-tools-for-STM32/bin/../lib/gcc/arm-none-eabi/13.3.1/../../../../arm-none-eabi/lib/thumb/v7e-m+fp/hard\libc_nano.a(libc_a-findfp.o) (_fwalk_sglue)
C:/ST/STM32CubeCLT_1.18.0/GNU-tools-for-STM32/bin/../lib/gcc/arm-none-eabi/13.3.1/../../../../arm-none-eabi/lib/thumb/v7e-m+fp/hard\libc_nano.a(libc_a-stdio.o)
                              C:/ST/STM32CubeCLT_1.18.0/GNU-tools-for-STM32/bin/../lib/gcc/arm-none-eabi/13.3.1/../../../../arm-none-eabi/lib/thumb/v7e-m+fp/hard\libc_nano.a(libc_a-findfp.o) (__sread)
C:/ST/STM32CubeCLT_1.18.0/GNU-tools-for-STM32/bin/../lib/gcc/arm-none-eabi/13.3.1/../../../../arm-none-eabi/lib/thumb/v7e-m+fp/hard\libc_nano.a(libc_a-memset.o)
                              C:/ST/STM32CubeCLT_1.18.0/GNU-tools-for-STM32/bin/../lib/gcc/arm-none-eabi/13.3.1/../../../../arm-none-eabi/lib/thumb/v7e-m+fp/hard/crt0.o (memset)
C:/ST/STM32CubeCLT_1.18.0/GNU-tools-for-STM32/bin/../lib/gcc/arm-none-eabi/13.3.1/../../../../arm-none-eabi/lib/thumb/v7e-m+fp/hard\libc_nano.a(libc_a-localeconv.o)
                              C:/ST/STM32CubeCLT_1.18.0/GNU-tools-for-STM32/bin/../lib/gcc/arm-none-eabi/13.3.1/../../../../arm-none-eabi/lib/thumb/v7e-m+fp/hard\libc_nano.a(libc_a-nano-vfprintf_float.o) (_localeconv_r)
C:/ST/STM32CubeCLT_1.18.0/GNU-tools-for-STM32/bin/../lib/gcc/arm-none-eabi/13.3.1/../../../../arm-none-eabi/lib/thumb/v7e-m+fp/hard\libc_nano.a(libc_a-closer.o)
                              C:/ST/STM32CubeCLT_1.18.0/GNU-tools-for-STM32/bin/../lib/gcc/arm-none-eabi/13.3.1/../../../../arm-none-eabi/lib/thumb/v7e-m+fp/hard\libc_nano.a(libc_a-stdio.o) (_close_r)
C:/ST/STM32CubeCLT_1.18.0/GNU-tools-for-STM32/bin/../lib/gcc/arm-none-eabi/13.3.1/../../../../arm-none-eabi/lib/thumb/v7e-m+fp/hard\libc_nano.a(libc_a-reent.o)
                              C:/ST/STM32CubeCLT_1.18.0/GNU-tools-for-STM32/bin/../lib/gcc/arm-none-eabi/13.3.1/../../../../arm-none-eabi/lib/thumb/v7e-m+fp/hard\libc_nano.a(libc_a-closer.o) (errno)
C:/ST/STM32CubeCLT_1.18.0/GNU-tools-for-STM32/bin/../lib/gcc/arm-none-eabi/13.3.1/../../../../arm-none-eabi/lib/thumb/v7e-m+fp/hard\libc_nano.a(libc_a-impure.o)
                              C:/ST/STM32CubeCLT_1.18.0/GNU-tools-for-STM32/bin/../lib/gcc/arm-none-eabi/13.3.1/../../../../arm-none-eabi/lib/thumb/v7e-m+fp/hard\libc_nano.a(libc_a-reent.o) (_impure_ptr)
C:/ST/STM32CubeCLT_1.18.0/GNU-tools-for-STM32/bin/../lib/gcc/arm-none-eabi/13.3.1/../../../../arm-none-eabi/lib/thumb/v7e-m+fp/hard\libc_nano.a(libc_a-lseekr.o)
                              C:/ST/STM32CubeCLT_1.18.0/GNU-tools-for-STM32/bin/../lib/gcc/arm-none-eabi/13.3.1/../../../../arm-none-eabi/lib/thumb/v7e-m+fp/hard\libc_nano.a(libc_a-stdio.o) (_lseek_r)
C:/ST/STM32CubeCLT_1.18.0/GNU-tools-for-STM32/bin/../lib/gcc/arm-none-eabi/13.3.1/../../../../arm-none-eabi/lib/thumb/v7e-m+fp/hard\libc_nano.a(libc_a-readr.o)
                              C:/ST/STM32CubeCLT_1.18.0/GNU-tools-for-STM32/bin/../lib/gcc/arm-none-eabi/13.3.1/../../../../arm-none-eabi/lib/thumb/v7e-m+fp/hard\libc_nano.a(libc_a-stdio.o) (_read_r)
C:/ST/STM32CubeCLT_1.18.0/GNU-tools-for-STM32/bin/../lib/gcc/arm-none-eabi/13.3.1/../../../../arm-none-eabi/lib/thumb/v7e-m+fp/hard\libc_nano.a(libc_a-writer.o)
[...]
Memory Configuration

Name             Origin             Length             Attributes
RAM              0x20000000         0x00020000         xrw
FLASH            0x08000000         0x00080000         xr
*default*        0x00000000         0xffffffff

Linker script and memory map

LOAD C:/ST/STM32CubeCLT_1.18.0/GNU-tools-for-STM32/bin/../lib/gcc/arm-none-eabi/13.3.1/thumb/v7e-m+fp/hard/crti.o
LOAD C:/ST/STM32CubeCLT_1.18.0/GNU-tools-for-STM32/bin/../lib/gcc/arm-none-eabi/13.3.1/thumb/v7e-m+fp/hard/crtbegin.o
LOAD C:/ST/STM32CubeCLT_1.18.0/GNU-tools-for-STM32/bin/../lib/gcc/arm-none-eabi/13.3.1/../../../../arm-none-eabi/lib/thumb/v7e-m+fp/hard/crt0.o
START GROUP
LOAD C:/ST/STM32CubeCLT_1.18.0/GNU-tools-for-STM32/bin/../lib/gcc/arm-none-eabi/13.3.1/../../../../arm-none-eabi/lib/thumb/v7e-m+fp/hard\libc_nano.a
LOAD C:/ST/STM32CubeCLT_1.18.0/GNU-tools-for-STM32/bin/../lib/gcc/arm-none-eabi/13.3.1/../../../../arm-none-eabi/lib/thumb/v7e-m+fp/hard\libm.a
END GROUP
LOAD cmake/stm32cubemx/CMakeFiles/STM32_Drivers.dir/__/__/Core/Src/system_stm32g4xx.c.obj
LOAD cmake/stm32cubemx/CMakeFiles/STM32_Drivers.dir/__/__/Drivers/STM32G4xx_HAL_Driver/Src/stm32g4xx_hal_adc.c.obj
LOAD cmake/stm32cubemx/CMakeFiles/STM32_Drivers.dir/__/__/Drivers/STM32G4xx_HAL_Driver/Src/stm32g4xx_hal_adc_ex.c.obj
LOAD cmake/stm32cubemx/CMakeFiles/STM32_Drivers.dir/__/__/Drivers/STM32G4xx_HAL_Driver/Src/stm32g4xx_ll_adc.c.obj
LOAD cmake/stm32cubemx/CMakeFiles/STM32_Drivers.dir/__/__/Drivers/STM32G4xx_HAL_Driver/Src/stm32g4xx_hal.c.obj
LOAD cmake/stm32cubemx/CMakeFiles/STM32_Drivers.dir/__/__/Drivers/STM32G4xx_HAL_Driver/Src/stm32g4xx_hal_rcc.c.obj
LOAD cmake/stm32cubemx/CMakeFiles/STM32_Drivers.dir/__/__/Drivers/STM32G4xx_HAL_Driver/Src/stm32g4xx_hal_rcc_ex.c.obj
LOAD cmake/stm32cubemx/CMakeFiles/STM32_Drivers.dir/__/__/Drivers/STM32G4xx_HAL_Driver/Src/stm32g4xx_hal_flash.c.obj
LOAD cmake/stm32cubemx/CMakeFiles/STM32_Drivers.dir/__/__/Drivers/STM32G4xx_HAL_Driver/Src/stm32g4xx_hal_flash_ex.c.obj
LOAD cmake/stm32cubemx/CMakeFiles/STM32_Drivers.dir/__/__/Drivers/STM32G4xx_HAL_Driver/Src/stm32g4xx_hal_flash_ramfunc.c.obj
LOAD cmake/stm32cubemx/CMakeFiles/STM32_Drivers.dir/__/__/Drivers/STM32G4xx_HAL_Driver/Src/stm32g4xx_hal_gpio.c.obj
LOAD cmake/stm32cubemx/CMakeFiles/STM32_Drivers.dir/__/__/Drivers/STM32G4xx_HAL_Driver/Src/stm32g4xx_hal_exti.c.obj
LOAD cmake/stm32cubemx/CMakeFiles/STM32_Drivers.dir/__/__/Drivers/STM32G4xx_HAL_Driver/Src/stm32g4xx_hal_dma.c.obj
LOAD cmake/stm32cubemx/CMakeFiles/STM32_Drivers.dir/__/__/Drivers/STM32G4xx_HAL_Driver/Src/stm32g4xx_hal_dma_ex.c.obj
LOAD cmake/stm32cubemx/CMakeFiles/STM32_Drivers.dir/__/__/Drivers/STM32G4xx_HAL_Driver/Src/stm32g4xx_hal_pwr.c.obj
LOAD cmake/stm32cubemx/CMakeFiles/STM32_Drivers.dir/__/__/Drivers/STM32G4xx_HAL_Driver/Src/stm32g4xx_hal_pwr_ex.c.obj
LOAD cmake/stm32cubemx/CMakeFiles/STM32_Drivers.dir/__/__/Drivers/STM32G4xx_HAL_Driver/Src/stm32g4xx_hal_cortex.c.obj
LOAD cmake/stm32cubemx/CMakeFiles/STM32_Drivers.dir/__/__/Drivers/STM32G4xx_HAL_Driver/Src/stm32g4xx_hal_fdcan.c.obj
LOAD cmake/stm32cubemx/CMakeFiles/STM32_Drivers.dir/__/__/Drivers/STM32G4xx_HAL_Driver/Src/stm32g4xx_hal_spi.c.obj
LOAD cmake/stm32cubemx/CMakeFiles/STM32_Drivers.dir/__/__/Drivers/STM32G4xx_HAL_Driver/Src/stm32g4xx_hal_spi_ex.c.obj
LOAD cmake/stm32cubemx/CMakeFiles/STM32_Drivers.dir/__/__/Drivers/STM32G4xx_HAL_Driver/Src/stm32g4xx_hal_tim.c.obj
LOAD cmake/stm32cubemx/CMakeFiles/STM32_Drivers.dir/__/__/Drivers/STM32G4xx_HAL_Driver/Src/stm32g4xx_hal_tim_ex.c.obj
LOAD CMakeFiles/Driver_Interface_NucleoG474RE_firmware.dir/Core/Src/main.c.obj
LOAD CMakeFiles/Driver_Interface_NucleoG474RE_firmware.dir/Core/Src/stm32g4xx_it.c.obj
LOAD CMakeFiles/Driver_Interface_NucleoG474RE_firmware.dir/Core/Src/stm32g4xx_hal_msp.c.obj
LOAD CMakeFiles/Driver_Interface_NucleoG474RE_firmware.dir/Core/Src/sysmem.c.obj
LOAD CMakeFiles/Driver_Interface_NucleoG474RE_firmware.dir/Core/Src/syscalls.c.obj
LOAD CMakeFiles/Driver_Interface_NucleoG474RE_firmware.dir/startup_stm32g474xx.s.obj
LOAD CMakeFiles/Driver_Interface_NucleoG474RE_firmware.dir/Core/Src/SSD1322_OLED_lib/SSD1322_API.c.obj
LOAD CMakeFiles/Driver_Interface_NucleoG474RE_firmware.dir/Core/Src/SSD1322_OLED_lib/SSD1322_GFX.c.obj
LOAD CMakeFiles/Driver_Interface_NucleoG474RE_firmware.dir/Core/Src/SSD1322_OLED_lib/SSD1322_HW_Driver.c.obj
LOAD CMakeFiles/Driver_Interface_NucleoG474RE_firmware.dir/Core/Src/SSD1322_OLED_lib/SSD1322.c.obj
LOAD CMakeFiles/Driver_Interface_NucleoG474RE_firmware.dir/Core/Src/bsp.c.obj
LOAD CMakeFiles/Driver_Interface_NucleoG474RE_firmware.dir/Core/Src/comm.c.obj
LOAD CMakeFiles/Driver_Interface_NucleoG474RE_firmware.dir/Core/Src/display.c.obj
LOAD CMakeFiles/Driver_Interface_NucleoG474RE_firmware.dir/Core/Src/icu_globals.c.obj
LOAD CMakeFiles/Driver_Interface_NucleoG474RE_firmware.dir/Core/Src/input.c.obj
LOAD CMakeFiles/Driver_Interface_NucleoG474RE_firmware.dir/Core/Src/lights.c.obj
LOAD CMakeFiles/Driver_Interface_NucleoG474RE_firmware.dir/Core/Src/parts.c.obj
START GROUP
LOAD C:/ST/STM32CubeCLT_1.18.0/GNU-tools-for-STM32/bin/../lib/gcc/arm-none-eabi/13.3.1/thumb/v7e-m+fp/hard\libgcc.a
LOAD C:/ST/STM32CubeCLT_1.18.0/GNU-tools-for-STM32/bin/../lib/gcc/arm-none-eabi/13.3.1/../../../../arm-none-eabi/lib/thumb/v7e-m+fp/hard\libg_nano.a
LOAD C:/ST/STM32CubeCLT_1.18.0/GNU-tools-for-STM32/bin/../lib/gcc/arm-none-eabi/13.3.1/../../../../arm-none-eabi/lib/thumb/v7e-m+fp/hard\libc_nano.a
END GROUP
START GROUP
LOAD C:/ST/STM32CubeCLT_1.18.0/GNU-tools-for-STM32/bin/../lib/gcc/arm-none-eabi/13.3.1/thumb/v7e-m+fp/hard\libgcc.a
LOAD C:/ST/STM32CubeCLT_1.18.0/GNU-tools-for-STM32/bin/../lib/gcc/arm-none-eabi/13.3.1/../../../../arm-none-eabi/lib/thumb/v7e-m+fp/hard\libc_nano.a
END GROUP
LOAD C:/ST/STM32CubeCLT_1.18.0/GNU-tools-for-STM32/bin/../lib/gcc/arm-none-eabi/13.3.1/thumb/v7e-m+fp/hard/crtend.o
LOAD C:/ST/STM32CubeCLT_1.18.0/GNU-tools-for-STM32/bin/../lib/gcc/arm-none-eabi/13.3.1/thumb/v7e-m+fp/hard/crtn.o
                0x20020000                        _estack = (ORIGIN (RAM) + LENGTH (RAM))
                0x00000200                        _Min_Heap_Size = 0x200
                0x00000400                        _Min_Stack_Size = 0x400

.isr_vector     0x08000000      0x1d8
                0x08000000                        . = ALIGN (0x4)
 *(.isr_vector)
 .isr_vector    0x08000000      0x1d8 CMakeFiles/Driver_Interface_NucleoG474RE_firmware.dir/startup_stm32g474xx.s.obj
                0x08000000                g_pfnVectors
                0x080001d8                        . = ALIGN (0x4)

.text           0x080001e0     0xd338
                0x080001e0                        . = ALIGN (0x4)
 *(.text)
 .text          0x080001e0       0x40 C:/ST/STM32CubeCLT_1.18.0/GNU-tools-for-STM32/bin/../lib/gcc/arm-none-eabi/13.3.1/thumb/v7e-m+fp/hard/crtbegin.o
 .text          0x08000220       0xa0 C:/ST/STM32CubeCLT_1.18.0/GNU-tools-for-STM32/bin/../lib/gcc/arm-none-eabi/13.3.1/../../../../arm-none-eabi/lib/thumb/v7e-m+fp/hard\libc_nano.a(libc_a-memchr.o)
                0x08000220                memchr
 .text          0x080002c0       0x10 C:/ST/STM32CubeCLT_1.18.0/GNU-tools-for-STM32/bin/../lib/gcc/arm-none-eabi/13.3.1/../../../../arm-none-eabi/lib/thumb/v7e-m+fp/hard\libc_nano.a(libc_a-strlen.o)
                0x080002c0                strlen
 .text          0x080002d0      0x378 C:/ST/STM32CubeCLT_1.18.0/GNU-tools-for-STM32/bin/../lib/gcc/arm-none-eabi/13.3.1/thumb/v7e-m+fp/hard\libgcc.a(_arm_addsubdf3.o)
                0x080002d0                __aeabi_drsub
                0x080002d8                __aeabi_dsub
                0x080002d8                __subdf3
                0x080002dc                __aeabi_dadd
                0x080002dc                __adddf3
                0x08000554                __floatunsidf
                0x08000554                __aeabi_ui2d
                0x08000574                __floatsidf
                0x08000574                __aeabi_i2d
                0x08000598                __aeabi_f2d
                0x08000598                __extendsfdf2
                0x080005dc                __floatundidf
                0x080005dc                __aeabi_ul2d
                0x080005ec                __floatdidf
                0x080005ec                __aeabi_l2d
 .text          0x08000648      0x424 C:/ST/STM32CubeCLT_1.18.0/GNU-tools-for-STM32/bin/../lib/gcc/arm-none-eabi/13.3.1/thumb/v7e-m+fp/hard\libgcc.a(_arm_muldivdf3.o)
                0x08000648                __aeabi_dmul
                0x08000648                __muldf3
                0x0800089c                __divdf3
                0x0800089c                __aeabi_ddiv
 .text          0x08000a6c      0x110 C:/ST/STM32CubeCLT_1.18.0/GNU-tools-for-STM32/bin/../lib/gcc/arm-none-eabi/13.3.1/thumb/v7e-m+fp/hard\libgcc.a(_arm_cmpdf2.o)
                0x08000a6c                __gtdf2
                0x08000a6c                __gedf2
                0x08000a74                __ltdf2
                0x08000a74                __ledf2
                0x08000a7c                __nedf2
                0x08000a7c                __eqdf2
                0x08000a7c                __cmpdf2
                0x08000af8                __aeabi_cdrcmple
                0x08000b08                __aeabi_cdcmpeq
                0x08000b08                __aeabi_cdcmple
                0x08000b18                __aeabi_dcmpeq
                0x08000b2c                __aeabi_dcmplt
                0x08000b40                __aeabi_dcmple
                0x08000b54                __aeabi_dcmpge
                0x08000b68                __aeabi_dcmpgt
 .text          0x08000b7c       0x2c C:/ST/STM32CubeCLT_1.18.0/GNU-tools-for-STM32/bin/../lib/gcc/arm-none-eabi/13.3.1/thumb/v7e-m+fp/hard\libgcc.a(_arm_unorddf2.o)
                0x08000b7c                __unorddf2
                0x08000b7c                __aeabi_dcmpun
 .text          0x08000ba8       0x50 C:/ST/STM32CubeCLT_1.18.0/GNU-tools-for-STM32/bin/../lib/gcc/arm-none-eabi/13.3.1/thumb/v7e-m+fp/hard\libgcc.a(_arm_fixdfsi.o)
                0x08000ba8                __aeabi_d2iz
                0x08000ba8                __fixdfsi
 .text          0x08000bf8       0x40 C:/ST/STM32CubeCLT_1.18.0/GNU-tools-for-STM32/bin/../lib/gcc/arm-none-eabi/13.3.1/thumb/v7e-m+fp/hard\libgcc.a(_arm_fixunsdfsi.o)
                0x08000bf8                __aeabi_d2uiz
                0x08000bf8                __fixunsdfsi
 .text          0x08000c38       0xa0 C:/ST/STM32CubeCLT_1.18.0/GNU-tools-for-STM32/bin/../lib/gcc/arm-none-eabi/13.3.1/thumb/v7e-m+fp/hard\libgcc.a(_arm_truncdfsf2.o)
                0x08000c38                __truncdfsf2
                0x08000c38                __aeabi_d2f
 *(.text*)
 .text.__cvt    0x08000cd8       0xca C:/ST/STM32CubeCLT_1.18.0/GNU-tools-for-STM32/bin/../lib/gcc/arm-none-eabi/13.3.1/../../../../arm-none-eabi/lib/thumb/v7e-m+fp/hard\libc_nano.a(libc_a-nano-vfprintf_float.o)
                0x08000cd8                __cvt
 .text.__exponent
                0x08000da2       0x74 C:/ST/STM32CubeCLT_1.18.0/GNU-tools-for-STM32/bin/../lib/gcc/arm-none-eabi/13.3.1/../../../../arm-none-eabi/lib/thumb/v7e-m+fp/hard\libc_nano.a(libc_a-nano-vfprintf_float.o)
                0x08000da2                __exponent
 *fill*         0x08000e16        0x2 
 .text._printf_float
                0x08000e18      0x454 C:/ST/STM32CubeCLT_1.18.0/GNU-tools-for-STM32/bin/../lib/gcc/arm-none-eabi/13.3.1/../../../../arm-none-eabi/lib/thumb/v7e-m+fp/hard\libc_nano.a(libc_a-nano-vfprintf_float.o)
                0x08000e18                _printf_float
 .text._printf_common
                0x0800126c       0xda C:/ST/STM32CubeCLT_1.18.0/GNU-tools-for-STM32/bin/../lib/gcc/arm-none-eabi/13.3.1/../../../../arm-none-eabi/lib/thumb/v7e-m+fp/hard\libc_nano.a(libc_a-nano-vfprintf_i.o)
                0x0800126c                _printf_common
 *fill*         0x08001346        0x2 
 .text._printf_i
                0x08001348      0x23c C:/ST/STM32CubeCLT_1.18.0/GNU-tools-for-STM32/bin/../lib/gcc/arm-none-eabi/13.3.1/../../../../arm-none-eabi/lib/thumb/v7e-m+fp/hard\libc_nano.a(libc_a-nano-vfprintf_i.o)
                0x08001348                _printf_i
 .text.std      0x08001584       0x6c C:/ST/STM32CubeCLT_1.18.0/GNU-tools-for-STM32/bin/../lib/gcc/arm-none-eabi/13.3.1/../../../../arm-none-eabi/lib/thumb/v7e-m+fp/hard\libc_nano.a(libc_a-findfp.o)
 .text.stdio_exit_handler
                0x080015f0       0x18 C:/ST/STM32CubeCLT_1.18.0/GNU-tools-for-STM32/bin/../lib/gcc/arm-none-eabi/13.3.1/../../../../arm-none-eabi/lib/thumb/v7e-m+fp/hard\libc_nano.a(libc_a-findfp.o)
 .text.cleanup_stdio
                0x08001608       0x40 C:/ST/STM32CubeCLT_1.18.0/GNU-tools-for-STM32/bin/../lib/gcc/arm-none-eabi/13.3.1/../../../../arm-none-eabi/lib/thumb/v7e-m+fp/hard\libc_nano.a(libc_a-findfp.o)
 .text.global_stdio_init.part.0
                0x08001648       0x3c C:/ST/STM32CubeCLT_1.18.0/GNU-tools-for-STM32/bin/../lib/gcc/arm-none-eabi/13.3.1/../../../../arm-none-eabi/lib/thumb/v7e-m+fp/hard\libc_nano.a(libc_a-findfp.o)
 .text.__sfp_lock_acquire
                0x08001684        0xc C:/ST/STM32CubeCLT_1.18.0/GNU-tools-for-STM32/bin/../lib/gcc/arm-none-eabi/13.3.1/../../../../arm-none-eabi/lib/thumb/v7e-m+fp/hard\libc_nano.a(libc_a-findfp.o)
                0x08001684                __sfp_lock_acquire
 .text.__sfp_lock_release
                0x08001690        0xc C:/ST/STM32CubeCLT_1.18.0/GNU-tools-for-STM32/bin/../lib/gcc/arm-none-eabi/13.3.1/../../../../arm-none-eabi/lib/thumb/v7e-m+fp/hard\libc_nano.a(libc_a-findfp.o)
                0x08001690                __sfp_lock_release
 .text.__sinit  0x0800169c       0x30 C:/ST/STM32CubeCLT_1.18.0/GNU-tools-for-STM32/bin/../lib/gcc/arm-none-eabi/13.3.1/../../../../arm-none-eabi/lib/thumb/v7e-m+fp/hard\libc_nano.a(libc_a-findfp.o)
                0x0800169c                __sinit
 .text._fwalk_sglue
                0x080016cc       0x3c C:/ST/STM32CubeCLT_1.18.0/GNU-tools-for-STM32/bin/../lib/gcc/arm-none-eabi/13.3.1/../../../../arm-none-eabi/lib/thumb/v7e-m+fp/hard\libc_nano.a(libc_a-fwalk.o)
                0x080016cc                _fwalk_sglue
 .text.__sread  0x08001708       0x22 C:/ST/STM32CubeCLT_1.18.0/GNU-tools-for-STM32/bin/../lib/gcc/arm-none-eabi/13.3.1/../../../../arm-none-eabi/lib/thumb/v7e-m+fp/hard\libc_nano.a(libc_a-stdio.o)
                0x08001708                __sread
 .text.__swrite
                0x0800172a       0x38 C:/ST/STM32CubeCLT_1.18.0/GNU-tools-for-STM32/bin/../lib/gcc/arm-none-eabi/13.3.1/../../../../arm-none-eabi/lib/thumb/v7e-m+fp/hard\libc_nano.a(libc_a-stdio.o)
                0x0800172a                __swrite
 .text.__sseek  0x08001762       0x24 C:/ST/STM32CubeCLT_1.18.0/GNU-tools-for-STM32/bin/../lib/gcc/arm-none-eabi/13.3.1/../../../../arm-none-eabi/lib/thumb/v7e-m+fp/hard\libc_nano.a(libc_a-stdio.o)
                0x08001762                __sseek
 .text.__sclose
                0x08001786        0x8 C:/ST/STM32CubeCLT_1.18.0/GNU-tools-for-STM32/bin/../lib/gcc/arm-none-eabi/13.3.1/../../../../arm-none-eabi/lib/thumb/v7e-m+fp/hard\libc_nano.a(libc_a-stdio.o)
                0x08001786                __sclose
 .text.memset   0x0800178e       0x10 C:/ST/STM32CubeCLT_1.18.0/GNU-tools-for-STM32/bin/../lib/gcc/arm-none-eabi/13.3.1/../../../../arm-none-eabi/lib/thumb/v7e-m+fp/hard\libc_nano.a(libc_a-memset.o)
                0x0800178e                memset
 *fill*         0x0800179e        0x2 
 .text._localeconv_r
                0x080017a0        0x8 C:/ST/STM32CubeCLT_1.18.0/GNU-tools-for-STM32/bin/../lib/gcc/arm-none-eabi/13.3.1/../../../../arm-none-eabi/lib/thumb/v7e-m+fp/hard\libc_nano.a(libc_a-localeconv.o)
                0x080017a0                _localeconv_r
 .text._close_r
                0x080017a8       0x20 C:/ST/STM32CubeCLT_1.18.0/GNU-tools-for-STM32/bin/../lib/gcc/arm-none-eabi/13.3.1/../../../../arm-none-eabi/lib/thumb/v7e-m+fp/hard\libc_nano.a(libc_a-closer.o)
                0x080017a8                _close_r
 .text._lseek_r
                0x080017c8       0x24 C:/ST/STM32CubeCLT_1.18.0/GNU-tools-for-STM32/bin/../lib/gcc/arm-none-eabi/13.3.1/../../../../arm-none-eabi/lib/thumb/v7e-m+fp/hard\libc_nano.a(libc_a-lseekr.o)
                0x080017c8                _lseek_r
 .text._read_r  0x080017ec       0x24 C:/ST/STM32CubeCLT_1.18.0/GNU-tools-for-STM32/bin/../lib/gcc/arm-none-eabi/13.3.1/../../../../arm-none-eabi/lib/thumb/v7e-m+fp/hard\libc_nano.a(libc_a-readr.o)
                0x080017ec                _read_r
 .text._write_r
                0x08001810       0x24 C:/ST/STM32CubeCLT_1.18.0/GNU-tools-for-STM32/bin/../lib/gcc/arm-none-eabi/13.3.1/../../../../arm-none-eabi/lib/thumb/v7e-m+fp/hard\libc_nano.a(libc_a-writer.o)
                0x08001810                _write_r
 .text.__libc_init_array
                0x08001834       0x48 C:/ST/STM32CubeCLT_1.18.0/GNU-tools-for-STM32/bin/../lib/gcc/arm-none-eabi/13.3.1/../../../../arm-none-eabi/lib/thumb/v7e-m+fp/hard\libc_nano.a(libc_a-init.o)
                0x08001834                __libc_init_array
 .text.__retarget_lock_init_recursive
                0x0800187c        0x2 C:/ST/STM32CubeCLT_1.18.0/GNU-tools-for-STM32/bin/../lib/gcc/arm-none-eabi/13.3.1/../../../../arm-none-eabi/lib/thumb/v7e-m+fp/hard\libc_nano.a(libc_a-lock.o)
                0x0800187c                __retarget_lock_init_recursive
 .text.__retarget_lock_acquire_recursive
                0x0800187e        0x2 C:/ST/STM32CubeCLT_1.18.0/GNU-tools-for-STM32/bin/../lib/gcc/arm-none-eabi/13.3.1/../../../../arm-none-eabi/lib/thumb/v7e-m+fp/hard\libc_nano.a(libc_a-lock.o)
                0x0800187e                __retarget_lock_acquire_recursive
 .text.__retarget_lock_release_recursive
                0x08001880        0x2 C:/ST/STM32CubeCLT_1.18.0/GNU-tools-for-STM32/bin/../lib/gcc/arm-none-eabi/13.3.1/../../../../arm-none-eabi/lib/thumb/v7e-m+fp/hard\libc_nano.a(libc_a-lock.o)
                0x08001880                __retarget_lock_release_recursive
 .text.quorem   0x08001882      0x110 C:/ST/STM32CubeCLT_1.18.0/GNU-tools-for-STM32/bin/../lib/gcc/arm-none-eabi/13.3.1/../../../../arm-none-eabi/lib/thumb/v7e-m+fp/hard\libc_nano.a(libc_a-dtoa.o)
 *fill*         0x08001992        0x6 
 .text._dtoa_r  0x08001998      0xba0 C:/ST/STM32CubeCLT_1.18.0/GNU-tools-for-STM32/bin/../lib/gcc/arm-none-eabi/13.3.1/../../../../arm-none-eabi/lib/thumb/v7e-m+fp/hard\libc_nano.a(libc_a-dtoa.o)
                0x08001998                _dtoa_r
 .text._free_r  0x08002538       0x94 C:/ST/STM32CubeCLT_1.18.0/GNU-tools-for-STM32/bin/../lib/gcc/arm-none-eabi/13.3.1/../../../../arm-none-eabi/lib/thumb/v7e-m+fp/hard\libc_nano.a(libc_a-freer.o)
                0x08002538                _free_r
 .text.malloc   0x080025cc       0x10 C:/ST/STM32CubeCLT_1.18.0/GNU-tools-for-STM32/bin/../lib/gcc/arm-none-eabi/13.3.1/../../../../arm-none-eabi/lib/thumb/v7e-m+fp/hard\libc_nano.a(libc_a-malloc.o)
                0x080025cc                malloc
 .text.sbrk_aligned
                0x080025dc       0x44 C:/ST/STM32CubeCLT_1.18.0/GNU-tools-for-STM32/bin/../lib/gcc/arm-none-eabi/13.3.1/../../../../arm-none-eabi/lib/thumb/v7e-m+fp/hard\libc_nano.a(libc_a-mallocr.o)
 .text._malloc_r
                0x08002620      0x100 C:/ST/STM32CubeCLT_1.18.0/GNU-tools-for-STM32/bin/../lib/gcc/arm-none-eabi/13.3.1/../../../../arm-none-eabi/lib/thumb/v7e-m+fp/hard\libc_nano.a(libc_a-mallocr.o)
                0x08002620                _malloc_r
 .text.__malloc_lock
                0x08002720        0xc C:/ST/STM32CubeCLT_1.18.0/GNU-tools-for-STM32/bin/../lib/gcc/arm-none-eabi/13.3.1/../../../../arm-none-eabi/lib/thumb/v7e-m+fp/hard\libc_nano.a(libc_a-mlock.o)
                0x08002720                __malloc_lock
 .text.__malloc_unlock
                0x0800272c        0xc C:/ST/STM32CubeCLT_1.18.0/GNU-tools-for-STM32/bin/../lib/gcc/arm-none-eabi/13.3.1/../../../../arm-none-eabi/lib/thumb/v7e-m+fp/hard\libc_nano.a(libc_a-mlock.o)
                0x0800272c                __malloc_unlock
 .text._Balloc  0x08002738       0x80 C:/ST/STM32CubeCLT_1.18.0/GNU-tools-for-STM32/bin/../lib/gcc/arm-none-eabi/13.3.1/../../../../arm-none-eabi/lib/thumb/v7e-m+fp/hard\libc_nano.a(libc_a-mprec.o)
                0x08002738                _Balloc
 .text._Bfree   0x080027b8       0x44 C:/ST/STM32CubeCLT_1.18.0/GNU-tools-for-STM32/bin/../lib/gcc/arm-none-eabi/13.3.1/../../../../arm-none-eabi/lib/thumb/v7e-m+fp/hard\libc_nano.a(libc_a-mprec.o)
                0x080027b8                _Bfree
 .text.__multadd
                0x080027fc       0x8c C:/ST/STM32CubeCLT_1.18.0/GNU-tools-for-STM32/bin/../lib/gcc/arm-none-eabi/13.3.1/../../../../arm-none-eabi/lib/thumb/v7e-m+fp/hard\libc_nano.a(libc_a-mprec.o)
                0x080027fc                __multadd
 .text.__hi0bits
                0x08002888       0x3e C:/ST/STM32CubeCLT_1.18.0/GNU-tools-for-STM32/bin/../lib/gcc/arm-none-eabi/13.3.1/../../../../arm-none-eabi/lib/thumb/v7e-m+fp/hard\libc_nano.a(libc_a-mprec.o)
                0x08002888                __hi0bits
 .text.__lo0bits
                0x080028c6       0x5a C:/ST/STM32CubeCLT_1.18.0/GNU-tools-for-STM32/bin/../lib/gcc/arm-none-eabi/13.3.1/../../../../arm-none-eabi/lib/thumb/v7e-m+fp/hard\libc_nano.a(libc_a-mprec.o)
                0x080028c6                __lo0bits
 .text.__i2b    0x08002920       0x2c C:/ST/STM32CubeCLT_1.18.0/GNU-tools-for-STM32/bin/../lib/gcc/arm-none-eabi/13.3.1/../../../../arm-none-eabi/lib/thumb/v7e-m+fp/hard\libc_nano.a(libc_a-mprec.o)
                0x08002920                __i2b
 .text.__multiply
                0x0800294c      0x144 C:/ST/STM32CubeCLT_1.18.0/GNU-tools-for-STM32/bin/../lib/gcc/arm-none-eabi/13.3.1/../../../../arm-none-eabi/lib/thumb/v7e-m+fp/hard\libc_nano.a(libc_a-mprec.o)
                0x0800294c                __multiply
 .text.__pow5mult
                0x08002a90       0xb4 C:/ST/STM32CubeCLT_1.18.0/GNU-tools-for-STM32/bin/../lib/gcc/arm-none-eabi/13.3.1/../../../../arm-none-eabi/lib/thumb/v7e-m+fp/hard\libc_nano.a(libc_a-mprec.o)
                0x08002a90                __pow5mult
 .text.__lshift
                0x08002b44       0xd8 C:/ST/STM32CubeCLT_1.18.0/GNU-tools-for-STM32/bin/../lib/gcc/arm-none-eabi/13.3.1/../../../../arm-none-eabi/lib/thumb/v7e-m+fp/hard\libc_nano.a(libc_a-mprec.o)
                0x08002b44                __lshift
 .text.__mcmp   0x08002c1c       0x36 C:/ST/STM32CubeCLT_1.18.0/GNU-tools-for-STM32/bin/../lib/gcc/arm-none-eabi/13.3.1/../../../../arm-none-eabi/lib/thumb/v7e-m+fp/hard\libc_nano.a(libc_a-mprec.o)
                0x08002c1c                __mcmp
 *fill*         0x08002c52        0x2 
 .text.__mdiff  0x08002c54      0x128 C:/ST/STM32CubeCLT_1.18.0/GNU-tools-for-STM32/bin/../lib/gcc/arm-none-eabi/13.3.1/../../../../arm-none-eabi/lib/thumb/v7e-m+fp/hard\libc_nano.a(libc_a-mprec.o)
                0x08002c54                __mdiff
 .text.__d2b    0x08002d7c       0xb0 C:/ST/STM32CubeCLT_1.18.0/GNU-tools-for-STM32/bin/../lib/gcc/arm-none-eabi/13.3.1/../../../../arm-none-eabi/lib/thumb/v7e-m+fp/hard\libc_nano.a(libc_a-mprec.o)
                0x08002d7c                __d2b
 .text.__sflush_r
                0x08002e2c      0x108 C:/ST/STM32CubeCLT_1.18.0/GNU-tools-for-STM32/bin/../lib/gcc/arm-none-eabi/13.3.1/../../../../arm-none-eabi/lib/thumb/v7e-m+fp/hard\libc_nano.a(libc_a-fflush.o)
                0x08002e2c                __sflush_r
 .text._fflush_r
                0x08002f34       0x50 C:/ST/STM32CubeCLT_1.18.0/GNU-tools-for-STM32/bin/../lib/gcc/arm-none-eabi/13.3.1/../../../../arm-none-eabi/lib/thumb/v7e-m+fp/hard\libc_nano.a(libc_a-fflush.o)
                0x08002f34                _fflush_r
 .text._sbrk_r  0x08002f84       0x20 C:/ST/STM32CubeCLT_1.18.0/GNU-tools-for-STM32/bin/../lib/gcc/arm-none-eabi/13.3.1/../../../../arm-none-eabi/lib/thumb/v7e-m+fp/hard\libc_nano.a(libc_a-sbrkr.o)
                0x08002f84                _sbrk_r
 .text.memcpy   0x08002fa4       0x1c C:/ST/STM32CubeCLT_1.18.0/GNU-tools-for-STM32/bin/../lib/gcc/arm-none-eabi/13.3.1/../../../../arm-none-eabi/lib/thumb/v7e-m+fp/hard\libc_nano.a(libc_a-memcpy-stub.o)
                0x08002fa4                memcpy
 .text.__assert_func
                0x08002fc0       0x3c C:/ST/STM32CubeCLT_1.18.0/GNU-tools-for-STM32/bin/../lib/gcc/arm-none-eabi/13.3.1/../../../../arm-none-eabi/lib/thumb/v7e-m+fp/hard\libc_nano.a(libc_a-assert.o)
                0x08002fc0                __assert_func
 .text._calloc_r
                0x08002ffc       0x28 C:/ST/STM32CubeCLT_1.18.0/GNU-tools-for-STM32/bin/../lib/gcc/arm-none-eabi/13.3.1/../../../../arm-none-eabi/lib/thumb/v7e-m+fp/hard\libc_nano.a(libc_a-callocr.o)
                0x08002ffc                _calloc_r
 .text.__ascii_mbtowc
                0x08003024       0x24 C:/ST/STM32CubeCLT_1.18.0/GNU-tools-for-STM32/bin/../lib/gcc/arm-none-eabi/13.3.1/../../../../arm-none-eabi/lib/thumb/v7e-m+fp/hard\libc_nano.a(libc_a-mbtowc_r.o)
                0x08003024                __ascii_mbtowc
 .text.__ascii_wctomb
                0x08003048       0x1a C:/ST/STM32CubeCLT_1.18.0/GNU-tools-for-STM32/bin/../lib/gcc/arm-none-eabi/13.3.1/../../../../arm-none-eabi/lib/thumb/v7e-m+fp/hard\libc_nano.a(libc_a-wctomb_r.o)
                0x08003048                __ascii_wctomb
 *fill*         0x08003062        0x2 
 .text.fprintf  0x08003064       0x24 C:/ST/STM32CubeCLT_1.18.0/GNU-tools-for-STM32/bin/../lib/gcc/arm-none-eabi/13.3.1/../../../../arm-none-eabi/lib/thumb/v7e-m+fp/hard\libc_nano.a(libc_a-fprintf.o)
                0x08003064                fiprintf
                0x08003064                fprintf
 .text.abort    0x08003088        0xe C:/ST/STM32CubeCLT_1.18.0/GNU-tools-for-STM32/bin/../lib/gcc/arm-none-eabi/13.3.1/../../../../arm-none-eabi/lib/thumb/v7e-m+fp/hard\libc_nano.a(libc_a-abort.o)
                0x08003088                abort
 .text.__sfputc_r
                0x08003096       0x2e C:/ST/STM32CubeCLT_1.18.0/GNU-tools-for-STM32/bin/../lib/gcc/arm-none-eabi/13.3.1/../../../../arm-none-eabi/lib/thumb/v7e-m+fp/hard\libc_nano.a(libc_a-nano-vfprintf.o)
 .text.__sfputs_r
                0x080030c4       0x24 C:/ST/STM32CubeCLT_1.18.0/GNU-tools-for-STM32/bin/../lib/gcc/arm-none-eabi/13.3.1/../../../../arm-none-eabi/lib/thumb/v7e-m+fp/hard\libc_nano.a(libc_a-nano-vfprintf.o)
                0x080030c4                __sfputs_r
 .text._vfprintf_r
                0x080030e8      0x230 C:/ST/STM32CubeCLT_1.18.0/GNU-tools-for-STM32/bin/../lib/gcc/arm-none-eabi/13.3.1/../../../../arm-none-eabi/lib/thumb/v7e-m+fp/hard\libc_nano.a(libc_a-nano-vfprintf.o)
                0x080030e8                _vfprintf_r
                0x080030e8                _vfiprintf_r
 .text.__swbuf_r
                0x08003318       0x7c C:/ST/STM32CubeCLT_1.18.0/GNU-tools-for-STM32/bin/../lib/gcc/arm-none-eabi/13.3.1/../../../../arm-none-eabi/lib/thumb/v7e-m+fp/hard\libc_nano.a(libc_a-wbuf.o)
                0x08003318                __swbuf_r
 .text.__swsetup_r
                0x08003394       0xac C:/ST/STM32CubeCLT_1.18.0/GNU-tools-for-STM32/bin/../lib/gcc/arm-none-eabi/13.3.1/../../../../arm-none-eabi/lib/thumb/v7e-m+fp/hard\libc_nano.a(libc_a-wsetup.o)
                0x08003394                __swsetup_r
 .text.memmove  0x08003440       0x34 C:/ST/STM32CubeCLT_1.18.0/GNU-tools-for-STM32/bin/../lib/gcc/arm-none-eabi/13.3.1/../../../../arm-none-eabi/lib/thumb/v7e-m+fp/hard\libc_nano.a(libc_a-memmove.o)
                0x08003440                memmove
 .text._raise_r
                0x08003474       0x50 C:/ST/STM32CubeCLT_1.18.0/GNU-tools-for-STM32/bin/../lib/gcc/arm-none-eabi/13.3.1/../../../../arm-none-eabi/lib/thumb/v7e-m+fp/hard\libc_nano.a(libc_a-signal.o)
                0x08003474                _raise_r
 .text.raise    0x080034c4       0x10 C:/ST/STM32CubeCLT_1.18.0/GNU-tools-for-STM32/bin/../lib/gcc/arm-none-eabi/13.3.1/../../../../arm-none-eabi/lib/thumb/v7e-m+fp/hard\libc_nano.a(libc_a-signal.o)
                0x080034c4                raise
 .text._kill_r  0x080034d4       0x24 C:/ST/STM32CubeCLT_1.18.0/GNU-tools-for-STM32/bin/../lib/gcc/arm-none-eabi/13.3.1/../../../../arm-none-eabi/lib/thumb/v7e-m+fp/hard\libc_nano.a(libc_a-signalr.o)
                0x080034d4                _kill_r
 .text._getpid_r
                0x080034f8        0x4 C:/ST/STM32CubeCLT_1.18.0/GNU-tools-for-STM32/bin/../lib/gcc/arm-none-eabi/13.3.1/../../../../arm-none-eabi/lib/thumb/v7e-m+fp/hard\libc_nano.a(libc_a-signalr.o)
                0x080034f8                _getpid_r
 .text._realloc_r
                0x080034fc       0x5c C:/ST/STM32CubeCLT_1.18.0/GNU-tools-for-STM32/bin/../lib/gcc/arm-none-eabi/13.3.1/../../../../arm-none-eabi/lib/thumb/v7e-m+fp/hard\libc_nano.a(libc_a-reallocr.o)
                0x080034fc                _realloc_r
 .text.__swhatbuf_r
                0x08003558       0x4c C:/ST/STM32CubeCLT_1.18.0/GNU-tools-for-STM32/bin/../lib/gcc/arm-none-eabi/13.3.1/../../../../arm-none-eabi/lib/thumb/v7e-m+fp/hard\libc_nano.a(libc_a-makebuf.o)
                0x08003558                __swhatbuf_r
 .text.__smakebuf_r
                0x080035a4       0x78 C:/ST/STM32CubeCLT_1.18.0/GNU-tools-for-STM32/bin/../lib/gcc/arm-none-eabi/13.3.1/../../../../arm-none-eabi/lib/thumb/v7e-m+fp/hard\libc_nano.a(libc_a-makebuf.o)
                0x080035a4                __smakebuf_r
 .text._fstat_r
                0x0800361c       0x24 C:/ST/STM32CubeCLT_1.18.0/GNU-tools-for-STM32/bin/../lib/gcc/arm-none-eabi/13.3.1/../../../../arm-none-eabi/lib/thumb/v7e-m+fp/hard\libc_nano.a(libc_a-fstatr.o)
                0x0800361c                _fstat_r
 .text._isatty_r
                0x08003640       0x20 C:/ST/STM32CubeCLT_1.18.0/GNU-tools-for-STM32/bin/../lib/gcc/arm-none-eabi/13.3.1/../../../../arm-none-eabi/lib/thumb/v7e-m+fp/hard\libc_nano.a(libc_a-isattyr.o)
                0x08003640                _isatty_r
 .text._malloc_usable_size_r
                0x08003660       0x10 C:/ST/STM32CubeCLT_1.18.0/GNU-tools-for-STM32/bin/../lib/gcc/arm-none-eabi/13.3.1/../../../../arm-none-eabi/lib/thumb/v7e-m+fp/hard\libc_nano.a(libc_a-msizer.o)
                0x08003660                _malloc_usable_size_r
 .text.SystemInit
                0x08003670       0x24 cmake/stm32cubemx/CMakeFiles/STM32_Drivers.dir/__/__/Core/Src/system_stm32g4xx.c.obj
                0x08003670                SystemInit
 .text.LL_ADC_SetCommonClock
                0x08003694       0x26 cmake/stm32cubemx/CMakeFiles/STM32_Drivers.dir/__/__/Drivers/STM32G4xx_HAL_Driver/Src/stm32g4xx_hal_adc.c.obj
 .text.LL_ADC_SetCommonPathInternalCh
                0x080036ba       0x26 cmake/stm32cubemx/CMakeFiles/STM32_Drivers.dir/__/__/Drivers/STM32G4xx_HAL_Driver/Src/stm32g4xx_hal_adc.c.obj
 .text.LL_ADC_GetCommonPathInternalCh
                0x080036e0       0x1c cmake/stm32cubemx/CMakeFiles/STM32_Drivers.dir/__/__/Drivers/STM32G4xx_HAL_Driver/Src/stm32g4xx_hal_adc.c.obj
 .text.LL_ADC_SetOffset
                0x080036fc       0x48 cmake/stm32cubemx/CMakeFiles/STM32_Drivers.dir/__/__/Drivers/STM32G4xx_HAL_Driver/Src/stm32g4xx_hal_adc.c.obj
 .text.LL_ADC_GetOffsetChannel
                0x08003744       0x2c cmake/stm32cubemx/CMakeFiles/STM32_Drivers.dir/__/__/Drivers/STM32G4xx_HAL_Driver/Src/stm32g4xx_hal_adc.c.obj
 .text.LL_ADC_SetOffsetState
                0x08003770       0x36 cmake/stm32cubemx/CMakeFiles/STM32_Drivers.dir/__/__/Drivers/STM32G4xx_HAL_Driver/Src/stm32g4xx_hal_adc.c.obj
 .text.LL_ADC_SetOffsetSign
                0x080037a6       0x36 cmake/stm32cubemx/CMakeFiles/STM32_Drivers.dir/__/__/Drivers/STM32G4xx_HAL_Driver/Src/stm32g4xx_hal_adc.c.obj
 .text.LL_ADC_SetOffsetSaturation
                0x080037dc       0x36 cmake/stm32cubemx/CMakeFiles/STM32_Drivers.dir/__/__/Drivers/STM32G4xx_HAL_Driver/Src/stm32g4xx_hal_adc.c.obj
 .text.LL_ADC_SetSamplingTimeCommonConfig
                0x08003812       0x26 cmake/stm32cubemx/CMakeFiles/STM32_Drivers.dir/__/__/Drivers/STM32G4xx_HAL_Driver/Src/stm32g4xx_hal_adc.c.obj
 .text.LL_ADC_REG_IsTriggerSourceSWStart
                0x08003838       0x26 cmake/stm32cubemx/CMakeFiles/STM32_Drivers.dir/__/__/Drivers/STM32G4xx_HAL_Driver/Src/stm32g4xx_hal_adc.c.obj
 .text.LL_ADC_REG_SetSequencerRanks
                0x0800385e       0x58 cmake/stm32cubemx/CMakeFiles/STM32_Drivers.dir/__/__/Drivers/STM32G4xx_HAL_Driver/Src/stm32g4xx_hal_adc.c.obj
 .text.LL_ADC_INJ_IsTriggerSourceSWStart
                0x080038b6       0x26 cmake/stm32cubemx/CMakeFiles/STM32_Drivers.dir/__/__/Drivers/STM32G4xx_HAL_Driver/Src/stm32g4xx_hal_adc.c.obj
 .text.LL_ADC_SetChannelSamplingTime
                0x080038dc       0x56 cmake/stm32cubemx/CMakeFiles/STM32_Drivers.dir/__/__/Drivers/STM32G4xx_HAL_Driver/Src/stm32g4xx_hal_adc.c.obj
 *fill*         0x08003932        0x2 
 .text.LL_ADC_SetChannelSingleDiff
                0x08003934       0x48 cmake/stm32cubemx/CMakeFiles/STM32_Drivers.dir/__/__/Drivers/STM32G4xx_HAL_Driver/Src/stm32g4xx_hal_adc.c.obj
 .text.LL_ADC_GetMultimode
                0x0800397c       0x1c cmake/stm32cubemx/CMakeFiles/STM32_Drivers.dir/__/__/Drivers/STM32G4xx_HAL_Driver/Src/stm32g4xx_hal_adc.c.obj
 .text.LL_ADC_GetMultiDMATransfer
                0x08003998       0x1c cmake/stm32cubemx/CMakeFiles/STM32_Drivers.dir/__/__/Drivers/STM32G4xx_HAL_Driver/Src/stm32g4xx_hal_adc.c.obj
 .text.LL_ADC_DisableDeepPowerDown
                0x080039b4       0x24 cmake/stm32cubemx/CMakeFiles/STM32_Drivers.dir/__/__/Drivers/STM32G4xx_HAL_Driver/Src/stm32g4xx_hal_adc.c.obj
 .text.LL_ADC_IsDeepPowerDownEnabled
                0x080039d8       0x28 cmake/stm32cubemx/CMakeFiles/STM32_Drivers.dir/__/__/Drivers/STM32G4xx_HAL_Driver/Src/stm32g4xx_hal_adc.c.obj
 .text.LL_ADC_EnableInternalRegulator
                0x08003a00       0x28 cmake/stm32cubemx/CMakeFiles/STM32_Drivers.dir/__/__/Drivers/STM32G4xx_HAL_Driver/Src/stm32g4xx_hal_adc.c.obj
 .text.LL_ADC_IsInternalRegulatorEnabled
                0x08003a28       0x28 cmake/stm32cubemx/CMakeFiles/STM32_Drivers.dir/__/__/Drivers/STM32G4xx_HAL_Driver/Src/stm32g4xx_hal_adc.c.obj
 .text.LL_ADC_Enable
                0x08003a50       0x28 cmake/stm32cubemx/CMakeFiles/STM32_Drivers.dir/__/__/Drivers/STM32G4xx_HAL_Driver/Src/stm32g4xx_hal_adc.c.obj
 .text.LL_ADC_IsEnabled
                0x08003a78       0x26 cmake/stm32cubemx/CMakeFiles/STM32_Drivers.dir/__/__/Drivers/STM32G4xx_HAL_Driver/Src/stm32g4xx_hal_adc.c.obj
 .text.LL_ADC_REG_StartConversion
                0x08003a9e       0x28 cmake/stm32cubemx/CMakeFiles/STM32_Drivers.dir/__/__/Drivers/STM32G4xx_HAL_Driver/Src/stm32g4xx_hal_adc.c.obj
 .text.LL_ADC_REG_IsConversionOngoing
                0x08003ac6       0x26 cmake/stm32cubemx/CMakeFiles/STM32_Drivers.dir/__/__/Drivers/STM32G4xx_HAL_Driver/Src/stm32g4xx_hal_adc.c.obj
 .text.LL_ADC_INJ_IsConversionOngoing
                0x08003aec       0x26 cmake/stm32cubemx/CMakeFiles/STM32_Drivers.dir/__/__/Drivers/STM32G4xx_HAL_Driver/Src/stm32g4xx_hal_adc.c.obj
 *fill*         0x08003b12        0x2 
 .text.HAL_ADC_Init
                0x08003b14      0x378 cmake/stm32cubemx/CMakeFiles/STM32_Drivers.dir/__/__/Drivers/STM32G4xx_HAL_Driver/Src/stm32g4xx_hal_adc.c.obj
                0x08003b14                HAL_ADC_Init
 .text.HAL_ADC_Start_DMA
                0x08003e8c      0x1a8 cmake/stm32cubemx/CMakeFiles/STM32_Drivers.dir/__/__/Drivers/STM32G4xx_HAL_Driver/Src/stm32g4xx_hal_adc.c.obj
                0x08003e8c                HAL_ADC_Start_DMA
 .text.HAL_ADC_IRQHandler
                0x08004034      0x4c0 cmake/stm32cubemx/CMakeFiles/STM32_Drivers.dir/__/__/Drivers/STM32G4xx_HAL_Driver/Src/stm32g4xx_hal_adc.c.obj
                0x08004034                HAL_ADC_IRQHandler
 .text.HAL_ADC_ConvHalfCpltCallback
                0x080044f4       0x14 cmake/stm32cubemx/CMakeFiles/STM32_Drivers.dir/__/__/Drivers/STM32G4xx_HAL_Driver/Src/stm32g4xx_hal_adc.c.obj
                0x080044f4                HAL_ADC_ConvHalfCpltCallback
 .text.HAL_ADC_LevelOutOfWindowCallback
                0x08004508       0x14 cmake/stm32cubemx/CMakeFiles/STM32_Drivers.dir/__/__/Drivers/STM32G4xx_HAL_Driver/Src/stm32g4xx_hal_adc.c.obj
                0x08004508                HAL_ADC_LevelOutOfWindowCallback
 .text.HAL_ADC_ErrorCallback
                0x0800451c       0x14 cmake/stm32cubemx/CMakeFiles/STM32_Drivers.dir/__/__/Drivers/STM32G4xx_HAL_Driver/Src/stm32g4xx_hal_adc.c.obj
                0x0800451c                HAL_ADC_ErrorCallback
 .text.HAL_ADC_ConfigChannel
                0x08004530      0x880 cmake/stm32cubemx/CMakeFiles/STM32_Drivers.dir/__/__/Drivers/STM32G4xx_HAL_Driver/Src/stm32g4xx_hal_adc.c.obj
                0x08004530                HAL_ADC_ConfigChannel
 .text.ADC_Enable
                0x08004db0      0x12c cmake/stm32cubemx/CMakeFiles/STM32_Drivers.dir/__/__/Drivers/STM32G4xx_HAL_Driver/Src/stm32g4xx_hal_adc.c.obj
                0x08004db0                ADC_Enable
 .text.ADC_DMAConvCplt
                0x08004edc       0xd8 cmake/stm32cubemx/CMakeFiles/STM32_Drivers.dir/__/__/Drivers/STM32G4xx_HAL_Driver/Src/stm32g4xx_hal_adc.c.obj
                0x08004edc                ADC_DMAConvCplt
 .text.ADC_DMAHalfConvCplt
                0x08004fb4       0x1c cmake/stm32cubemx/CMakeFiles/STM32_Drivers.dir/__/__/Drivers/STM32G4xx_HAL_Driver/Src/stm32g4xx_hal_adc.c.obj
                0x08004fb4                ADC_DMAHalfConvCplt
 .text.ADC_DMAError
                0x08004fd0       0x34 cmake/stm32cubemx/CMakeFiles/STM32_Drivers.dir/__/__/Drivers/STM32G4xx_HAL_Driver/Src/stm32g4xx_hal_adc.c.obj
                0x08004fd0                ADC_DMAError
 .text.LL_ADC_IsEnabled
                0x08005004       0x26 cmake/stm32cubemx/CMakeFiles/STM32_Drivers.dir/__/__/Drivers/STM32G4xx_HAL_Driver/Src/stm32g4xx_hal_adc_ex.c.obj
 .text.LL_ADC_REG_IsConversionOngoing
                0x0800502a       0x26 cmake/stm32cubemx/CMakeFiles/STM32_Drivers.dir/__/__/Drivers/STM32G4xx_HAL_Driver/Src/stm32g4xx_hal_adc_ex.c.obj
 .text.HAL_ADCEx_InjectedConvCpltCallback
                0x08005050       0x14 cmake/stm32cubemx/CMakeFiles/STM32_Drivers.dir/__/__/Drivers/STM32G4xx_HAL_Driver/Src/stm32g4xx_hal_adc_ex.c.obj
                0x08005050                HAL_ADCEx_InjectedConvCpltCallback
 .text.HAL_ADCEx_InjectedQueueOverflowCallback
                0x08005064       0x14 cmake/stm32cubemx/CMakeFiles/STM32_Drivers.dir/__/__/Drivers/STM32G4xx_HAL_Driver/Src/stm32g4xx_hal_adc_ex.c.obj
                0x08005064                HAL_ADCEx_InjectedQueueOverflowCallback
 .text.HAL_ADCEx_LevelOutOfWindow2Callback
                0x08005078       0x14 cmake/stm32cubemx/CMakeFiles/STM32_Drivers.dir/__/__/Drivers/STM32G4xx_HAL_Driver/Src/stm32g4xx_hal_adc_ex.c.obj
                0x08005078                HAL_ADCEx_LevelOutOfWindow2Callback
 .text.HAL_ADCEx_LevelOutOfWindow3Callback
                0x0800508c       0x14 cmake/stm32cubemx/CMakeFiles/STM32_Drivers.dir/__/__/Drivers/STM32G4xx_HAL_Driver/Src/stm32g4xx_hal_adc_ex.c.obj
                0x0800508c                HAL_ADCEx_LevelOutOfWindow3Callback
 .text.HAL_ADCEx_EndOfSamplingCallback
                0x080050a0       0x14 cmake/stm32cubemx/CMakeFiles/STM32_Drivers.dir/__/__/Drivers/STM32G4xx_HAL_Driver/Src/stm32g4xx_hal_adc_ex.c.obj
                0x080050a0                HAL_ADCEx_EndOfSamplingCallback
 .text.HAL_ADCEx_MultiModeConfigChannel
                0x080050b4      0x210 cmake/stm32cubemx/CMakeFiles/STM32_Drivers.dir/__/__/Drivers/STM32G4xx_HAL_Driver/Src/stm32g4xx_hal_adc_ex.c.obj
                0x080050b4                HAL_ADCEx_MultiModeConfigChannel
 .text.HAL_Init
                0x080052c4       0x30 cmake/stm32cubemx/CMakeFiles/STM32_Drivers.dir/__/__/Drivers/STM32G4xx_HAL_Driver/Src/stm32g4xx_hal.c.obj
                0x080052c4                HAL_Init
 .text.HAL_InitTick
                0x080052f4       0x74 cmake/stm32cubemx/CMakeFiles/STM32_Drivers.dir/__/__/Drivers/STM32G4xx_HAL_Driver/Src/stm32g4xx_hal.c.obj
                0x080052f4                HAL_InitTick
 .text.HAL_IncTick
                0x08005368       0x24 cmake/stm32cubemx/CMakeFiles/STM32_Drivers.dir/__/__/Drivers/STM32G4xx_HAL_Driver/Src/stm32g4xx_hal.c.obj
                0x08005368                HAL_IncTick
 .text.HAL_GetTick
                0x0800538c       0x18 cmake/stm32cubemx/CMakeFiles/STM32_Drivers.dir/__/__/Drivers/STM32G4xx_HAL_Driver/Src/stm32g4xx_hal.c.obj
                0x0800538c                HAL_GetTick
 .text.HAL_Delay
                0x080053a4       0x44 cmake/stm32cubemx/CMakeFiles/STM32_Drivers.dir/__/__/Drivers/STM32G4xx_HAL_Driver/Src/stm32g4xx_hal.c.obj
                0x080053a4                HAL_Delay
 .text.HAL_RCC_OscConfig
                0x080053e8      0x624 cmake/stm32cubemx/CMakeFiles/STM32_Drivers.dir/__/__/Drivers/STM32G4xx_HAL_Driver/Src/stm32g4xx_hal_rcc.c.obj
                0x080053e8                HAL_RCC_OscConfig
 .text.HAL_RCC_ClockConfig
                0x08005a0c      0x278 cmake/stm32cubemx/CMakeFiles/STM32_Drivers.dir/__/__/Drivers/STM32G4xx_HAL_Driver/Src/stm32g4xx_hal_rcc.c.obj
                0x08005a0c                HAL_RCC_ClockConfig
 .text.HAL_RCC_GetSysClockFreq
                0x08005c84       0xc4 cmake/stm32cubemx/CMakeFiles/STM32_Drivers.dir/__/__/Drivers/STM32G4xx_HAL_Driver/Src/stm32g4xx_hal_rcc.c.obj
                0x08005c84                HAL_RCC_GetSysClockFreq
 .text.RCC_GetSysClockFreqFromPLLSource
                0x08005d48       0x8c cmake/stm32cubemx/CMakeFiles/STM32_Drivers.dir/__/__/Drivers/STM32G4xx_HAL_Driver/Src/stm32g4xx_hal_rcc.c.obj
 .text.HAL_RCCEx_PeriphCLKConfig
                0x08005dd4      0x49c cmake/stm32cubemx/CMakeFiles/STM32_Drivers.dir/__/__/Drivers/STM32G4xx_HAL_Driver/Src/stm32g4xx_hal_rcc_ex.c.obj
                0x08005dd4                HAL_RCCEx_PeriphCLKConfig
 .text.HAL_GPIO_Init
                0x08006270      0x304 cmake/stm32cubemx/CMakeFiles/STM32_Drivers.dir/__/__/Drivers/STM32G4xx_HAL_Driver/Src/stm32g4xx_hal_gpio.c.obj
                0x08006270                HAL_GPIO_Init
 .text.HAL_GPIO_ReadPin
                0x08006574       0x30 cmake/stm32cubemx/CMakeFiles/STM32_Drivers.dir/__/__/Drivers/STM32G4xx_HAL_Driver/Src/stm32g4xx_hal_gpio.c.obj
                0x08006574                HAL_GPIO_ReadPin
 .text.HAL_GPIO_WritePin
                0x080065a4       0x30 cmake/stm32cubemx/CMakeFiles/STM32_Drivers.dir/__/__/Drivers/STM32G4xx_HAL_Driver/Src/stm32g4xx_hal_gpio.c.obj
                0x080065a4                HAL_GPIO_WritePin
 .text.HAL_GPIO_EXTI_IRQHandler
                0x080065d4       0x30 cmake/stm32cubemx/CMakeFiles/STM32_Drivers.dir/__/__/Drivers/STM32G4xx_HAL_Driver/Src/stm32g4xx_hal_gpio.c.obj
                0x080065d4                HAL_GPIO_EXTI_IRQHandler
 .text.HAL_DMA_Init
                0x08006604      0x150 cmake/stm32cubemx/CMakeFiles/STM32_Drivers.dir/__/__/Drivers/STM32G4xx_HAL_Driver/Src/stm32g4xx_hal_dma.c.obj
                0x08006604                HAL_DMA_Init
 .text.HAL_DMA_Start_IT
                0x08006754       0xf6 cmake/stm32cubemx/CMakeFiles/STM32_Drivers.dir/__/__/Drivers/STM32G4xx_HAL_Driver/Src/stm32g4xx_hal_dma.c.obj
                0x08006754                HAL_DMA_Start_IT
 .text.HAL_DMA_IRQHandler
                0x0800684a      0x15e cmake/stm32cubemx/CMakeFiles/STM32_Drivers.dir/__/__/Drivers/STM32G4xx_HAL_Driver/Src/stm32g4xx_hal_dma.c.obj
                0x0800684a                HAL_DMA_IRQHandler
 .text.DMA_SetConfig
                0x080069a8       0x7c cmake/stm32cubemx/CMakeFiles/STM32_Drivers.dir/__/__/Drivers/STM32G4xx_HAL_Driver/Src/stm32g4xx_hal_dma.c.obj
 .text.DMA_CalcDMAMUXChannelBaseAndMask
                0x08006a24       0x7c cmake/stm32cubemx/CMakeFiles/STM32_Drivers.dir/__/__/Drivers/STM32G4xx_HAL_Driver/Src/stm32g4xx_hal_dma.c.obj
 .text.DMA_CalcDMAMUXRequestGenBaseAndMask
                0x08006aa0       0x48 cmake/stm32cubemx/CMakeFiles/STM32_Drivers.dir/__/__/Drivers/STM32G4xx_HAL_Driver/Src/stm32g4xx_hal_dma.c.obj
 .text.HAL_PWREx_ControlVoltageScaling
                0x08006ae8      0x148 cmake/stm32cubemx/CMakeFiles/STM32_Drivers.dir/__/__/Drivers/STM32G4xx_HAL_Driver/Src/stm32g4xx_hal_pwr_ex.c.obj
                0x08006ae8                HAL_PWREx_ControlVoltageScaling
 .text.HAL_PWREx_DisableUCPDDeadBattery
                0x08006c30       0x20 cmake/stm32cubemx/CMakeFiles/STM32_Drivers.dir/__/__/Drivers/STM32G4xx_HAL_Driver/Src/stm32g4xx_hal_pwr_ex.c.obj
                0x08006c30                HAL_PWREx_DisableUCPDDeadBattery
 .text.__NVIC_SetPriorityGrouping
                0x08006c50       0x48 cmake/stm32cubemx/CMakeFiles/STM32_Drivers.dir/__/__/Drivers/STM32G4xx_HAL_Driver/Src/stm32g4xx_hal_cortex.c.obj
 .text.__NVIC_GetPriorityGrouping
                0x08006c98       0x1c cmake/stm32cubemx/CMakeFiles/STM32_Drivers.dir/__/__/Drivers/STM32G4xx_HAL_Driver/Src/stm32g4xx_hal_cortex.c.obj
 .text.__NVIC_EnableIRQ
                0x08006cb4       0x3c cmake/stm32cubemx/CMakeFiles/STM32_Drivers.dir/__/__/Drivers/STM32G4xx_HAL_Driver/Src/stm32g4xx_hal_cortex.c.obj
 .text.__NVIC_SetPriority
                0x08006cf0       0x54 cmake/stm32cubemx/CMakeFiles/STM32_Drivers.dir/__/__/Drivers/STM32G4xx_HAL_Driver/Src/stm32g4xx_hal_cortex.c.obj
 .text.NVIC_EncodePriority
                0x08006d44       0x66 cmake/stm32cubemx/CMakeFiles/STM32_Drivers.dir/__/__/Drivers/STM32G4xx_HAL_Driver/Src/stm32g4xx_hal_cortex.c.obj
 *fill*         0x08006daa        0x2 
 .text.SysTick_Config
                0x08006dac       0x44 cmake/stm32cubemx/CMakeFiles/STM32_Drivers.dir/__/__/Drivers/STM32G4xx_HAL_Driver/Src/stm32g4xx_hal_cortex.c.obj
 .text.HAL_NVIC_SetPriorityGrouping
                0x08006df0       0x16 cmake/stm32cubemx/CMakeFiles/STM32_Drivers.dir/__/__/Drivers/STM32G4xx_HAL_Driver/Src/stm32g4xx_hal_cortex.c.obj
                0x08006df0                HAL_NVIC_SetPriorityGrouping
 .text.HAL_NVIC_SetPriority
                0x08006e06       0x34 cmake/stm32cubemx/CMakeFiles/STM32_Drivers.dir/__/__/Drivers/STM32G4xx_HAL_Driver/Src/stm32g4xx_hal_cortex.c.obj
                0x08006e06                HAL_NVIC_SetPriority
 .text.HAL_NVIC_EnableIRQ
                0x08006e3a       0x1c cmake/stm32cubemx/CMakeFiles/STM32_Drivers.dir/__/__/Drivers/STM32G4xx_HAL_Driver/Src/stm32g4xx_hal_cortex.c.obj
                0x08006e3a                HAL_NVIC_EnableIRQ
 .text.HAL_SYSTICK_Config
                0x08006e56       0x18 cmake/stm32cubemx/CMakeFiles/STM32_Drivers.dir/__/__/Drivers/STM32G4xx_HAL_Driver/Src/stm32g4xx_hal_cortex.c.obj
                0x08006e56                HAL_SYSTICK_Config
 *fill*         0x08006e6e        0x2 
 .text.HAL_FDCAN_Init
                0x08006e70      0x2b4 cmake/stm32cubemx/CMakeFiles/STM32_Drivers.dir/__/__/Drivers/STM32G4xx_HAL_Driver/Src/stm32g4xx_hal_fdcan.c.obj
                0x08006e70                HAL_FDCAN_Init
 .text.HAL_FDCAN_ConfigFilter
                0x08007124       0xb4 cmake/stm32cubemx/CMakeFiles/STM32_Drivers.dir/__/__/Drivers/STM32G4xx_HAL_Driver/Src/stm32g4xx_hal_fdcan.c.obj
                0x08007124                HAL_FDCAN_ConfigFilter
 .text.HAL_FDCAN_Start
                0x080071d8       0x50 cmake/stm32cubemx/CMakeFiles/STM32_Drivers.dir/__/__/Drivers/STM32G4xx_HAL_Driver/Src/stm32g4xx_hal_fdcan.c.obj
                0x080071d8                HAL_FDCAN_Start
 .text.HAL_FDCAN_AddMessageToTxFifoQ
                0x08007228       0x88 cmake/stm32cubemx/CMakeFiles/STM32_Drivers.dir/__/__/Drivers/STM32G4xx_HAL_Driver/Src/stm32g4xx_hal_fdcan.c.obj
                0x08007228                HAL_FDCAN_AddMessageToTxFifoQ
 .text.HAL_FDCAN_GetRxMessage
                0x080072b0      0x210 cmake/stm32cubemx/CMakeFiles/STM32_Drivers.dir/__/__/Drivers/STM32G4xx_HAL_Driver/Src/stm32g4xx_hal_fdcan.c.obj
                0x080072b0                HAL_FDCAN_GetRxMessage
 .text.HAL_FDCAN_GetRxFifoFillLevel
                0x080074c0       0x3c cmake/stm32cubemx/CMakeFiles/STM32_Drivers.dir/__/__/Drivers/STM32G4xx_HAL_Driver/Src/stm32g4xx_hal_fdcan.c.obj
                0x080074c0                HAL_FDCAN_GetRxFifoFillLevel
 .text.HAL_FDCAN_ActivateNotification
                0x080074fc      0x1cc cmake/stm32cubemx/CMakeFiles/STM32_Drivers.dir/__/__/Drivers/STM32G4xx_HAL_Driver/Src/stm32g4xx_hal_fdcan.c.obj
                0x080074fc                HAL_FDCAN_ActivateNotification
 .text.HAL_FDCAN_IRQHandler
                0x080076c8      0x266 cmake/stm32cubemx/CMakeFiles/STM32_Drivers.dir/__/__/Drivers/STM32G4xx_HAL_Driver/Src/stm32g4xx_hal_fdcan.c.obj
                0x080076c8                HAL_FDCAN_IRQHandler
 .text.HAL_FDCAN_TxEventFifoCallback
                0x0800792e       0x16 cmake/stm32cubemx/CMakeFiles/STM32_Drivers.dir/__/__/Drivers/STM32G4xx_HAL_Driver/Src/stm32g4xx_hal_fdcan.c.obj
                0x0800792e                HAL_FDCAN_TxEventFifoCallback
 .text.HAL_FDCAN_RxFifo1Callback
                0x08007944       0x16 cmake/stm32cubemx/CMakeFiles/STM32_Drivers.dir/__/__/Drivers/STM32G4xx_HAL_Driver/Src/stm32g4xx_hal_fdcan.c.obj
                0x08007944                HAL_FDCAN_RxFifo1Callback
 .text.HAL_FDCAN_TxFifoEmptyCallback
                0x0800795a       0x14 cmake/stm32cubemx/CMakeFiles/STM32_Drivers.dir/__/__/Drivers/STM32G4xx_HAL_Driver/Src/stm32g4xx_hal_fdcan.c.obj
                0x0800795a                HAL_FDCAN_TxFifoEmptyCallback
 .text.HAL_FDCAN_TxBufferCompleteCallback
                0x0800796e       0x16 cmake/stm32cubemx/CMakeFiles/STM32_Drivers.dir/__/__/Drivers/STM32G4xx_HAL_Driver/Src/stm32g4xx_hal_fdcan.c.obj
                0x0800796e                HAL_FDCAN_TxBufferCompleteCallback
 .text.HAL_FDCAN_TxBufferAbortCallback
                0x08007984       0x16 cmake/stm32cubemx/CMakeFiles/STM32_Drivers.dir/__/__/Drivers/STM32G4xx_HAL_Driver/Src/stm32g4xx_hal_fdcan.c.obj
                0x08007984                HAL_FDCAN_TxBufferAbortCallback
 .text.HAL_FDCAN_TimestampWraparoundCallback
                0x0800799a       0x14 cmake/stm32cubemx/CMakeFiles/STM32_Drivers.dir/__/__/Drivers/STM32G4xx_HAL_Driver/Src/stm32g4xx_hal_fdcan.c.obj
                0x0800799a                HAL_FDCAN_TimestampWraparoundCallback
 .text.HAL_FDCAN_TimeoutOccurredCallback
                0x080079ae       0x14 cmake/stm32cubemx/CMakeFiles/STM32_Drivers.dir/__/__/Drivers/STM32G4xx_HAL_Driver/Src/stm32g4xx_hal_fdcan.c.obj
                0x080079ae                HAL_FDCAN_TimeoutOccurredCallback
 .text.HAL_FDCAN_HighPriorityMessageCallback
                0x080079c2       0x14 cmake/stm32cubemx/CMakeFiles/STM32_Drivers.dir/__/__/Drivers/STM32G4xx_HAL_Driver/Src/stm32g4xx_hal_fdcan.c.obj
                0x080079c2                HAL_FDCAN_HighPriorityMessageCallback
 .text.HAL_FDCAN_ErrorCallback
                0x080079d6       0x14 cmake/stm32cubemx/CMakeFiles/STM32_Drivers.dir/__/__/Drivers/STM32G4xx_HAL_Driver/Src/stm32g4xx_hal_fdcan.c.obj
                0x080079d6                HAL_FDCAN_ErrorCallback
 .text.HAL_FDCAN_ErrorStatusCallback
                0x080079ea       0x16 cmake/stm32cubemx/CMakeFiles/STM32_Drivers.dir/__/__/Drivers/STM32G4xx_HAL_Driver/Src/stm32g4xx_hal_fdcan.c.obj
                0x080079ea                HAL_FDCAN_ErrorStatusCallback
 .text.FDCAN_CalcultateRamBlockAddresses
                0x08007a00       0xd8 cmake/stm32cubemx/CMakeFiles/STM32_Drivers.dir/__/__/Drivers/STM32G4xx_HAL_Driver/Src/stm32g4xx_hal_fdcan.c.obj
 .text.FDCAN_CopyMessageToRAM
                0x08007ad8       0xf8 cmake/stm32cubemx/CMakeFiles/STM32_Drivers.dir/__/__/Drivers/STM32G4xx_HAL_Driver/Src/stm32g4xx_hal_fdcan.c.obj
 .text.HAL_SPI_Init
                0x08007bd0      0x156 cmake/stm32cubemx/CMakeFiles/STM32_Drivers.dir/__/__/Drivers/STM32G4xx_HAL_Driver/Src/stm32g4xx_hal_spi.c.obj
                0x08007bd0                HAL_SPI_Init
 .text.HAL_SPI_Transmit
                0x08007d26      0x2ec cmake/stm32cubemx/CMakeFiles/STM32_Drivers.dir/__/__/Drivers/STM32G4xx_HAL_Driver/Src/stm32g4xx_hal_spi.c.obj
                0x08007d26                HAL_SPI_Transmit
 *fill*         0x08008012        0x2 
 .text.SPI_WaitFlagStateUntilTimeout
                0x08008014      0x110 cmake/stm32cubemx/CMakeFiles/STM32_Drivers.dir/__/__/Drivers/STM32G4xx_HAL_Driver/Src/stm32g4xx_hal_spi.c.obj
 .text.SPI_WaitFifoStateUntilTimeout
                0x08008124      0x12c cmake/stm32cubemx/CMakeFiles/STM32_Drivers.dir/__/__/Drivers/STM32G4xx_HAL_Driver/Src/stm32g4xx_hal_spi.c.obj
 .text.SPI_EndRxTxTransaction
                0x08008250       0x8c cmake/stm32cubemx/CMakeFiles/STM32_Drivers.dir/__/__/Drivers/STM32G4xx_HAL_Driver/Src/stm32g4xx_hal_spi.c.obj
 .text.HAL_TIM_Base_Init
                0x080082dc       0xae cmake/stm32cubemx/CMakeFiles/STM32_Drivers.dir/__/__/Drivers/STM32G4xx_HAL_Driver/Src/stm32g4xx_hal_tim.c.obj
                0x080082dc                HAL_TIM_Base_Init
 *fill*         0x0800838a        0x2 
 .text.HAL_TIM_Base_Start
                0x0800838c       0xe0 cmake/stm32cubemx/CMakeFiles/STM32_Drivers.dir/__/__/Drivers/STM32G4xx_HAL_Driver/Src/stm32g4xx_hal_tim.c.obj
                0x0800838c                HAL_TIM_Base_Start
 .text.HAL_TIM_Base_Start_IT
                0x0800846c       0xf0 cmake/stm32cubemx/CMakeFiles/STM32_Drivers.dir/__/__/Drivers/STM32G4xx_HAL_Driver/Src/stm32g4xx_hal_tim.c.obj
                0x0800846c                HAL_TIM_Base_Start_IT
 .text.HAL_TIM_Base_Stop_IT
                0x0800855c       0x5e cmake/stm32cubemx/CMakeFiles/STM32_Drivers.dir/__/__/Drivers/STM32G4xx_HAL_Driver/Src/stm32g4xx_hal_tim.c.obj
                0x0800855c                HAL_TIM_Base_Stop_IT
 .text.HAL_TIM_IRQHandler
                0x080085ba      0x29e cmake/stm32cubemx/CMakeFiles/STM32_Drivers.dir/__/__/Drivers/STM32G4xx_HAL_Driver/Src/stm32g4xx_hal_tim.c.obj
                0x080085ba                HAL_TIM_IRQHandler
 .text.HAL_TIM_ConfigClockSource
                0x08008858      0x22c cmake/stm32cubemx/CMakeFiles/STM32_Drivers.dir/__/__/Drivers/STM32G4xx_HAL_Driver/Src/stm32g4xx_hal_tim.c.obj
                0x08008858                HAL_TIM_ConfigClockSource
 .text.HAL_TIM_OC_DelayElapsedCallback
                0x08008a84       0x14 cmake/stm32cubemx/CMakeFiles/STM32_Drivers.dir/__/__/Drivers/STM32G4xx_HAL_Driver/Src/stm32g4xx_hal_tim.c.obj
                0x08008a84                HAL_TIM_OC_DelayElapsedCallback
 .text.HAL_TIM_IC_CaptureCallback
                0x08008a98       0x14 cmake/stm32cubemx/CMakeFiles/STM32_Drivers.dir/__/__/Drivers/STM32G4xx_HAL_Driver/Src/stm32g4xx_hal_tim.c.obj
                0x08008a98                HAL_TIM_IC_CaptureCallback
 .text.HAL_TIM_PWM_PulseFinishedCallback
                0x08008aac       0x14 cmake/stm32cubemx/CMakeFiles/STM32_Drivers.dir/__/__/Drivers/STM32G4xx_HAL_Driver/Src/stm32g4xx_hal_tim.c.obj
                0x08008aac                HAL_TIM_PWM_PulseFinishedCallback
 .text.HAL_TIM_TriggerCallback
                0x08008ac0       0x14 cmake/stm32cubemx/CMakeFiles/STM32_Drivers.dir/__/__/Drivers/STM32G4xx_HAL_Driver/Src/stm32g4xx_hal_tim.c.obj
                0x08008ac0                HAL_TIM_TriggerCallback
 .text.TIM_Base_SetConfig
                0x08008ad4      0x168 cmake/stm32cubemx/CMakeFiles/STM32_Drivers.dir/__/__/Drivers/STM32G4xx_HAL_Driver/Src/stm32g4xx_hal_tim.c.obj
                0x08008ad4                TIM_Base_SetConfig
 .text.TIM_TI1_ConfigInputStage
                0x08008c3c       0x5e cmake/stm32cubemx/CMakeFiles/STM32_Drivers.dir/__/__/Drivers/STM32G4xx_HAL_Driver/Src/stm32g4xx_hal_tim.c.obj
 .text.TIM_TI2_ConfigInputStage
                0x08008c9a       0x60 cmake/stm32cubemx/CMakeFiles/STM32_Drivers.dir/__/__/Drivers/STM32G4xx_HAL_Driver/Src/stm32g4xx_hal_tim.c.obj
 .text.TIM_ITRx_SetConfig
                0x08008cfa       0x3a cmake/stm32cubemx/CMakeFiles/STM32_Drivers.dir/__/__/Drivers/STM32G4xx_HAL_Driver/Src/stm32g4xx_hal_tim.c.obj
 .text.TIM_ETR_SetConfig
                0x08008d34       0x40 cmake/stm32cubemx/CMakeFiles/STM32_Drivers.dir/__/__/Drivers/STM32G4xx_HAL_Driver/Src/stm32g4xx_hal_tim.c.obj
                0x08008d34                TIM_ETR_SetConfig
 .text.HAL_TIMEx_MasterConfigSynchronization
                0x08008d74      0x12c cmake/stm32cubemx/CMakeFiles/STM32_Drivers.dir/__/__/Drivers/STM32G4xx_HAL_Driver/Src/stm32g4xx_hal_tim_ex.c.obj
                0x08008d74                HAL_TIMEx_MasterConfigSynchronization
 .text.HAL_TIMEx_CommutCallback
                0x08008ea0       0x14 cmake/stm32cubemx/CMakeFiles/STM32_Drivers.dir/__/__/Drivers/STM32G4xx_HAL_Driver/Src/stm32g4xx_hal_tim_ex.c.obj
                0x08008ea0                HAL_TIMEx_CommutCallback
 .text.HAL_TIMEx_BreakCallback
                0x08008eb4       0x14 cmake/stm32cubemx/CMakeFiles/STM32_Drivers.dir/__/__/Drivers/STM32G4xx_HAL_Driver/Src/stm32g4xx_hal_tim_ex.c.obj
                0x08008eb4                HAL_TIMEx_BreakCallback
 .text.HAL_TIMEx_Break2Callback
                0x08008ec8       0x14 cmake/stm32cubemx/CMakeFiles/STM32_Drivers.dir/__/__/Drivers/STM32G4xx_HAL_Driver/Src/stm32g4xx_hal_tim_ex.c.obj
                0x08008ec8                HAL_TIMEx_Break2Callback
 .text.HAL_TIMEx_EncoderIndexCallback
                0x08008edc       0x14 cmake/stm32cubemx/CMakeFiles/STM32_Drivers.dir/__/__/Drivers/STM32G4xx_HAL_Driver/Src/stm32g4xx_hal_tim_ex.c.obj
                0x08008edc                HAL_TIMEx_EncoderIndexCallback
 .text.HAL_TIMEx_DirectionChangeCallback
                0x08008ef0       0x14 cmake/stm32cubemx/CMakeFiles/STM32_Drivers.dir/__/__/Drivers/STM32G4xx_HAL_Driver/Src/stm32g4xx_hal_tim_ex.c.obj
                0x08008ef0                HAL_TIMEx_DirectionChangeCallback
 .text.HAL_TIMEx_IndexErrorCallback
                0x08008f04       0x14 cmake/stm32cubemx/CMakeFiles/STM32_Drivers.dir/__/__/Drivers/STM32G4xx_HAL_Driver/Src/stm32g4xx_hal_tim_ex.c.obj
                0x08008f04                HAL_TIMEx_IndexErrorCallback
 .text.HAL_TIMEx_TransitionErrorCallback
                0x08008f18       0x14 cmake/stm32cubemx/CMakeFiles/STM32_Drivers.dir/__/__/Drivers/STM32G4xx_HAL_Driver/Src/stm32g4xx_hal_tim_ex.c.obj
                0x08008f18                HAL_TIMEx_TransitionErrorCallback
 .text.main     0x08008f2c       0x98 CMakeFiles/Driver_Interface_NucleoG474RE_firmware.dir/Core/Src/main.c.obj
                0x08008f2c                main
 .text.HAL_TIM_PeriodElapsedCallback
                0x08008fc4       0xd4 CMakeFiles/Driver_Interface_NucleoG474RE_firmware.dir/Core/Src/main.c.obj
                0x08008fc4                HAL_TIM_PeriodElapsedCallback
 .text.NMI_Handler
                0x08009098        0x8 CMakeFiles/Driver_Interface_NucleoG474RE_firmware.dir/Core/Src/stm32g4xx_it.c.obj
                0x08009098                NMI_Handler
 .text.HardFault_Handler
                0x080090a0        0x8 CMakeFiles/Driver_Interface_NucleoG474RE_firmware.dir/Core/Src/stm32g4xx_it.c.obj
                0x080090a0                HardFault_Handler
 .text.MemManage_Handler
                0x080090a8        0x8 CMakeFiles/Driver_Interface_NucleoG474RE_firmware.dir/Core/Src/stm32g4xx_it.c.obj
                0x080090a8                MemManage_Handler
 .text.BusFault_Handler
                0x080090b0        0x8 CMakeFiles/Driver_Interface_NucleoG474RE_firmware.dir/Core/Src/stm32g4xx_it.c.obj
                0x080090b0                BusFault_Handler
 .text.UsageFault_Handler
                0x080090b8        0x8 CMakeFiles/Driver_Interface_NucleoG474RE_firmware.dir/Core/Src/stm32g4xx_it.c.obj
                0x080090b8                UsageFault_Handler
 .text.SVC_Handler
                0x080090c0        0xe CMakeFiles/Driver_Interface_NucleoG474RE_firmware.dir/Core/Src/stm32g4xx_it.c.obj
                0x080090c0                SVC_Handler
 .text.DebugMon_Handler
                0x080090ce        0xe CMakeFiles/Driver_Interface_NucleoG474RE_firmware.dir/Core/Src/stm32g4xx_it.c.obj
                0x080090ce                DebugMon_Handler
 .text.PendSV_Handler
                0x080090dc        0xe CMakeFiles/Driver_Interface_NucleoG474RE_firmware.dir/Core/Src/stm32g4xx_it.c.obj
                0x080090dc                PendSV_Handler
 .text.SysTick_Handler
                0x080090ea        0xc CMakeFiles/Driver_Interface_NucleoG474RE_firmware.dir/Core/Src/stm32g4xx_it.c.obj
                0x080090ea                SysTick_Handler
 .text.EXTI2_IRQHandler
                0x080090f6        0xe CMakeFiles/Driver_Interface_NucleoG474RE_firmware.dir/Core/Src/stm32g4xx_it.c.obj
                0x080090f6                EXTI2_IRQHandler
 .text.DMA1_Channel1_IRQHandler
                0x08009104       0x14 CMakeFiles/Driver_Interface_NucleoG474RE_firmware.dir/Core/Src/stm32g4xx_it.c.obj
                0x08009104                DMA1_Channel1_IRQHandler
 .text.DMA1_Channel2_IRQHandler
                0x08009118       0x14 CMakeFiles/Driver_Interface_NucleoG474RE_firmware.dir/Core/Src/stm32g4xx_it.c.obj
                0x08009118                DMA1_Channel2_IRQHandler
 .text.DMA1_Channel3_IRQHandler
                0x0800912c       0x14 CMakeFiles/Driver_Interface_NucleoG474RE_firmware.dir/Core/Src/stm32g4xx_it.c.obj
                0x0800912c                DMA1_Channel3_IRQHandler
 .text.ADC1_2_IRQHandler
                0x08009140       0x1c CMakeFiles/Driver_Interface_NucleoG474RE_firmware.dir/Core/Src/stm32g4xx_it.c.obj
                0x08009140                ADC1_2_IRQHandler
 .text.FDCAN1_IT0_IRQHandler
                0x0800915c       0x14 CMakeFiles/Driver_Interface_NucleoG474RE_firmware.dir/Core/Src/stm32g4xx_it.c.obj
                0x0800915c                FDCAN1_IT0_IRQHandler
 .text.EXTI9_5_IRQHandler
                0x08009170       0x24 CMakeFiles/Driver_Interface_NucleoG474RE_firmware.dir/Core/Src/stm32g4xx_it.c.obj
                0x08009170                EXTI9_5_IRQHandler
 .text.EXTI15_10_IRQHandler
                0x08009194       0x20 CMakeFiles/Driver_Interface_NucleoG474RE_firmware.dir/Core/Src/stm32g4xx_it.c.obj
                0x08009194                EXTI15_10_IRQHandler
 .text.ADC3_IRQHandler
                0x080091b4       0x14 CMakeFiles/Driver_Interface_NucleoG474RE_firmware.dir/Core/Src/stm32g4xx_it.c.obj
                0x080091b4                ADC3_IRQHandler
 .text.TIM6_DAC_IRQHandler
                0x080091c8       0x14 CMakeFiles/Driver_Interface_NucleoG474RE_firmware.dir/Core/Src/stm32g4xx_it.c.obj
                0x080091c8                TIM6_DAC_IRQHandler
 .text.TIM7_DAC_IRQHandler
                0x080091dc       0x14 CMakeFiles/Driver_Interface_NucleoG474RE_firmware.dir/Core/Src/stm32g4xx_it.c.obj
                0x080091dc                TIM7_DAC_IRQHandler
 .text.HAL_MspInit
                0x080091f0       0x48 CMakeFiles/Driver_Interface_NucleoG474RE_firmware.dir/Core/Src/stm32g4xx_hal_msp.c.obj
                0x080091f0                HAL_MspInit
 .text.HAL_ADC_MspInit
                0x08009238      0x32c CMakeFiles/Driver_Interface_NucleoG474RE_firmware.dir/Core/Src/stm32g4xx_hal_msp.c.obj
                0x08009238                HAL_ADC_MspInit
 .text.HAL_FDCAN_MspInit
                0x08009564       0xb4 CMakeFiles/Driver_Interface_NucleoG474RE_firmware.dir/Core/Src/stm32g4xx_hal_msp.c.obj
                0x08009564                HAL_FDCAN_MspInit
 .text.HAL_SPI_MspInit
                0x08009618       0x88 CMakeFiles/Driver_Interface_NucleoG474RE_firmware.dir/Core/Src/stm32g4xx_hal_msp.c.obj
                0x08009618                HAL_SPI_MspInit
 .text.HAL_TIM_Base_MspInit
                0x080096a0       0x9c CMakeFiles/Driver_Interface_NucleoG474RE_firmware.dir/Core/Src/stm32g4xx_hal_msp.c.obj
                0x080096a0                HAL_TIM_Base_MspInit
 .text._sbrk    0x0800973c       0x6c CMakeFiles/Driver_Interface_NucleoG474RE_firmware.dir/Core/Src/sysmem.c.obj
                0x0800973c                _sbrk
 .text._getpid  0x080097a8       0x10 CMakeFiles/Driver_Interface_NucleoG474RE_firmware.dir/Core/Src/syscalls.c.obj
                0x080097a8                _getpid
 .text._kill    0x080097b8       0x20 CMakeFiles/Driver_Interface_NucleoG474RE_firmware.dir/Core/Src/syscalls.c.obj
                0x080097b8                _kill
 .text._exit    0x080097d8       0x16 CMakeFiles/Driver_Interface_NucleoG474RE_firmware.dir/Core/Src/syscalls.c.obj
                0x080097d8                _exit
 .text._read    0x080097ee       0x3a CMakeFiles/Driver_Interface_NucleoG474RE_firmware.dir/Core/Src/syscalls.c.obj
                0x080097ee                _read
 .text._write   0x08009828       0x38 CMakeFiles/Driver_Interface_NucleoG474RE_firmware.dir/Core/Src/syscalls.c.obj
                0x08009828                _write
 .text._close   0x08009860       0x18 CMakeFiles/Driver_Interface_NucleoG474RE_firmware.dir/Core/Src/syscalls.c.obj
                0x08009860                _close
 .text._fstat   0x08009878       0x20 CMakeFiles/Driver_Interface_NucleoG474RE_firmware.dir/Core/Src/syscalls.c.obj
                0x08009878                _fstat
 .text._isatty  0x08009898       0x16 CMakeFiles/Driver_Interface_NucleoG474RE_firmware.dir/Core/Src/syscalls.c.obj
                0x08009898                _isatty
 .text._lseek   0x080098ae       0x1a CMakeFiles/Driver_Interface_NucleoG474RE_firmware.dir/Core/Src/syscalls.c.obj
                0x080098ae                _lseek
 .text.Reset_Handler
                0x080098c8       0x50 CMakeFiles/Driver_Interface_NucleoG474RE_firmware.dir/startup_stm32g474xx.s.obj
                0x080098c8                Reset_Handler
 .text.Default_Handler
                0x08009918        0x2 CMakeFiles/Driver_Interface_NucleoG474RE_firmware.dir/startup_stm32g474xx.s.obj
                0x08009918                RTC_Alarm_IRQHandler
                0x08009918                TIM8_TRG_COM_IRQHandler
                0x08009918                TIM8_CC_IRQHandler
                0x08009918                HRTIM1_Master_IRQHandler
                0x08009918                SPI4_IRQHandler
                0x08009918                FDCAN3_IT0_IRQHandler
                0x08009918                TIM1_CC_IRQHandler
                0x08009918                HRTIM1_FLT_IRQHandler
                0x08009918                HRTIM1_TIMF_IRQHandler
                0x08009918                USB_HP_IRQHandler
                0x08009918                CORDIC_IRQHandler
                0x08009918                HRTIM1_TIMD_IRQHandler
                0x08009918                DMA2_Channel8_IRQHandler
                0x08009918                EXTI3_IRQHandler
                0x08009918                I2C3_ER_IRQHandler
                0x08009918                EXTI0_IRQHandler
                0x08009918                I2C2_EV_IRQHandler
                0x08009918                FPU_IRQHandler
                0x08009918                FDCAN1_IT1_IRQHandler
                0x08009918                TIM1_UP_TIM16_IRQHandler
                0x08009918                HRTIM1_TIME_IRQHandler
                0x08009918                SPI1_IRQHandler
                0x08009918                HRTIM1_TIMC_IRQHandler
                0x08009918                TIM8_UP_IRQHandler
                0x08009918                DMA2_Channel2_IRQHandler
                0x08009918                DMA1_Channel4_IRQHandler
                0x08009918                TIM20_TRG_COM_IRQHandler
                0x08009918                USART3_IRQHandler
                0x08009918                DMA1_Channel7_IRQHandler
                0x08009918                UART5_IRQHandler
                0x08009918                TIM4_IRQHandler
                0x08009918                DMA2_Channel1_IRQHandler
                0x08009918                QUADSPI_IRQHandler
                0x08009918                I2C1_EV_IRQHandler
                0x08009918                DMA1_Channel6_IRQHandler
                0x08009918                UART4_IRQHandler
                0x08009918                DMA2_Channel4_IRQHandler
                0x08009918                TIM3_IRQHandler
                0x08009918                RCC_IRQHandler
                0x08009918                TIM20_UP_IRQHandler
                0x08009918                Default_Handler
                0x08009918                DMA2_Channel7_IRQHandler
                0x08009918                RTC_TAMP_LSECSS_IRQHandler
                0x08009918                FMAC_IRQHandler
                0x08009918                DMA1_Channel8_IRQHandler
                0x08009918                HRTIM1_TIMA_IRQHandler
                0x08009918                FDCAN3_IT1_IRQHandler
                0x08009918                TIM5_IRQHandler
                0x08009918                UCPD1_IRQHandler
                0x08009918                I2C3_EV_IRQHandler
                0x08009918                RTC_WKUP_IRQHandler
                0x08009918                PVD_PVM_IRQHandler
                0x08009918                SPI2_IRQHandler
                0x08009918                ADC5_IRQHandler
                0x08009918                DMA2_Channel5_IRQHandler
                0x08009918                CRS_IRQHandler
                0x08009918                DMA1_Channel5_IRQHandler
                0x08009918                USB_LP_IRQHandler
                0x08009918                EXTI4_IRQHandler
                0x08009918                RNG_IRQHandler
                0x08009918                HRTIM1_TIMB_IRQHandler
                0x08009918                TIM1_TRG_COM_TIM17_IRQHandler
                0x08009918                FDCAN2_IT1_IRQHandler
                0x08009918                ADC4_IRQHandler
                0x08009918                WWDG_IRQHandler
                0x08009918                I2C4_EV_IRQHandler
                0x08009918                FDCAN2_IT0_IRQHandler
                0x08009918                LPUART1_IRQHandler
                0x08009918                DMA2_Channel6_IRQHandler
                0x08009918                TIM2_IRQHandler
                0x08009918                COMP7_IRQHandler
                0x08009918                COMP1_2_3_IRQHandler
                0x08009918                EXTI1_IRQHandler
                0x08009918                USART2_IRQHandler
                0x08009918                COMP4_5_6_IRQHandler
                0x08009918                TIM20_BRK_IRQHandler
                0x08009918                I2C2_ER_IRQHandler
                0x08009918                TIM8_BRK_IRQHandler
                0x08009918                FLASH_IRQHandler
                0x08009918                TIM20_CC_IRQHandler
                0x08009918                USART1_IRQHandler
                0x08009918                SPI3_IRQHandler
                0x08009918                I2C1_ER_IRQHandler
                0x08009918                FMC_IRQHandler
                0x08009918                LPTIM1_IRQHandler
                0x08009918                DMAMUX_OVR_IRQHandler
                0x08009918                I2C4_ER_IRQHandler
                0x08009918                USBWakeUp_IRQHandler
                0x08009918                SAI1_IRQHandler
                0x08009918                DMA2_Channel3_IRQHandler
                0x08009918                TIM1_BRK_TIM15_IRQHandler
 .text.SSD1322_API_command
                0x0800991a       0x26 CMakeFiles/Driver_Interface_NucleoG474RE_firmware.dir/Core/Src/SSD1322_OLED_lib/SSD1322_API.c.obj
                0x0800991a                SSD1322_API_command
 .text.SSD1322_API_data
                0x08009940       0x26 CMakeFiles/Driver_Interface_NucleoG474RE_firmware.dir/Core/Src/SSD1322_OLED_lib/SSD1322_API.c.obj
                0x08009940                SSD1322_API_data
 .text.SSD1322_API_init
                0x08009966      0x118 CMakeFiles/Driver_Interface_NucleoG474RE_firmware.dir/Core/Src/SSD1322_OLED_lib/SSD1322_API.c.obj
                0x08009966                SSD1322_API_init
 .text.SSD1322_API_set_window
                0x08009a7e       0x5a CMakeFiles/Driver_Interface_NucleoG474RE_firmware.dir/Core/Src/SSD1322_OLED_lib/SSD1322_API.c.obj
                0x08009a7e                SSD1322_API_set_window
 .text.SSD1322_API_send_buffer
                0x08009ad8       0x2c CMakeFiles/Driver_Interface_NucleoG474RE_firmware.dir/Core/Src/SSD1322_OLED_lib/SSD1322_API.c.obj
                0x08009ad8                SSD1322_API_send_buffer
 .text.set_buffer_size
                0x08009b04       0x30 CMakeFiles/Driver_Interface_NucleoG474RE_firmware.dir/Core/Src/SSD1322_OLED_lib/SSD1322_GFX.c.obj
                0x08009b04                set_buffer_size
 .text.fill_buffer
                0x08009b34       0x60 CMakeFiles/Driver_Interface_NucleoG474RE_firmware.dir/Core/Src/SSD1322_OLED_lib/SSD1322_GFX.c.obj
                0x08009b34                fill_buffer
 .text.draw_pixel
                0x08009b94       0xfc CMakeFiles/Driver_Interface_NucleoG474RE_firmware.dir/Core/Src/SSD1322_OLED_lib/SSD1322_GFX.c.obj
                0x08009b94                draw_pixel
 .text.draw_vline
                0x08009c90       0x70 CMakeFiles/Driver_Interface_NucleoG474RE_firmware.dir/Core/Src/SSD1322_OLED_lib/SSD1322_GFX.c.obj
                0x08009c90                draw_vline
 .text.draw_hline
                0x08009d00       0x70 CMakeFiles/Driver_Interface_NucleoG474RE_firmware.dir/Core/Src/SSD1322_OLED_lib/SSD1322_GFX.c.obj
                0x08009d00                draw_hline
 .text.draw_AA_line
                0x08009d70      0xb08 CMakeFiles/Driver_Interface_NucleoG474RE_firmware.dir/Core/Src/SSD1322_OLED_lib/SSD1322_GFX.c.obj
                0x08009d70                draw_AA_line
 .text.draw_bitmap_4bpp
                0x0800a878       0xa8 CMakeFiles/Driver_Interface_NucleoG474RE_firmware.dir/Core/Src/SSD1322_OLED_lib/SSD1322_GFX.c.obj
                0x0800a878                draw_bitmap_4bpp
 .text.send_buffer_to_OLED
                0x0800a920       0x3c CMakeFiles/Driver_Interface_NucleoG474RE_firmware.dir/Core/Src/SSD1322_OLED_lib/SSD1322_GFX.c.obj
                0x0800a920                send_buffer_to_OLED
 .text.draw_char_tiny
                0x0800a95c       0xd0 CMakeFiles/Driver_Interface_NucleoG474RE_firmware.dir/Core/Src/SSD1322_OLED_lib/SSD1322_GFX.c.obj
                0x0800a95c                draw_char_tiny
 .text.draw_string_tiny
                0x0800aa2c       0x66 CMakeFiles/Driver_Interface_NucleoG474RE_firmware.dir/Core/Src/SSD1322_OLED_lib/SSD1322_GFX.c.obj
                0x0800aa2c                draw_string_tiny
 *fill*         0x0800aa92        0x2 
 .text.draw_char_tiny_2x
                0x0800aa94      0x114 CMakeFiles/Driver_Interface_NucleoG474RE_firmware.dir/Core/Src/SSD1322_OLED_lib/SSD1322_GFX.c.obj
                0x0800aa94                draw_char_tiny_2x
 .text.draw_string_tiny_2x
                0x0800aba8       0x6a CMakeFiles/Driver_Interface_NucleoG474RE_firmware.dir/Core/Src/SSD1322_OLED_lib/SSD1322_GFX.c.obj
                0x0800aba8                draw_string_tiny_2x
 *fill*         0x0800ac12        0x2 
 .text.draw_char_tiny_3x
                0x0800ac14      0x11c CMakeFiles/Driver_Interface_NucleoG474RE_firmware.dir/Core/Src/SSD1322_OLED_lib/SSD1322_GFX.c.obj
                0x0800ac14                draw_char_tiny_3x
 .text.draw_string_tiny_3x
                0x0800ad30       0x6e CMakeFiles/Driver_Interface_NucleoG474RE_firmware.dir/Core/Src/SSD1322_OLED_lib/SSD1322_GFX.c.obj
                0x0800ad30                draw_string_tiny_3x
 *fill*         0x0800ad9e        0x2 
 .text.update_brightness
                0x0800ada0       0x3c CMakeFiles/Driver_Interface_NucleoG474RE_firmware.dir/Core/Src/SSD1322_OLED_lib/SSD1322_GFX.c.obj
                0x0800ada0                update_brightness
 .text.SSD1322_HW_drive_CS_low
                0x0800addc       0x18 CMakeFiles/Driver_Interface_NucleoG474RE_firmware.dir/Core/Src/SSD1322_OLED_lib/SSD1322_HW_Driver.c.obj
                0x0800addc                SSD1322_HW_drive_CS_low
 .text.SSD1322_HW_drive_CS_high
                0x0800adf4       0x18 CMakeFiles/Driver_Interface_NucleoG474RE_firmware.dir/Core/Src/SSD1322_OLED_lib/SSD1322_HW_Driver.c.obj
                0x0800adf4                SSD1322_HW_drive_CS_high
 .text.SSD1322_HW_drive_DC_low
                0x0800ae0c       0x18 CMakeFiles/Driver_Interface_NucleoG474RE_firmware.dir/Core/Src/SSD1322_OLED_lib/SSD1322_HW_Driver.c.obj
                0x0800ae0c                SSD1322_HW_drive_DC_low
 .text.SSD1322_HW_drive_DC_high
                0x0800ae24       0x18 CMakeFiles/Driver_Interface_NucleoG474RE_firmware.dir/Core/Src/SSD1322_OLED_lib/SSD1322_HW_Driver.c.obj
                0x0800ae24                SSD1322_HW_drive_DC_high
 .text.SSD1322_HW_drive_RESET_low
                0x0800ae3c       0x18 CMakeFiles/Driver_Interface_NucleoG474RE_firmware.dir/Core/Src/SSD1322_OLED_lib/SSD1322_HW_Driver.c.obj
                0x0800ae3c                SSD1322_HW_drive_RESET_low
 .text.SSD1322_HW_drive_RESET_high
                0x0800ae54       0x18 CMakeFiles/Driver_Interface_NucleoG474RE_firmware.dir/Core/Src/SSD1322_OLED_lib/SSD1322_HW_Driver.c.obj
                0x0800ae54                SSD1322_HW_drive_RESET_high
 .text.SSD1322_HW_SPI_send_byte
                0x0800ae6c       0x24 CMakeFiles/Driver_Interface_NucleoG474RE_firmware.dir/Core/Src/SSD1322_OLED_lib/SSD1322_HW_Driver.c.obj
                0x0800ae6c                SSD1322_HW_SPI_send_byte
 .text.SSD1322_HW_SPI_send_array
                0x0800ae90       0x24 CMakeFiles/Driver_Interface_NucleoG474RE_firmware.dir/Core/Src/SSD1322_OLED_lib/SSD1322_HW_Driver.c.obj
                0x0800ae90                SSD1322_HW_SPI_send_array
 .text.SSD1322_HW_msDelay
                0x0800aeb4       0x16 CMakeFiles/Driver_Interface_NucleoG474RE_firmware.dir/Core/Src/SSD1322_OLED_lib/SSD1322_HW_Driver.c.obj
                0x0800aeb4                SSD1322_HW_msDelay
 *fill*         0x0800aeca        0x2 
 .text.SSD1322_Layout_init
                0x0800aecc       0xe8 CMakeFiles/Driver_Interface_NucleoG474RE_firmware.dir/Core/Src/SSD1322_OLED_lib/SSD1322.c.obj
                0x0800aecc                SSD1322_Layout_init
 .text.SSD1322_Layout
                0x0800afb4      0x37c CMakeFiles/Driver_Interface_NucleoG474RE_firmware.dir/Core/Src/SSD1322_OLED_lib/SSD1322.c.obj
                0x0800afb4                SSD1322_Layout
 .text.SSD1322_MPPT_energy
                0x0800b330      0x238 CMakeFiles/Driver_Interface_NucleoG474RE_firmware.dir/Core/Src/SSD1322_OLED_lib/SSD1322.c.obj
                0x0800b330                SSD1322_MPPT_energy
 .text.SSD1322_SSE
                0x0800b568       0x48 CMakeFiles/Driver_Interface_NucleoG474RE_firmware.dir/Core/Src/SSD1322_OLED_lib/SSD1322.c.obj
                0x0800b568                SSD1322_SSE
 .text.SystemClock_Config
                0x0800b5b0       0x98 CMakeFiles/Driver_Interface_NucleoG474RE_firmware.dir/Core/Src/bsp.c.obj
 .text.MX_NVIC_Init
                0x0800b648       0xa8 CMakeFiles/Driver_Interface_NucleoG474RE_firmware.dir/Core/Src/bsp.c.obj
 .text.MX_ADC1_Init
                0x0800b6f0      0x198 CMakeFiles/Driver_Interface_NucleoG474RE_firmware.dir/Core/Src/bsp.c.obj
 .text.MX_ADC2_Init
                0x0800b888       0xf0 CMakeFiles/Driver_Interface_NucleoG474RE_firmware.dir/Core/Src/bsp.c.obj
 .text.MX_ADC3_Init
                0x0800b978       0xf4 CMakeFiles/Driver_Interface_NucleoG474RE_firmware.dir/Core/Src/bsp.c.obj
 .text.MX_FDCAN1_Init
                0x0800ba6c      0x120 CMakeFiles/Driver_Interface_NucleoG474RE_firmware.dir/Core/Src/bsp.c.obj
 .text.MX_SPI3_Init
                0x0800bb8c       0x7c CMakeFiles/Driver_Interface_NucleoG474RE_firmware.dir/Core/Src/bsp.c.obj
 .text.MX_TIM3_Init
                0x0800bc08       0x9c CMakeFiles/Driver_Interface_NucleoG474RE_firmware.dir/Core/Src/bsp.c.obj
 .text.MX_TIM6_Init
                0x0800bca4       0x6c CMakeFiles/Driver_Interface_NucleoG474RE_firmware.dir/Core/Src/bsp.c.obj
 .text.MX_TIM7_Init
                0x0800bd10       0x6c CMakeFiles/Driver_Interface_NucleoG474RE_firmware.dir/Core/Src/bsp.c.obj
 .text.MX_DMA_Init
                0x0800bd7c       0x48 CMakeFiles/Driver_Interface_NucleoG474RE_firmware.dir/Core/Src/bsp.c.obj
 .text.MX_GPIO_Init
                0x0800bdc4      0x190 CMakeFiles/Driver_Interface_NucleoG474RE_firmware.dir/Core/Src/bsp.c.obj
 .text.BSP_Init
                0x0800bf54       0x3c CMakeFiles/Driver_Interface_NucleoG474RE_firmware.dir/Core/Src/bsp.c.obj
                0x0800bf54                BSP_Init
 .text.Error_Handler
                0x0800bf90        0xc CMakeFiles/Driver_Interface_NucleoG474RE_firmware.dir/Core/Src/bsp.c.obj
                0x0800bf90                Error_Handler
 .text.Send_VCU_CAN_ICU_Command
                0x0800bf9c       0x40 CMakeFiles/Driver_Interface_NucleoG474RE_firmware.dir/Core/Src/comm.c.obj
                0x0800bf9c                Send_VCU_CAN_ICU_Command
 .text.Send_VCU_CAN_ICU_Command_CC
                0x0800bfdc       0x44 CMakeFiles/Driver_Interface_NucleoG474RE_firmware.dir/Core/Src/comm.c.obj
                0x0800bfdc                Send_VCU_CAN_ICU_Command_CC
 .text.Send_VCU_CAN_ICU_Command_Regen_Throttle
                0x0800c020       0x3c CMakeFiles/Driver_Interface_NucleoG474RE_firmware.dir/Core/Src/comm.c.obj
                0x0800c020                Send_VCU_CAN_ICU_Command_Regen_Throttle
 .text.Handle_VCU_CAN_Packet
                0x0800c05c      0x108 CMakeFiles/Driver_Interface_NucleoG474RE_firmware.dir/Core/Src/comm.c.obj
                0x0800c05c                Handle_VCU_CAN_Packet
 .text.Parse_MPPT_CAN_Packet
                0x0800c164      0x15c CMakeFiles/Driver_Interface_NucleoG474RE_firmware.dir/Core/Src/comm.c.obj
                0x0800c164                Parse_MPPT_CAN_Packet
 .text.Parse_BMS_CAN_Packet
                0x0800c2c0       0x78 CMakeFiles/Driver_Interface_NucleoG474RE_firmware.dir/Core/Src/comm.c.obj
                0x0800c2c0                Parse_BMS_CAN_Packet
 .text.Parse_WS22_CAN_Packet
                0x0800c338      0x1f8 CMakeFiles/Driver_Interface_NucleoG474RE_firmware.dir/Core/Src/comm.c.obj
 .text.HAL_FDCAN_RxFifo0Callback
                0x0800c530      0x104 CMakeFiles/Driver_Interface_NucleoG474RE_firmware.dir/Core/Src/comm.c.obj
                0x0800c530                HAL_FDCAN_RxFifo0Callback
 .text.updateDisplay
                0x0800c634      0x100 CMakeFiles/Driver_Interface_NucleoG474RE_firmware.dir/Core/Src/display.c.obj
                0x0800c634                updateDisplay
 .text.update_data
                0x0800c734      0x11c CMakeFiles/Driver_Interface_NucleoG474RE_firmware.dir/Core/Src/display.c.obj
                0x0800c734                update_data
 .text.update_GPIO_Input
                0x0800c850       0xf4 CMakeFiles/Driver_Interface_NucleoG474RE_firmware.dir/Core/Src/input.c.obj
                0x0800c850                update_GPIO_Input
 .text.GPIO_call
                0x0800c944       0x50 CMakeFiles/Driver_Interface_NucleoG474RE_firmware.dir/Core/Src/input.c.obj
                0x0800c944                GPIO_call
 *fill*         0x0800c994        0x4 
 .text.HAL_GPIO_EXTI_Callback
                0x0800c998      0x2b4 CMakeFiles/Driver_Interface_NucleoG474RE_firmware.dir/Core/Src/input.c.obj
                0x0800c998                HAL_GPIO_EXTI_Callback
 .text.update_ROT
                0x0800cc4c       0x6c CMakeFiles/Driver_Interface_NucleoG474RE_firmware.dir/Core/Src/input.c.obj
                0x0800cc4c                update_ROT
 .text.HAL_ADC_ConvCpltCallback
                0x0800ccb8       0xa0 CMakeFiles/Driver_Interface_NucleoG474RE_firmware.dir/Core/Src/input.c.obj
                0x0800ccb8                HAL_ADC_ConvCpltCallback
 .text.Convert_ROT_input_into_command
                0x0800cd58      0x21c CMakeFiles/Driver_Interface_NucleoG474RE_firmware.dir/Core/Src/input.c.obj
                0x0800cd58                Convert_ROT_input_into_command
 .text.updateTSFlags
                0x0800cf74       0xb4 CMakeFiles/Driver_Interface_NucleoG474RE_firmware.dir/Core/Src/lights.c.obj
                0x0800cf74                updateTSFlags
 .text.updateVSLEDOutputs
                0x0800d028       0x54 CMakeFiles/Driver_Interface_NucleoG474RE_firmware.dir/Core/Src/lights.c.obj
                0x0800d028                updateVSLEDOutputs
 .text.updateHazardSigFlag
                0x0800d07c       0x1c CMakeFiles/Driver_Interface_NucleoG474RE_firmware.dir/Core/Src/lights.c.obj
                0x0800d07c                updateHazardSigFlag
 .text.snprintf
                0x0800d098       0x6c C:/ST/STM32CubeCLT_1.18.0/GNU-tools-for-STM32/bin/../lib/gcc/arm-none-eabi/13.3.1/../../../../arm-none-eabi/lib/thumb/v7e-m+fp/hard\libg_nano.a(libc_a-snprintf.o)
                0x0800d098                sniprintf
                0x0800d098                snprintf
 .text.sprintf  0x0800d104       0x44 C:/ST/STM32CubeCLT_1.18.0/GNU-tools-for-STM32/bin/../lib/gcc/arm-none-eabi/13.3.1/../../../../arm-none-eabi/lib/thumb/v7e-m+fp/hard\libg_nano.a(libc_a-sprintf.o)
                0x0800d104                siprintf
                0x0800d104                sprintf
 .text.__errno  0x0800d148        0xc C:/ST/STM32CubeCLT_1.18.0/GNU-tools-for-STM32/bin/../lib/gcc/arm-none-eabi/13.3.1/../../../../arm-none-eabi/lib/thumb/v7e-m+fp/hard\libg_nano.a(libc_a-errno.o)
                0x0800d148                __errno
 .text.__ssputs_r
                0x0800d154       0xb6 C:/ST/STM32CubeCLT_1.18.0/GNU-tools-for-STM32/bin/../lib/gcc/arm-none-eabi/13.3.1/../../../../arm-none-eabi/lib/thumb/v7e-m+fp/hard\libg_nano.a(libc_a-nano-svfprintf.o)
                0x0800d154                __ssputs_r
 *fill*         0x0800d20a        0x2 
 .text._svfprintf_r
                0x0800d20c      0x1f8 C:/ST/STM32CubeCLT_1.18.0/GNU-tools-for-STM32/bin/../lib/gcc/arm-none-eabi/13.3.1/../../../../arm-none-eabi/lib/thumb/v7e-m+fp/hard\libg_nano.a(libc_a-nano-svfprintf.o)
                0x0800d20c                _svfiprintf_r
                0x0800d20c                _svfprintf_r
 *fill*         0x0800d404        0x4 
 .text.floor    0x0800d408       0xf8 C:/ST/STM32CubeCLT_1.18.0/GNU-tools-for-STM32/bin/../lib/gcc/arm-none-eabi/13.3.1/../../../../arm-none-eabi/lib/thumb/v7e-m+fp/hard\libm.a(libm_a-s_floor.o)
                0x0800d408                floor
 *(.glue_7)
 .glue_7        0x0800d500        0x0 linker stubs
 *(.glue_7t)
 .glue_7t       0x0800d500        0x0 linker stubs
 *(.eh_frame)
 .eh_frame      0x0800d500        0x0 C:/ST/STM32CubeCLT_1.18.0/GNU-tools-for-STM32/bin/../lib/gcc/arm-none-eabi/13.3.1/thumb/v7e-m+fp/hard/crtbegin.o
 *(.init)
 .init          0x0800d500        0x4 C:/ST/STM32CubeCLT_1.18.0/GNU-tools-for-STM32/bin/../lib/gcc/arm-none-eabi/13.3.1/thumb/v7e-m+fp/hard/crti.o
                0x0800d500                _init
 .init          0x0800d504        0x8 C:/ST/STM32CubeCLT_1.18.0/GNU-tools-for-STM32/bin/../lib/gcc/arm-none-eabi/13.3.1/thumb/v7e-m+fp/hard/crtn.o
 *(.fini)
 .fini          0x0800d50c        0x4 C:/ST/STM32CubeCLT_1.18.0/GNU-tools-for-STM32/bin/../lib/gcc/arm-none-eabi/13.3.1/thumb/v7e-m+fp/hard/crti.o
                0x0800d50c                _fini
 .fini          0x0800d510        0x8 C:/ST/STM32CubeCLT_1.18.0/GNU-tools-for-STM32/bin/../lib/gcc/arm-none-eabi/13.3.1/thumb/v7e-m+fp/hard/crtn.o
                0x0800d518                        . = ALIGN (0x4)
                0x0800d518                        _etext = .

.vfp11_veneer   0x0800d518        0x0
 .vfp11_veneer  0x0800d518        0x0 linker stubs

.v4_bx          0x0800d518        0x0
 .v4_bx         0x0800d518        0x0 linker stubs

.iplt           0x0800d518        0x0
 .iplt          0x0800d518        0x0 C:/ST/STM32CubeCLT_1.18.0/GNU-tools-for-STM32/bin/../lib/gcc/arm-none-eabi/13.3.1/thumb/v7e-m+fp/hard/crtbegin.o

.rodata         0x0800d518     0x3ecc
                0x0800d518                        . = ALIGN (0x4)
 *(.rodata)
 .rodata        0x0800d518      0x115 CMakeFiles/Driver_Interface_NucleoG474RE_firmware.dir/Core/Src/SSD1322_OLED_lib/SSD1322.c.obj
 *(.rodata*)
 .rodata._printf_float.str1.1
                0x0800d62d      0x171 C:/ST/STM32CubeCLT_1.18.0/GNU-tools-for-STM32/bin/../lib/gcc/arm-none-eabi/13.3.1/../../../../arm-none-eabi/lib/thumb/v7e-m+fp/hard\libc_nano.a(libc_a-nano-vfprintf_float.o)
                                 0x12 (size before relaxing)
 .rodata._printf_i.str1.1
                0x0800d79e       0x22 C:/ST/STM32CubeCLT_1.18.0/GNU-tools-for-STM32/bin/../lib/gcc/arm-none-eabi/13.3.1/../../../../arm-none-eabi/lib/thumb/v7e-m+fp/hard\libc_nano.a(libc_a-nano-vfprintf_i.o)
 .rodata._dtoa_r.str1.1
                0x0800d79e       0x8f C:/ST/STM32CubeCLT_1.18.0/GNU-tools-for-STM32/bin/../lib/gcc/arm-none-eabi/13.3.1/../../../../arm-none-eabi/lib/thumb/v7e-m+fp/hard\libc_nano.a(libc_a-dtoa.o)
 .rodata._Balloc.str1.1
                0x0800d79e       0x70 C:/ST/STM32CubeCLT_1.18.0/GNU-tools-for-STM32/bin/../lib/gcc/arm-none-eabi/13.3.1/../../../../arm-none-eabi/lib/thumb/v7e-m+fp/hard\libc_nano.a(libc_a-mprec.o)
 .rodata.__multadd.str1.1
                0x0800d79e       0x11 C:/ST/STM32CubeCLT_1.18.0/GNU-tools-for-STM32/bin/../lib/gcc/arm-none-eabi/13.3.1/../../../../arm-none-eabi/lib/thumb/v7e-m+fp/hard\libc_nano.a(libc_a-mprec.o)
 *fill*         0x0800d79e        0x2 
 .rodata.p05.0  0x0800d7a0        0xc C:/ST/STM32CubeCLT_1.18.0/GNU-tools-for-STM32/bin/../lib/gcc/arm-none-eabi/13.3.1/../../../../arm-none-eabi/lib/thumb/v7e-m+fp/hard\libc_nano.a(libc_a-mprec.o)
 *fill*         0x0800d7ac        0x4 
 .rodata.__mprec_bigtens
                0x0800d7b0       0x28 C:/ST/STM32CubeCLT_1.18.0/GNU-tools-for-STM32/bin/../lib/gcc/arm-none-eabi/13.3.1/../../../../arm-none-eabi/lib/thumb/v7e-m+fp/hard\libc_nano.a(libc_a-mprec.o)
                0x0800d7b0                __mprec_bigtens
 .rodata.__mprec_tens
                0x0800d7d8       0xc8 C:/ST/STM32CubeCLT_1.18.0/GNU-tools-for-STM32/bin/../lib/gcc/arm-none-eabi/13.3.1/../../../../arm-none-eabi/lib/thumb/v7e-m+fp/hard\libc_nano.a(libc_a-mprec.o)
                0x0800d7d8                __mprec_tens
 .rodata._setlocale_r.str1.1
                0x0800d8a0        0x9 C:/ST/STM32CubeCLT_1.18.0/GNU-tools-for-STM32/bin/../lib/gcc/arm-none-eabi/13.3.1/../../../../arm-none-eabi/lib/thumb/v7e-m+fp/hard\libc_nano.a(libc_a-locale.o)
 .rodata.str1.1
                0x0800d8a0        0x2 C:/ST/STM32CubeCLT_1.18.0/GNU-tools-for-STM32/bin/../lib/gcc/arm-none-eabi/13.3.1/../../../../arm-none-eabi/lib/thumb/v7e-m+fp/hard\libc_nano.a(libc_a-locale.o)
 .rodata.__assert_func.str1.1
                0x0800d8a0       0x3d C:/ST/STM32CubeCLT_1.18.0/GNU-tools-for-STM32/bin/../lib/gcc/arm-none-eabi/13.3.1/../../../../arm-none-eabi/lib/thumb/v7e-m+fp/hard\libc_nano.a(libc_a-assert.o)
 .rodata._ctype_
                0x0800d8a0      0x101 C:/ST/STM32CubeCLT_1.18.0/GNU-tools-for-STM32/bin/../lib/gcc/arm-none-eabi/13.3.1/../../../../arm-none-eabi/lib/thumb/v7e-m+fp/hard\libc_nano.a(libc_a-ctype_.o)
                0x0800d8a0                _ctype_
 .rodata._vfprintf_r.str1.1
                0x0800d9a1       0x11 C:/ST/STM32CubeCLT_1.18.0/GNU-tools-for-STM32/bin/../lib/gcc/arm-none-eabi/13.3.1/../../../../arm-none-eabi/lib/thumb/v7e-m+fp/hard\libc_nano.a(libc_a-nano-vfprintf.o)
 *fill*         0x0800d9a1        0x3 
 .rodata.AHBPrescTable
                0x0800d9a4       0x10 cmake/stm32cubemx/CMakeFiles/STM32_Drivers.dir/__/__/Core/Src/system_stm32g4xx.c.obj
                0x0800d9a4                AHBPrescTable
 .rodata.DLCtoBytes
                0x0800d9b4       0x10 cmake/stm32cubemx/CMakeFiles/STM32_Drivers.dir/__/__/Drivers/STM32G4xx_HAL_Driver/Src/stm32g4xx_hal_fdcan.c.obj
 .rodata.FontBitmaps
                0x0800d9c4     0x19fa CMakeFiles/Driver_Interface_NucleoG474RE_firmware.dir/Core/Src/SSD1322_OLED_lib/SSD1322_GFX.c.obj
                0x0800d9c4                FontBitmaps
 *fill*         0x0800f3be        0x2 
 .rodata.SSE    0x0800f3c0     0x2000 CMakeFiles/Driver_Interface_NucleoG474RE_firmware.dir/Core/Src/SSD1322_OLED_lib/SSD1322.c.obj
                0x0800f3c0                SSE
 .rodata.TS_ADC_THRESHOLD
                0x080113c0        0x2 CMakeFiles/Driver_Interface_NucleoG474RE_firmware.dir/Core/Src/icu_globals.c.obj
                0x080113c0                TS_ADC_THRESHOLD
 .rodata.light_sig_output
                0x080113c2        0x2 CMakeFiles/Driver_Interface_NucleoG474RE_firmware.dir/Core/Src/icu_globals.c.obj
                0x080113c2                light_sig_output
 .rodata.ROT_threshold
                0x080113c4       0x18 CMakeFiles/Driver_Interface_NucleoG474RE_firmware.dir/Core/Src/icu_globals.c.obj
                0x080113c4                ROT_threshold
 .rodata.ROT_diff_threshold
                0x080113dc        0x4 CMakeFiles/Driver_Interface_NucleoG474RE_firmware.dir/Core/Src/icu_globals.c.obj
                0x080113dc                ROT_diff_threshold
 .rodata.oled_refresh_interval
                0x080113e0        0x2 CMakeFiles/Driver_Interface_NucleoG474RE_firmware.dir/Core/Src/icu_globals.c.obj
                0x080113e0                oled_refresh_interval
 .rodata.Regen_throttle_interval
                0x080113e2        0x2 CMakeFiles/Driver_Interface_NucleoG474RE_firmware.dir/Core/Src/icu_globals.c.obj
                0x080113e2                Regen_throttle_interval
 .rodata._svfprintf_r.str1.1
                0x080113e4       0x11 C:/ST/STM32CubeCLT_1.18.0/GNU-tools-for-STM32/bin/../lib/gcc/arm-none-eabi/13.3.1/../../../../arm-none-eabi/lib/thumb/v7e-m+fp/hard\libg_nano.a(libc_a-nano-svfprintf.o)
                0x080113f8                        . = ALIGN (0x4)

.ARM.extab
 *(.ARM.extab* .gnu.linkonce.armextab.*)

.ARM            0x080113e4        0x8
                0x080113e4                        __exidx_start = .
 *(.ARM.exidx*)
 .ARM.exidx     0x080113e4        0x8 C:/ST/STM32CubeCLT_1.18.0/GNU-tools-for-STM32/bin/../lib/gcc/arm-none-eabi/13.3.1/../../../../arm-none-eabi/lib/thumb/v7e-m+fp/hard\libc_nano.a(libc_a-memchr.o)
 .ARM.exidx     0x080113ec        0x0 C:/ST/STM32CubeCLT_1.18.0/GNU-tools-for-STM32/bin/../lib/gcc/arm-none-eabi/13.3.1/../../../../arm-none-eabi/lib/thumb/v7e-m+fp/hard\libc_nano.a(libc_a-strlen.o)
                                  0x8 (size before relaxing)
                0x080113ec                        __exidx_end = .

.rel.dyn        0x080113ec        0x0
 .rel.iplt      0x080113ec        0x0 C:/ST/STM32CubeCLT_1.18.0/GNU-tools-for-STM32/bin/../lib/gcc/arm-none-eabi/13.3.1/thumb/v7e-m+fp/hard/crtbegin.o

.preinit_array  0x080113ec        0x0