Archive member included to satisfy reference by file (symbol)

C:/Program Files/STMicroelectronics/STM32CubeCLT_1.16.0/GNU-tools-for-STM32/bin/../lib/gcc/arm-none-eabi/12.3.1/../../../../arm-none-eabi/lib/thumb/v7e-m+fp/hard\libc_nano.a(libc_a-exit.o)
                              C:/Program Files/STMicroelectronics/STM32CubeCLT_1.16.0/GNU-tools-for-STM32/bin/../lib/gcc/arm-none-eabi/12.3.1/../../../../arm-none-eabi/lib/thumb/v7e-m+fp/hard/crt0.o (exit)
C:/Program Files/STMicroelectronics/STM32CubeCLT_1.16.0/GNU-tools-for-STM32/bin/../lib/gcc/arm-none-eabi/12.3.1/../../../../arm-none-eabi/lib/thumb/v7e-m+fp/hard\libc_nano.a(libc_a-findfp.o)
                              C:/Program Files/STMicroelectronics/STM32CubeCLT_1.16.0/GNU-tools-for-STM32/bin/../lib/gcc/arm-none-eabi/12.3.1/../../../../arm-none-eabi/lib/thumb/v7e-m+fp/hard\libc_nano.a(libc_a-exit.o) (__stdio_exit_handler)
C:/Program Files/STMicroelectronics/STM32CubeCLT_1.16.0/GNU-tools-for-STM32/bin/../lib/gcc/arm-none-eabi/12.3.1/../../../../arm-none-eabi/lib/thumb/v7e-m+fp/hard\libc_nano.a(libc_a-fwalk.o)
                              C:/Program Files/STMicroelectronics/STM32CubeCLT_1.16.0/GNU-tools-for-STM32/bin/../lib/gcc/arm-none-eabi/12.3.1/../../../../arm-none-eabi/lib/thumb/v7e-m+fp/hard\libc_nano.a(libc_a-findfp.o) (_fwalk_sglue)
C:/Program Files/STMicroelectronics/STM32CubeCLT_1.16.0/GNU-tools-for-STM32/bin/../lib/gcc/arm-none-eabi/12.3.1/../../../../arm-none-eabi/lib/thumb/v7e-m+fp/hard\libc_nano.a(libc_a-stdio.o)
                              C:/Program Files/STMicroelectronics/STM32CubeCLT_1.16.0/GNU-tools-for-STM32/bin/../lib/gcc/arm-none-eabi/12.3.1/../../../../arm-none-eabi/lib/thumb/v7e-m+fp/hard\libc_nano.a(libc_a-findfp.o) (__sread)
C:/Program Files/STMicroelectronics/STM32CubeCLT_1.16.0/GNU-tools-for-STM32/bin/../lib/gcc/arm-none-eabi/12.3.1/../../../../arm-none-eabi/lib/thumb/v7e-m+fp/hard\libc_nano.a(libc_a-memset.o)
                              C:/Program Files/STMicroelectronics/STM32CubeCLT_1.16.0/GNU-tools-for-STM32/bin/../lib/gcc/arm-none-eabi/12.3.1/../../../../arm-none-eabi/lib/thumb/v7e-m+fp/hard/crt0.o (memset)
C:/Program Files/STMicroelectronics/STM32CubeCLT_1.16.0/GNU-tools-for-STM32/bin/../lib/gcc/arm-none-eabi/12.3.1/../../../../arm-none-eabi/lib/thumb/v7e-m+fp/hard\libc_nano.a(libc_a-closer.o)
                              C:/Program Files/STMicroelectronics/STM32CubeCLT_1.16.0/GNU-tools-for-STM32/bin/../lib/gcc/arm-none-eabi/12.3.1/../../../../arm-none-eabi/lib/thumb/v7e-m+fp/hard\libc_nano.a(libc_a-stdio.o) (_close_r)
C:/Program Files/STMicroelectronics/STM32CubeCLT_1.16.0/GNU-tools-for-STM32/bin/../lib/gcc/arm-none-eabi/12.3.1/../../../../arm-none-eabi/lib/thumb/v7e-m+fp/hard\libc_nano.a(libc_a-reent.o)
                              C:/Program Files/STMicroelectronics/STM32CubeCLT_1.16.0/GNU-tools-for-STM32/bin/../lib/gcc/arm-none-eabi/12.3.1/../../../../arm-none-eabi/lib/thumb/v7e-m+fp/hard\libc_nano.a(libc_a-closer.o) (errno)
C:/Program Files/STMicroelectronics/STM32CubeCLT_1.16.0/GNU-tools-for-STM32/bin/../lib/gcc/arm-none-eabi/12.3.1/../../../../arm-none-eabi/lib/thumb/v7e-m+fp/hard\libc_nano.a(libc_a-impure.o)
                              C:/Program Files/STMicroelectronics/STM32CubeCLT_1.16.0/GNU-tools-for-STM32/bin/../lib/gcc/arm-none-eabi/12.3.1/../../../../arm-none-eabi/lib/thumb/v7e-m+fp/hard\libc_nano.a(libc_a-reent.o) (_impure_ptr)
C:/Program Files/STMicroelectronics/STM32CubeCLT_1.16.0/GNU-tools-for-STM32/bin/../lib/gcc/arm-none-eabi/12.3.1/../../../../arm-none-eabi/lib/thumb/v7e-m+fp/hard\libc_nano.a(libc_a-lseekr.o)
                              C:/Program Files/STMicroelectronics/STM32CubeCLT_1.16.0/GNU-tools-for-STM32/bin/../lib/gcc/arm-none-eabi/12.3.1/../../../../arm-none-eabi/lib/thumb/v7e-m+fp/hard\libc_nano.a(libc_a-stdio.o) (_lseek_r)
C:/Program Files/STMicroelectronics/STM32CubeCLT_1.16.0/GNU-tools-for-STM32/bin/../lib/gcc/arm-none-eabi/12.3.1/../../../../arm-none-eabi/lib/thumb/v7e-m+fp/hard\libc_nano.a(libc_a-readr.o)
                              C:/Program Files/STMicroelectronics/STM32CubeCLT_1.16.0/GNU-tools-for-STM32/bin/../lib/gcc/arm-none-eabi/12.3.1/../../../../arm-none-eabi/lib/thumb/v7e-m+fp/hard\libc_nano.a(libc_a-stdio.o) (_read_r)
C:/Program Files/STMicroelectronics/STM32CubeCLT_1.16.0/GNU-tools-for-STM32/bin/../lib/gcc/arm-none-eabi/12.3.1/../../../../arm-none-eabi/lib/thumb/v7e-m+fp/hard\libc_nano.a(libc_a-writer.o)
                              C:/Program Files/STMicroelectronics/STM32CubeCLT_1.16.0/GNU-tools-for-STM32/bin/../lib/gcc/arm-none-eabi/12.3.1/../../../../arm-none-eabi/lib/thumb/v7e-m+fp/hard\libc_nano.a(libc_a-stdio.o) (_write_r)
C:/Program Files/STMicroelectronics/STM32CubeCLT_1.16.0/GNU-tools-for-STM32/bin/../lib/gcc/arm-none-eabi/12.3.1/../../../../arm-none-eabi/lib/thumb/v7e-m+fp/hard\libc_nano.a(libc_a-init.o)
[...]
Memory Configuration

Name             Origin             Length             Attributes
RAM              0x20000000         0x00020000         xrw
FLASH            0x08000000         0x00080000         xr
*default*        0x00000000         0xffffffff

Linker script and memory map

LOAD C:/Program Files/STMicroelectronics/STM32CubeCLT_1.16.0/GNU-tools-for-STM32/bin/../lib/gcc/arm-none-eabi/12.3.1/thumb/v7e-m+fp/hard/crti.o
LOAD C:/Program Files/STMicroelectronics/STM32CubeCLT_1.16.0/GNU-tools-for-STM32/bin/../lib/gcc/arm-none-eabi/12.3.1/thumb/v7e-m+fp/hard/crtbegin.o
LOAD C:/Program Files/STMicroelectronics/STM32CubeCLT_1.16.0/GNU-tools-for-STM32/bin/../lib/gcc/arm-none-eabi/12.3.1/../../../../arm-none-eabi/lib/thumb/v7e-m+fp/hard/crt0.o
START GROUP
LOAD C:/Program Files/STMicroelectronics/STM32CubeCLT_1.16.0/GNU-tools-for-STM32/bin/../lib/gcc/arm-none-eabi/12.3.1/../../../../arm-none-eabi/lib/thumb/v7e-m+fp/hard\libc_nano.a
LOAD C:/Program Files/STMicroelectronics/STM32CubeCLT_1.16.0/GNU-tools-for-STM32/bin/../lib/gcc/arm-none-eabi/12.3.1/../../../../arm-none-eabi/lib/thumb/v7e-m+fp/hard\libm.a
END GROUP
LOAD CMakeFiles/Driver_Interface_NucleoG474RE_firmware.dir/Core/Src/main.c.obj
LOAD CMakeFiles/Driver_Interface_NucleoG474RE_firmware.dir/Core/Src/SSD1322_OLED_lib/SSD1322_API.c.obj
LOAD CMakeFiles/Driver_Interface_NucleoG474RE_firmware.dir/Core/Src/SSD1322_OLED_lib/SSD1322_GFX.c.obj
LOAD CMakeFiles/Driver_Interface_NucleoG474RE_firmware.dir/Core/Src/SSD1322_OLED_lib/SSD1322_HW_Driver.c.obj
LOAD CMakeFiles/Driver_Interface_NucleoG474RE_firmware.dir/Core/Src/stm32g4xx_it.c.obj
LOAD CMakeFiles/Driver_Interface_NucleoG474RE_firmware.dir/Core/Src/stm32g4xx_hal_msp.c.obj
LOAD CMakeFiles/Driver_Interface_NucleoG474RE_firmware.dir/Drivers/STM32G4xx_HAL_Driver/Src/stm32g4xx_hal_adc.c.obj
LOAD CMakeFiles/Driver_Interface_NucleoG474RE_firmware.dir/Drivers/STM32G4xx_HAL_Driver/Src/stm32g4xx_hal_adc_ex.c.obj
LOAD CMakeFiles/Driver_Interface_NucleoG474RE_firmware.dir/Drivers/STM32G4xx_HAL_Driver/Src/stm32g4xx_ll_adc.c.obj
LOAD CMakeFiles/Driver_Interface_NucleoG474RE_firmware.dir/Drivers/STM32G4xx_HAL_Driver/Src/stm32g4xx_hal.c.obj
LOAD CMakeFiles/Driver_Interface_NucleoG474RE_firmware.dir/Drivers/STM32G4xx_HAL_Driver/Src/stm32g4xx_hal_rcc.c.obj
LOAD CMakeFiles/Driver_Interface_NucleoG474RE_firmware.dir/Drivers/STM32G4xx_HAL_Driver/Src/stm32g4xx_hal_rcc_ex.c.obj
LOAD CMakeFiles/Driver_Interface_NucleoG474RE_firmware.dir/Drivers/STM32G4xx_HAL_Driver/Src/stm32g4xx_hal_flash.c.obj
LOAD CMakeFiles/Driver_Interface_NucleoG474RE_firmware.dir/Drivers/STM32G4xx_HAL_Driver/Src/stm32g4xx_hal_flash_ex.c.obj
LOAD CMakeFiles/Driver_Interface_NucleoG474RE_firmware.dir/Drivers/STM32G4xx_HAL_Driver/Src/stm32g4xx_hal_flash_ramfunc.c.obj
LOAD CMakeFiles/Driver_Interface_NucleoG474RE_firmware.dir/Drivers/STM32G4xx_HAL_Driver/Src/stm32g4xx_hal_gpio.c.obj
LOAD CMakeFiles/Driver_Interface_NucleoG474RE_firmware.dir/Drivers/STM32G4xx_HAL_Driver/Src/stm32g4xx_hal_exti.c.obj
LOAD CMakeFiles/Driver_Interface_NucleoG474RE_firmware.dir/Drivers/STM32G4xx_HAL_Driver/Src/stm32g4xx_hal_dma.c.obj
LOAD CMakeFiles/Driver_Interface_NucleoG474RE_firmware.dir/Drivers/STM32G4xx_HAL_Driver/Src/stm32g4xx_hal_dma_ex.c.obj
LOAD CMakeFiles/Driver_Interface_NucleoG474RE_firmware.dir/Drivers/STM32G4xx_HAL_Driver/Src/stm32g4xx_hal_pwr.c.obj
LOAD CMakeFiles/Driver_Interface_NucleoG474RE_firmware.dir/Drivers/STM32G4xx_HAL_Driver/Src/stm32g4xx_hal_pwr_ex.c.obj
LOAD CMakeFiles/Driver_Interface_NucleoG474RE_firmware.dir/Drivers/STM32G4xx_HAL_Driver/Src/stm32g4xx_hal_cortex.c.obj
LOAD CMakeFiles/Driver_Interface_NucleoG474RE_firmware.dir/Drivers/STM32G4xx_HAL_Driver/Src/stm32g4xx_hal_fdcan.c.obj
LOAD CMakeFiles/Driver_Interface_NucleoG474RE_firmware.dir/Drivers/STM32G4xx_HAL_Driver/Src/stm32g4xx_hal_spi.c.obj
LOAD CMakeFiles/Driver_Interface_NucleoG474RE_firmware.dir/Drivers/STM32G4xx_HAL_Driver/Src/stm32g4xx_hal_spi_ex.c.obj
LOAD CMakeFiles/Driver_Interface_NucleoG474RE_firmware.dir/Drivers/STM32G4xx_HAL_Driver/Src/stm32g4xx_hal_tim.c.obj
LOAD CMakeFiles/Driver_Interface_NucleoG474RE_firmware.dir/Drivers/STM32G4xx_HAL_Driver/Src/stm32g4xx_hal_tim_ex.c.obj
LOAD CMakeFiles/Driver_Interface_NucleoG474RE_firmware.dir/Core/Src/system_stm32g4xx.c.obj
LOAD CMakeFiles/Driver_Interface_NucleoG474RE_firmware.dir/Core/Src/sysmem.c.obj
LOAD CMakeFiles/Driver_Interface_NucleoG474RE_firmware.dir/Core/Src/syscalls.c.obj
LOAD CMakeFiles/Driver_Interface_NucleoG474RE_firmware.dir/startup_stm32g474xx.s.obj
START GROUP
LOAD C:/Program Files/STMicroelectronics/STM32CubeCLT_1.16.0/GNU-tools-for-STM32/bin/../lib/gcc/arm-none-eabi/12.3.1/thumb/v7e-m+fp/hard\libgcc.a
LOAD C:/Program Files/STMicroelectronics/STM32CubeCLT_1.16.0/GNU-tools-for-STM32/bin/../lib/gcc/arm-none-eabi/12.3.1/../../../../arm-none-eabi/lib/thumb/v7e-m+fp/hard\libg_nano.a
LOAD C:/Program Files/STMicroelectronics/STM32CubeCLT_1.16.0/GNU-tools-for-STM32/bin/../lib/gcc/arm-none-eabi/12.3.1/../../../../arm-none-eabi/lib/thumb/v7e-m+fp/hard\libc_nano.a
END GROUP
START GROUP
LOAD C:/Program Files/STMicroelectronics/STM32CubeCLT_1.16.0/GNU-tools-for-STM32/bin/../lib/gcc/arm-none-eabi/12.3.1/thumb/v7e-m+fp/hard\libgcc.a
LOAD C:/Program Files/STMicroelectronics/STM32CubeCLT_1.16.0/GNU-tools-for-STM32/bin/../lib/gcc/arm-none-eabi/12.3.1/../../../../arm-none-eabi/lib/thumb/v7e-m+fp/hard\libc_nano.a
END GROUP
LOAD C:/Program Files/STMicroelectronics/STM32CubeCLT_1.16.0/GNU-tools-for-STM32/bin/../lib/gcc/arm-none-eabi/12.3.1/thumb/v7e-m+fp/hard/crtend.o
LOAD C:/Program Files/STMicroelectronics/STM32CubeCLT_1.16.0/GNU-tools-for-STM32/bin/../lib/gcc/arm-none-eabi/12.3.1/thumb/v7e-m+fp/hard/crtn.o
                0x20020000                        _estack = (ORIGIN (RAM) + LENGTH (RAM))
                0x00000200                        _Min_Heap_Size = 0x200
                0x00000400                        _Min_Stack_Size = 0x400

.isr_vector     0x08000000      0x1d8
                0x08000000                        . = ALIGN (0x4)
 *(.isr_vector)
 .isr_vector    0x08000000      0x1d8 CMakeFiles/Driver_Interface_NucleoG474RE_firmware.dir/startup_stm32g474xx.s.obj
                0x08000000                g_pfnVectors
                0x080001d8                        . = ALIGN (0x4)

.text           0x080001d8     0x87b8
                0x080001d8                        . = ALIGN (0x4)
 *(.text)
 .text          0x080001d8       0x40 C:/Program Files/STMicroelectronics/STM32CubeCLT_1.16.0/GNU-tools-for-STM32/bin/../lib/gcc/arm-none-eabi/12.3.1/thumb/v7e-m+fp/hard/crtbegin.o
 .text          0x08000218      0x254 C:/Program Files/STMicroelectronics/STM32CubeCLT_1.16.0/GNU-tools-for-STM32/bin/../lib/gcc/arm-none-eabi/12.3.1/thumb/v7e-m+fp/hard\libgcc.a(_arm_muldf3.o)
                0x08000218                __muldf3
                0x08000218                __aeabi_dmul
 .text          0x0800046c      0x378 C:/Program Files/STMicroelectronics/STM32CubeCLT_1.16.0/GNU-tools-for-STM32/bin/../lib/gcc/arm-none-eabi/12.3.1/thumb/v7e-m+fp/hard\libgcc.a(_arm_addsubdf3.o)
                0x0800046c                __aeabi_drsub
                0x08000474                __aeabi_dsub
                0x08000474                __subdf3
                0x08000478                __aeabi_dadd
                0x08000478                __adddf3
                0x080006f0                __floatunsidf
                0x080006f0                __aeabi_ui2d
                0x08000710                __floatsidf
                0x08000710                __aeabi_i2d
                0x08000734                __aeabi_f2d
                0x08000734                __extendsfdf2
                0x08000778                __floatundidf
                0x08000778                __aeabi_ul2d
                0x08000788                __floatdidf
                0x08000788                __aeabi_l2d
 .text          0x080007e4       0x40 C:/Program Files/STMicroelectronics/STM32CubeCLT_1.16.0/GNU-tools-for-STM32/bin/../lib/gcc/arm-none-eabi/12.3.1/thumb/v7e-m+fp/hard\libgcc.a(_arm_fixunsdfsi.o)
                0x080007e4                __aeabi_d2uiz
                0x080007e4                __fixunsdfsi
 .text          0x08000824       0xa0 C:/Program Files/STMicroelectronics/STM32CubeCLT_1.16.0/GNU-tools-for-STM32/bin/../lib/gcc/arm-none-eabi/12.3.1/thumb/v7e-m+fp/hard\libgcc.a(_arm_truncdfsf2.o)
                0x08000824                __truncdfsf2
                0x08000824                __aeabi_d2f
 .text          0x080008c4      0x110 C:/Program Files/STMicroelectronics/STM32CubeCLT_1.16.0/GNU-tools-for-STM32/bin/../lib/gcc/arm-none-eabi/12.3.1/thumb/v7e-m+fp/hard\libgcc.a(_arm_cmpdf2.o)
                0x080008c4                __gtdf2
                0x080008c4                __gedf2
                0x080008cc                __ltdf2
                0x080008cc                __ledf2
                0x080008d4                __nedf2
                0x080008d4                __eqdf2
                0x080008d4                __cmpdf2
                0x08000950                __aeabi_cdrcmple
                0x08000960                __aeabi_cdcmpeq
                0x08000960                __aeabi_cdcmple
                0x08000970                __aeabi_dcmpeq
                0x08000984                __aeabi_dcmplt
                0x08000998                __aeabi_dcmple
                0x080009ac                __aeabi_dcmpge
                0x080009c0                __aeabi_dcmpgt
 *(.text*)
 .text.memset   0x080009d4       0x10 C:/Program Files/STMicroelectronics/STM32CubeCLT_1.16.0/GNU-tools-for-STM32/bin/../lib/gcc/arm-none-eabi/12.3.1/../../../../arm-none-eabi/lib/thumb/v7e-m+fp/hard\libc_nano.a(libc_a-memset.o)
                0x080009d4                memset
 .text.__libc_init_array
                0x080009e4       0x48 C:/Program Files/STMicroelectronics/STM32CubeCLT_1.16.0/GNU-tools-for-STM32/bin/../lib/gcc/arm-none-eabi/12.3.1/../../../../arm-none-eabi/lib/thumb/v7e-m+fp/hard\libc_nano.a(libc_a-init.o)
                0x080009e4                __libc_init_array
 .text.Queue_reset
                0x08000a2c       0x2c CMakeFiles/Driver_Interface_NucleoG474RE_firmware.dir/Core/Src/main.c.obj
                0x08000a2c                Queue_reset
 .text.Rotray_Encoder_reset
                0x08000a58       0x34 CMakeFiles/Driver_Interface_NucleoG474RE_firmware.dir/Core/Src/main.c.obj
                0x08000a58                Rotray_Encoder_reset
 .text.main     0x08000a8c      0x52c CMakeFiles/Driver_Interface_NucleoG474RE_firmware.dir/Core/Src/main.c.obj
                0x08000a8c                main
 .text.SystemClock_Config
                0x08000fb8       0x98 CMakeFiles/Driver_Interface_NucleoG474RE_firmware.dir/Core/Src/main.c.obj
                0x08000fb8                SystemClock_Config
 .text.MX_NVIC_Init
                0x08001050       0x78 CMakeFiles/Driver_Interface_NucleoG474RE_firmware.dir/Core/Src/main.c.obj
 .text.MX_ADC1_Init
                0x080010c8      0x114 CMakeFiles/Driver_Interface_NucleoG474RE_firmware.dir/Core/Src/main.c.obj
 .text.MX_FDCAN1_Init
                0x080011dc       0x8c CMakeFiles/Driver_Interface_NucleoG474RE_firmware.dir/Core/Src/main.c.obj
 .text.MX_SPI3_Init
                0x08001268       0x7c CMakeFiles/Driver_Interface_NucleoG474RE_firmware.dir/Core/Src/main.c.obj
 .text.MX_TIM6_Init
                0x080012e4       0x6c CMakeFiles/Driver_Interface_NucleoG474RE_firmware.dir/Core/Src/main.c.obj
 .text.MX_TIM7_Init
                0x08001350       0x6c CMakeFiles/Driver_Interface_NucleoG474RE_firmware.dir/Core/Src/main.c.obj
 .text.MX_DMA_Init
                0x080013bc       0x48 CMakeFiles/Driver_Interface_NucleoG474RE_firmware.dir/Core/Src/main.c.obj
 .text.MX_GPIO_Init
                0x08001404      0x120 CMakeFiles/Driver_Interface_NucleoG474RE_firmware.dir/Core/Src/main.c.obj
 .text.sendSignalLightsInputsToVCU
                0x08001524       0x40 CMakeFiles/Driver_Interface_NucleoG474RE_firmware.dir/Core/Src/main.c.obj
 .text.updateTSFlags
                0x08001564       0xa0 CMakeFiles/Driver_Interface_NucleoG474RE_firmware.dir/Core/Src/main.c.obj
 .text.updateHazardSigFlag
                0x08001604       0x10 CMakeFiles/Driver_Interface_NucleoG474RE_firmware.dir/Core/Src/main.c.obj
 .text.updateVSLEDOutputs
                0x08001614       0x78 CMakeFiles/Driver_Interface_NucleoG474RE_firmware.dir/Core/Src/main.c.obj
 .text.HAL_ADC_ConvCpltCallback
                0x0800168c       0x3c CMakeFiles/Driver_Interface_NucleoG474RE_firmware.dir/Core/Src/main.c.obj
                0x0800168c                HAL_ADC_ConvCpltCallback
 .text.Queue_Sampling
                0x080016c8       0xae CMakeFiles/Driver_Interface_NucleoG474RE_firmware.dir/Core/Src/main.c.obj
                0x080016c8                Queue_Sampling
 .text.compare_queue
                0x08001776       0x92 CMakeFiles/Driver_Interface_NucleoG474RE_firmware.dir/Core/Src/main.c.obj
                0x08001776                compare_queue
 .text.Rotary_encoder
                0x08001808       0x84 CMakeFiles/Driver_Interface_NucleoG474RE_firmware.dir/Core/Src/main.c.obj
                0x08001808                Rotary_encoder
 .text.HAL_TIM_PeriodElapsedCallback
                0x0800188c       0xa0 CMakeFiles/Driver_Interface_NucleoG474RE_firmware.dir/Core/Src/main.c.obj
                0x0800188c                HAL_TIM_PeriodElapsedCallback
 .text.HAL_GPIO_EXTI_Callback
                0x0800192c       0xa4 CMakeFiles/Driver_Interface_NucleoG474RE_firmware.dir/Core/Src/main.c.obj
                0x0800192c                HAL_GPIO_EXTI_Callback
 .text.HAL_FDCAN_RxFifo0Callback
                0x080019d0       0x60 CMakeFiles/Driver_Interface_NucleoG474RE_firmware.dir/Core/Src/main.c.obj
                0x080019d0                HAL_FDCAN_RxFifo0Callback
 .text.Error_Handler
                0x08001a30        0xc CMakeFiles/Driver_Interface_NucleoG474RE_firmware.dir/Core/Src/main.c.obj
                0x08001a30                Error_Handler
 .text.SSD1322_API_command
                0x08001a3c       0x26 CMakeFiles/Driver_Interface_NucleoG474RE_firmware.dir/Core/Src/SSD1322_OLED_lib/SSD1322_API.c.obj
                0x08001a3c                SSD1322_API_command
 .text.SSD1322_API_data
                0x08001a62       0x26 CMakeFiles/Driver_Interface_NucleoG474RE_firmware.dir/Core/Src/SSD1322_OLED_lib/SSD1322_API.c.obj
                0x08001a62                SSD1322_API_data
 .text.SSD1322_API_init
                0x08001a88      0x118 CMakeFiles/Driver_Interface_NucleoG474RE_firmware.dir/Core/Src/SSD1322_OLED_lib/SSD1322_API.c.obj
                0x08001a88                SSD1322_API_init
 .text.SSD1322_API_set_display_mode
                0x08001ba0       0x50 CMakeFiles/Driver_Interface_NucleoG474RE_firmware.dir/Core/Src/SSD1322_OLED_lib/SSD1322_API.c.obj
                0x08001ba0                SSD1322_API_set_display_mode
 .text.SSD1322_API_sleep_on
                0x08001bf0        0xe CMakeFiles/Driver_Interface_NucleoG474RE_firmware.dir/Core/Src/SSD1322_OLED_lib/SSD1322_API.c.obj
                0x08001bf0                SSD1322_API_sleep_on
 .text.SSD1322_API_sleep_off
                0x08001bfe        0xe CMakeFiles/Driver_Interface_NucleoG474RE_firmware.dir/Core/Src/SSD1322_OLED_lib/SSD1322_API.c.obj
                0x08001bfe                SSD1322_API_sleep_off
 .text.SSD1322_API_custom_grayscale
                0x08001c0c       0x4e CMakeFiles/Driver_Interface_NucleoG474RE_firmware.dir/Core/Src/SSD1322_OLED_lib/SSD1322_API.c.obj
                0x08001c0c                SSD1322_API_custom_grayscale
 .text.SSD1322_API_default_grayscale
                0x08001c5a        0xe CMakeFiles/Driver_Interface_NucleoG474RE_firmware.dir/Core/Src/SSD1322_OLED_lib/SSD1322_API.c.obj
                0x08001c5a                SSD1322_API_default_grayscale
 .text.SSD1322_API_set_window
                0x08001c68       0x5a CMakeFiles/Driver_Interface_NucleoG474RE_firmware.dir/Core/Src/SSD1322_OLED_lib/SSD1322_API.c.obj
                0x08001c68                SSD1322_API_set_window
 .text.SSD1322_API_send_buffer
                0x08001cc2       0x2c CMakeFiles/Driver_Interface_NucleoG474RE_firmware.dir/Core/Src/SSD1322_OLED_lib/SSD1322_API.c.obj
                0x08001cc2                SSD1322_API_send_buffer
 *fill*         0x08001cee        0x2 
 .text.set_buffer_size
                0x08001cf0       0x30 CMakeFiles/Driver_Interface_NucleoG474RE_firmware.dir/Core/Src/SSD1322_OLED_lib/SSD1322_GFX.c.obj
                0x08001cf0                set_buffer_size
 .text.fill_buffer
                0x08001d20       0x60 CMakeFiles/Driver_Interface_NucleoG474RE_firmware.dir/Core/Src/SSD1322_OLED_lib/SSD1322_GFX.c.obj
                0x08001d20                fill_buffer
 .text.draw_pixel
                0x08001d80       0xf8 CMakeFiles/Driver_Interface_NucleoG474RE_firmware.dir/Core/Src/SSD1322_OLED_lib/SSD1322_GFX.c.obj
                0x08001d80                draw_pixel
 .text.draw_vline
                0x08001e78       0x70 CMakeFiles/Driver_Interface_NucleoG474RE_firmware.dir/Core/Src/SSD1322_OLED_lib/SSD1322_GFX.c.obj
                0x08001e78                draw_vline
 .text.draw_hline
                0x08001ee8       0x70 CMakeFiles/Driver_Interface_NucleoG474RE_firmware.dir/Core/Src/SSD1322_OLED_lib/SSD1322_GFX.c.obj
                0x08001ee8                draw_hline
 .text.draw_line
                0x08001f58      0x154 CMakeFiles/Driver_Interface_NucleoG474RE_firmware.dir/Core/Src/SSD1322_OLED_lib/SSD1322_GFX.c.obj
                0x08001f58                draw_line
 .text.draw_AA_line
                0x080020ac      0xb08 CMakeFiles/Driver_Interface_NucleoG474RE_firmware.dir/Core/Src/SSD1322_OLED_lib/SSD1322_GFX.c.obj
                0x080020ac                draw_AA_line
 .text.draw_rect
                0x08002bb4       0x6a CMakeFiles/Driver_Interface_NucleoG474RE_firmware.dir/Core/Src/SSD1322_OLED_lib/SSD1322_GFX.c.obj
                0x08002bb4                draw_rect
 .text.draw_rect_filled
                0x08002c1e       0x5a CMakeFiles/Driver_Interface_NucleoG474RE_firmware.dir/Core/Src/SSD1322_OLED_lib/SSD1322_GFX.c.obj
                0x08002c1e                draw_rect_filled
 .text.draw_circle
                0x08002c78      0x1bc CMakeFiles/Driver_Interface_NucleoG474RE_firmware.dir/Core/Src/SSD1322_OLED_lib/SSD1322_GFX.c.obj
                0x08002c78                draw_circle
 .text.draw_bitmap_8bpp
                0x08002e34       0x70 CMakeFiles/Driver_Interface_NucleoG474RE_firmware.dir/Core/Src/SSD1322_OLED_lib/SSD1322_GFX.c.obj
                0x08002e34                draw_bitmap_8bpp
 .text.draw_bitmap_4bpp
                0x08002ea4       0xa8 CMakeFiles/Driver_Interface_NucleoG474RE_firmware.dir/Core/Src/SSD1322_OLED_lib/SSD1322_GFX.c.obj
                0x08002ea4                draw_bitmap_4bpp
 .text.select_font
                0x08002f4c       0x20 CMakeFiles/Driver_Interface_NucleoG474RE_firmware.dir/Core/Src/SSD1322_OLED_lib/SSD1322_GFX.c.obj
                0x08002f4c                select_font
 .text.draw_char
                0x08002f6c      0x130 CMakeFiles/Driver_Interface_NucleoG474RE_firmware.dir/Core/Src/SSD1322_OLED_lib/SSD1322_GFX.c.obj
                0x08002f6c                draw_char
 .text.draw_text
                0x0800309c       0x68 CMakeFiles/Driver_Interface_NucleoG474RE_firmware.dir/Core/Src/SSD1322_OLED_lib/SSD1322_GFX.c.obj
                0x0800309c                draw_text
 .text.send_buffer_to_OLED
                0x08003104       0x3c CMakeFiles/Driver_Interface_NucleoG474RE_firmware.dir/Core/Src/SSD1322_OLED_lib/SSD1322_GFX.c.obj
                0x08003104                send_buffer_to_OLED
 .text.SSD1322_HW_drive_CS_low
                0x08003140       0x14 CMakeFiles/Driver_Interface_NucleoG474RE_firmware.dir/Core/Src/SSD1322_OLED_lib/SSD1322_HW_Driver.c.obj
                0x08003140                SSD1322_HW_drive_CS_low
 .text.SSD1322_HW_drive_CS_high
                0x08003154       0x14 CMakeFiles/Driver_Interface_NucleoG474RE_firmware.dir/Core/Src/SSD1322_OLED_lib/SSD1322_HW_Driver.c.obj
                0x08003154                SSD1322_HW_drive_CS_high
 .text.SSD1322_HW_drive_DC_low
                0x08003168       0x14 CMakeFiles/Driver_Interface_NucleoG474RE_firmware.dir/Core/Src/SSD1322_OLED_lib/SSD1322_HW_Driver.c.obj
                0x08003168                SSD1322_HW_drive_DC_low
 .text.SSD1322_HW_drive_DC_high
                0x0800317c       0x14 CMakeFiles/Driver_Interface_NucleoG474RE_firmware.dir/Core/Src/SSD1322_OLED_lib/SSD1322_HW_Driver.c.obj
                0x0800317c                SSD1322_HW_drive_DC_high
 .text.SSD1322_HW_drive_RESET_low
                0x08003190       0x14 CMakeFiles/Driver_Interface_NucleoG474RE_firmware.dir/Core/Src/SSD1322_OLED_lib/SSD1322_HW_Driver.c.obj
                0x08003190                SSD1322_HW_drive_RESET_low
 .text.SSD1322_HW_drive_RESET_high
                0x080031a4       0x14 CMakeFiles/Driver_Interface_NucleoG474RE_firmware.dir/Core/Src/SSD1322_OLED_lib/SSD1322_HW_Driver.c.obj
                0x080031a4                SSD1322_HW_drive_RESET_high
 .text.SSD1322_HW_SPI_send_byte
                0x080031b8       0x24 CMakeFiles/Driver_Interface_NucleoG474RE_firmware.dir/Core/Src/SSD1322_OLED_lib/SSD1322_HW_Driver.c.obj
                0x080031b8                SSD1322_HW_SPI_send_byte
 .text.SSD1322_HW_SPI_send_array
                0x080031dc       0x24 CMakeFiles/Driver_Interface_NucleoG474RE_firmware.dir/Core/Src/SSD1322_OLED_lib/SSD1322_HW_Driver.c.obj
                0x080031dc                SSD1322_HW_SPI_send_array
 .text.SSD1322_HW_msDelay
                0x08003200       0x16 CMakeFiles/Driver_Interface_NucleoG474RE_firmware.dir/Core/Src/SSD1322_OLED_lib/SSD1322_HW_Driver.c.obj
                0x08003200                SSD1322_HW_msDelay
 .text.NMI_Handler
                0x08003216        0x8 CMakeFiles/Driver_Interface_NucleoG474RE_firmware.dir/Core/Src/stm32g4xx_it.c.obj
                0x08003216                NMI_Handler
 .text.HardFault_Handler
                0x0800321e        0x8 CMakeFiles/Driver_Interface_NucleoG474RE_firmware.dir/Core/Src/stm32g4xx_it.c.obj
                0x0800321e                HardFault_Handler
 .text.MemManage_Handler
                0x08003226        0x8 CMakeFiles/Driver_Interface_NucleoG474RE_firmware.dir/Core/Src/stm32g4xx_it.c.obj
                0x08003226                MemManage_Handler
 .text.BusFault_Handler
                0x0800322e        0x8 CMakeFiles/Driver_Interface_NucleoG474RE_firmware.dir/Core/Src/stm32g4xx_it.c.obj
                0x0800322e                BusFault_Handler
 .text.UsageFault_Handler
                0x08003236        0x8 CMakeFiles/Driver_Interface_NucleoG474RE_firmware.dir/Core/Src/stm32g4xx_it.c.obj
                0x08003236                UsageFault_Handler
 .text.SVC_Handler
                0x0800323e        0xe CMakeFiles/Driver_Interface_NucleoG474RE_firmware.dir/Core/Src/stm32g4xx_it.c.obj
                0x0800323e                SVC_Handler
 .text.DebugMon_Handler
                0x0800324c        0xe CMakeFiles/Driver_Interface_NucleoG474RE_firmware.dir/Core/Src/stm32g4xx_it.c.obj
                0x0800324c                DebugMon_Handler
 .text.PendSV_Handler
                0x0800325a        0xe CMakeFiles/Driver_Interface_NucleoG474RE_firmware.dir/Core/Src/stm32g4xx_it.c.obj
                0x0800325a                PendSV_Handler
 .text.SysTick_Handler
                0x08003268        0xc CMakeFiles/Driver_Interface_NucleoG474RE_firmware.dir/Core/Src/stm32g4xx_it.c.obj
                0x08003268                SysTick_Handler
 .text.EXTI0_IRQHandler
                0x08003274        0xe CMakeFiles/Driver_Interface_NucleoG474RE_firmware.dir/Core/Src/stm32g4xx_it.c.obj
                0x08003274                EXTI0_IRQHandler
 .text.EXTI4_IRQHandler
                0x08003282        0xe CMakeFiles/Driver_Interface_NucleoG474RE_firmware.dir/Core/Src/stm32g4xx_it.c.obj
                0x08003282                EXTI4_IRQHandler
 .text.DMA1_Channel1_IRQHandler
                0x08003290       0x14 CMakeFiles/Driver_Interface_NucleoG474RE_firmware.dir/Core/Src/stm32g4xx_it.c.obj
                0x08003290                DMA1_Channel1_IRQHandler
 .text.ADC1_2_IRQHandler
                0x080032a4       0x14 CMakeFiles/Driver_Interface_NucleoG474RE_firmware.dir/Core/Src/stm32g4xx_it.c.obj
                0x080032a4                ADC1_2_IRQHandler
 .text.FDCAN1_IT0_IRQHandler
                0x080032b8       0x14 CMakeFiles/Driver_Interface_NucleoG474RE_firmware.dir/Core/Src/stm32g4xx_it.c.obj
                0x080032b8                FDCAN1_IT0_IRQHandler
 .text.EXTI9_5_IRQHandler
                0x080032cc        0xe CMakeFiles/Driver_Interface_NucleoG474RE_firmware.dir/Core/Src/stm32g4xx_it.c.obj
                0x080032cc                EXTI9_5_IRQHandler
 *fill*         0x080032da        0x2 
 .text.TIM7_DAC_IRQHandler
                0x080032dc       0x14 CMakeFiles/Driver_Interface_NucleoG474RE_firmware.dir/Core/Src/stm32g4xx_it.c.obj
                0x080032dc                TIM7_DAC_IRQHandler
 .text.HAL_MspInit
                0x080032f0       0x48 CMakeFiles/Driver_Interface_NucleoG474RE_firmware.dir/Core/Src/stm32g4xx_hal_msp.c.obj
                0x080032f0                HAL_MspInit
 .text.HAL_ADC_MspInit
                0x08003338      0x104 CMakeFiles/Driver_Interface_NucleoG474RE_firmware.dir/Core/Src/stm32g4xx_hal_msp.c.obj
                0x08003338                HAL_ADC_MspInit
 .text.HAL_FDCAN_MspInit
                0x0800343c       0xb4 CMakeFiles/Driver_Interface_NucleoG474RE_firmware.dir/Core/Src/stm32g4xx_hal_msp.c.obj
                0x0800343c                HAL_FDCAN_MspInit
 .text.HAL_SPI_MspInit
                0x080034f0       0x88 CMakeFiles/Driver_Interface_NucleoG474RE_firmware.dir/Core/Src/stm32g4xx_hal_msp.c.obj
                0x080034f0                HAL_SPI_MspInit
 .text.HAL_TIM_Base_MspInit
                0x08003578       0x68 CMakeFiles/Driver_Interface_NucleoG474RE_firmware.dir/Core/Src/stm32g4xx_hal_msp.c.obj
                0x08003578                HAL_TIM_Base_MspInit
 .text.LL_ADC_SetCommonClock
                0x080035e0       0x26 CMakeFiles/Driver_Interface_NucleoG474RE_firmware.dir/Drivers/STM32G4xx_HAL_Driver/Src/stm32g4xx_hal_adc.c.obj
 .text.LL_ADC_SetCommonPathInternalCh
                0x08003606       0x26 CMakeFiles/Driver_Interface_NucleoG474RE_firmware.dir/Drivers/STM32G4xx_HAL_Driver/Src/stm32g4xx_hal_adc.c.obj
 .text.LL_ADC_GetCommonPathInternalCh
                0x0800362c       0x1c CMakeFiles/Driver_Interface_NucleoG474RE_firmware.dir/Drivers/STM32G4xx_HAL_Driver/Src/stm32g4xx_hal_adc.c.obj
 .text.LL_ADC_SetOffset
                0x08003648       0x48 CMakeFiles/Driver_Interface_NucleoG474RE_firmware.dir/Drivers/STM32G4xx_HAL_Driver/Src/stm32g4xx_hal_adc.c.obj
 .text.LL_ADC_GetOffsetChannel
                0x08003690       0x2c CMakeFiles/Driver_Interface_NucleoG474RE_firmware.dir/Drivers/STM32G4xx_HAL_Driver/Src/stm32g4xx_hal_adc.c.obj
 .text.LL_ADC_SetOffsetState
                0x080036bc       0x36 CMakeFiles/Driver_Interface_NucleoG474RE_firmware.dir/Drivers/STM32G4xx_HAL_Driver/Src/stm32g4xx_hal_adc.c.obj
 .text.LL_ADC_SetOffsetSign
                0x080036f2       0x36 CMakeFiles/Driver_Interface_NucleoG474RE_firmware.dir/Drivers/STM32G4xx_HAL_Driver/Src/stm32g4xx_hal_adc.c.obj
 .text.LL_ADC_SetOffsetSaturation
                0x08003728       0x36 CMakeFiles/Driver_Interface_NucleoG474RE_firmware.dir/Drivers/STM32G4xx_HAL_Driver/Src/stm32g4xx_hal_adc.c.obj
 .text.LL_ADC_SetSamplingTimeCommonConfig
                0x0800375e       0x26 CMakeFiles/Driver_Interface_NucleoG474RE_firmware.dir/Drivers/STM32G4xx_HAL_Driver/Src/stm32g4xx_hal_adc.c.obj
 .text.LL_ADC_REG_IsTriggerSourceSWStart
                0x08003784       0x26 CMakeFiles/Driver_Interface_NucleoG474RE_firmware.dir/Drivers/STM32G4xx_HAL_Driver/Src/stm32g4xx_hal_adc.c.obj
 .text.LL_ADC_REG_SetSequencerRanks
                0x080037aa       0x58 CMakeFiles/Driver_Interface_NucleoG474RE_firmware.dir/Drivers/STM32G4xx_HAL_Driver/Src/stm32g4xx_hal_adc.c.obj
 .text.LL_ADC_INJ_IsTriggerSourceSWStart
                0x08003802       0x26 CMakeFiles/Driver_Interface_NucleoG474RE_firmware.dir/Drivers/STM32G4xx_HAL_Driver/Src/stm32g4xx_hal_adc.c.obj
 .text.LL_ADC_SetChannelSamplingTime
                0x08003828       0x56 CMakeFiles/Driver_Interface_NucleoG474RE_firmware.dir/Drivers/STM32G4xx_HAL_Driver/Src/stm32g4xx_hal_adc.c.obj
 *fill*         0x0800387e        0x2 
 .text.LL_ADC_SetChannelSingleDiff
                0x08003880       0x48 CMakeFiles/Driver_Interface_NucleoG474RE_firmware.dir/Drivers/STM32G4xx_HAL_Driver/Src/stm32g4xx_hal_adc.c.obj
 .text.LL_ADC_GetMultimode
                0x080038c8       0x1c CMakeFiles/Driver_Interface_NucleoG474RE_firmware.dir/Drivers/STM32G4xx_HAL_Driver/Src/stm32g4xx_hal_adc.c.obj
 .text.LL_ADC_GetMultiDMATransfer
                0x080038e4       0x1c CMakeFiles/Driver_Interface_NucleoG474RE_firmware.dir/Drivers/STM32G4xx_HAL_Driver/Src/stm32g4xx_hal_adc.c.obj
 .text.LL_ADC_DisableDeepPowerDown
                0x08003900       0x24 CMakeFiles/Driver_Interface_NucleoG474RE_firmware.dir/Drivers/STM32G4xx_HAL_Driver/Src/stm32g4xx_hal_adc.c.obj
 .text.LL_ADC_IsDeepPowerDownEnabled
                0x08003924       0x28 CMakeFiles/Driver_Interface_NucleoG474RE_firmware.dir/Drivers/STM32G4xx_HAL_Driver/Src/stm32g4xx_hal_adc.c.obj
 .text.LL_ADC_EnableInternalRegulator
                0x0800394c       0x28 CMakeFiles/Driver_Interface_NucleoG474RE_firmware.dir/Drivers/STM32G4xx_HAL_Driver/Src/stm32g4xx_hal_adc.c.obj
 .text.LL_ADC_IsInternalRegulatorEnabled
                0x08003974       0x28 CMakeFiles/Driver_Interface_NucleoG474RE_firmware.dir/Drivers/STM32G4xx_HAL_Driver/Src/stm32g4xx_hal_adc.c.obj
 .text.LL_ADC_Enable
                0x0800399c       0x28 CMakeFiles/Driver_Interface_NucleoG474RE_firmware.dir/Drivers/STM32G4xx_HAL_Driver/Src/stm32g4xx_hal_adc.c.obj
 .text.LL_ADC_IsEnabled
                0x080039c4       0x26 CMakeFiles/Driver_Interface_NucleoG474RE_firmware.dir/Drivers/STM32G4xx_HAL_Driver/Src/stm32g4xx_hal_adc.c.obj
 .text.LL_ADC_REG_StartConversion
                0x080039ea       0x28 CMakeFiles/Driver_Interface_NucleoG474RE_firmware.dir/Drivers/STM32G4xx_HAL_Driver/Src/stm32g4xx_hal_adc.c.obj
 .text.LL_ADC_REG_IsConversionOngoing
                0x08003a12       0x26 CMakeFiles/Driver_Interface_NucleoG474RE_firmware.dir/Drivers/STM32G4xx_HAL_Driver/Src/stm32g4xx_hal_adc.c.obj
 .text.LL_ADC_INJ_IsConversionOngoing
                0x08003a38       0x26 CMakeFiles/Driver_Interface_NucleoG474RE_firmware.dir/Drivers/STM32G4xx_HAL_Driver/Src/stm32g4xx_hal_adc.c.obj
 *fill*         0x08003a5e        0x2 
 .text.HAL_ADC_Init
                0x08003a60      0x378 CMakeFiles/Driver_Interface_NucleoG474RE_firmware.dir/Drivers/STM32G4xx_HAL_Driver/Src/stm32g4xx_hal_adc.c.obj
                0x08003a60                HAL_ADC_Init
 .text.HAL_ADC_Start_DMA
                0x08003dd8      0x1a8 CMakeFiles/Driver_Interface_NucleoG474RE_firmware.dir/Drivers/STM32G4xx_HAL_Driver/Src/stm32g4xx_hal_adc.c.obj
                0x08003dd8                HAL_ADC_Start_DMA
 .text.HAL_ADC_IRQHandler
                0x08003f80      0x4c0 CMakeFiles/Driver_Interface_NucleoG474RE_firmware.dir/Drivers/STM32G4xx_HAL_Driver/Src/stm32g4xx_hal_adc.c.obj
                0x08003f80                HAL_ADC_IRQHandler
 .text.HAL_ADC_ConvHalfCpltCallback
                0x08004440       0x14 CMakeFiles/Driver_Interface_NucleoG474RE_firmware.dir/Drivers/STM32G4xx_HAL_Driver/Src/stm32g4xx_hal_adc.c.obj
                0x08004440                HAL_ADC_ConvHalfCpltCallback
 .text.HAL_ADC_LevelOutOfWindowCallback
                0x08004454       0x14 CMakeFiles/Driver_Interface_NucleoG474RE_firmware.dir/Drivers/STM32G4xx_HAL_Driver/Src/stm32g4xx_hal_adc.c.obj
                0x08004454                HAL_ADC_LevelOutOfWindowCallback
 .text.HAL_ADC_ErrorCallback
                0x08004468       0x14 CMakeFiles/Driver_Interface_NucleoG474RE_firmware.dir/Drivers/STM32G4xx_HAL_Driver/Src/stm32g4xx_hal_adc.c.obj
                0x08004468                HAL_ADC_ErrorCallback
 .text.HAL_ADC_ConfigChannel
                0x0800447c      0x880 CMakeFiles/Driver_Interface_NucleoG474RE_firmware.dir/Drivers/STM32G4xx_HAL_Driver/Src/stm32g4xx_hal_adc.c.obj
                0x0800447c                HAL_ADC_ConfigChannel
 .text.ADC_Enable
                0x08004cfc      0x12c CMakeFiles/Driver_Interface_NucleoG474RE_firmware.dir/Drivers/STM32G4xx_HAL_Driver/Src/stm32g4xx_hal_adc.c.obj
                0x08004cfc                ADC_Enable
 .text.ADC_DMAConvCplt
                0x08004e28       0xd8 CMakeFiles/Driver_Interface_NucleoG474RE_firmware.dir/Drivers/STM32G4xx_HAL_Driver/Src/stm32g4xx_hal_adc.c.obj
                0x08004e28                ADC_DMAConvCplt
 .text.ADC_DMAHalfConvCplt
                0x08004f00       0x1c CMakeFiles/Driver_Interface_NucleoG474RE_firmware.dir/Drivers/STM32G4xx_HAL_Driver/Src/stm32g4xx_hal_adc.c.obj
                0x08004f00                ADC_DMAHalfConvCplt
 .text.ADC_DMAError
                0x08004f1c       0x34 CMakeFiles/Driver_Interface_NucleoG474RE_firmware.dir/Drivers/STM32G4xx_HAL_Driver/Src/stm32g4xx_hal_adc.c.obj
                0x08004f1c                ADC_DMAError
 .text.LL_ADC_IsEnabled
                0x08004f50       0x26 CMakeFiles/Driver_Interface_NucleoG474RE_firmware.dir/Drivers/STM32G4xx_HAL_Driver/Src/stm32g4xx_hal_adc_ex.c.obj
 .text.LL_ADC_REG_IsConversionOngoing
                0x08004f76       0x26 CMakeFiles/Driver_Interface_NucleoG474RE_firmware.dir/Drivers/STM32G4xx_HAL_Driver/Src/stm32g4xx_hal_adc_ex.c.obj
 .text.HAL_ADCEx_InjectedConvCpltCallback
                0x08004f9c       0x14 CMakeFiles/Driver_Interface_NucleoG474RE_firmware.dir/Drivers/STM32G4xx_HAL_Driver/Src/stm32g4xx_hal_adc_ex.c.obj
                0x08004f9c                HAL_ADCEx_InjectedConvCpltCallback
 .text.HAL_ADCEx_InjectedQueueOverflowCallback
                0x08004fb0       0x14 CMakeFiles/Driver_Interface_NucleoG474RE_firmware.dir/Drivers/STM32G4xx_HAL_Driver/Src/stm32g4xx_hal_adc_ex.c.obj
                0x08004fb0                HAL_ADCEx_InjectedQueueOverflowCallback
 .text.HAL_ADCEx_LevelOutOfWindow2Callback
                0x08004fc4       0x14 CMakeFiles/Driver_Interface_NucleoG474RE_firmware.dir/Drivers/STM32G4xx_HAL_Driver/Src/stm32g4xx_hal_adc_ex.c.obj
                0x08004fc4                HAL_ADCEx_LevelOutOfWindow2Callback
 .text.HAL_ADCEx_LevelOutOfWindow3Callback
                0x08004fd8       0x14 CMakeFiles/Driver_Interface_NucleoG474RE_firmware.dir/Drivers/STM32G4xx_HAL_Driver/Src/stm32g4xx_hal_adc_ex.c.obj
                0x08004fd8                HAL_ADCEx_LevelOutOfWindow3Callback
 .text.HAL_ADCEx_EndOfSamplingCallback
                0x08004fec       0x14 CMakeFiles/Driver_Interface_NucleoG474RE_firmware.dir/Drivers/STM32G4xx_HAL_Driver/Src/stm32g4xx_hal_adc_ex.c.obj
                0x08004fec                HAL_ADCEx_EndOfSamplingCallback
 .text.HAL_ADCEx_MultiModeConfigChannel
                0x08005000      0x210 CMakeFiles/Driver_Interface_NucleoG474RE_firmware.dir/Drivers/STM32G4xx_HAL_Driver/Src/stm32g4xx_hal_adc_ex.c.obj
                0x08005000                HAL_ADCEx_MultiModeConfigChannel
 .text.HAL_Init
                0x08005210       0x30 CMakeFiles/Driver_Interface_NucleoG474RE_firmware.dir/Drivers/STM32G4xx_HAL_Driver/Src/stm32g4xx_hal.c.obj
                0x08005210                HAL_Init
 .text.HAL_InitTick
                0x08005240       0x74 CMakeFiles/Driver_Interface_NucleoG474RE_firmware.dir/Drivers/STM32G4xx_HAL_Driver/Src/stm32g4xx_hal.c.obj
                0x08005240                HAL_InitTick
 .text.HAL_IncTick
                0x080052b4       0x24 CMakeFiles/Driver_Interface_NucleoG474RE_firmware.dir/Drivers/STM32G4xx_HAL_Driver/Src/stm32g4xx_hal.c.obj
                0x080052b4                HAL_IncTick
 .text.HAL_GetTick
                0x080052d8       0x18 CMakeFiles/Driver_Interface_NucleoG474RE_firmware.dir/Drivers/STM32G4xx_HAL_Driver/Src/stm32g4xx_hal.c.obj
                0x080052d8                HAL_GetTick
 .text.HAL_Delay
                0x080052f0       0x44 CMakeFiles/Driver_Interface_NucleoG474RE_firmware.dir/Drivers/STM32G4xx_HAL_Driver/Src/stm32g4xx_hal.c.obj
                0x080052f0                HAL_Delay
 .text.HAL_RCC_OscConfig
                0x08005334      0x624 CMakeFiles/Driver_Interface_NucleoG474RE_firmware.dir/Drivers/STM32G4xx_HAL_Driver/Src/stm32g4xx_hal_rcc.c.obj
                0x08005334                HAL_RCC_OscConfig
 .text.HAL_RCC_ClockConfig
                0x08005958      0x278 CMakeFiles/Driver_Interface_NucleoG474RE_firmware.dir/Drivers/STM32G4xx_HAL_Driver/Src/stm32g4xx_hal_rcc.c.obj
                0x08005958                HAL_RCC_ClockConfig
 .text.HAL_RCC_GetSysClockFreq
                0x08005bd0       0xc4 CMakeFiles/Driver_Interface_NucleoG474RE_firmware.dir/Drivers/STM32G4xx_HAL_Driver/Src/stm32g4xx_hal_rcc.c.obj
                0x08005bd0                HAL_RCC_GetSysClockFreq
 .text.RCC_GetSysClockFreqFromPLLSource
                0x08005c94       0x8c CMakeFiles/Driver_Interface_NucleoG474RE_firmware.dir/Drivers/STM32G4xx_HAL_Driver/Src/stm32g4xx_hal_rcc.c.obj
 .text.HAL_RCCEx_PeriphCLKConfig
                0x08005d20      0x49c CMakeFiles/Driver_Interface_NucleoG474RE_firmware.dir/Drivers/STM32G4xx_HAL_Driver/Src/stm32g4xx_hal_rcc_ex.c.obj
                0x08005d20                HAL_RCCEx_PeriphCLKConfig
 .text.HAL_GPIO_Init
                0x080061bc      0x304 CMakeFiles/Driver_Interface_NucleoG474RE_firmware.dir/Drivers/STM32G4xx_HAL_Driver/Src/stm32g4xx_hal_gpio.c.obj
                0x080061bc                HAL_GPIO_Init
 .text.HAL_GPIO_ReadPin
                0x080064c0       0x30 CMakeFiles/Driver_Interface_NucleoG474RE_firmware.dir/Drivers/STM32G4xx_HAL_Driver/Src/stm32g4xx_hal_gpio.c.obj
                0x080064c0                HAL_GPIO_ReadPin
 .text.HAL_GPIO_WritePin
                0x080064f0       0x30 CMakeFiles/Driver_Interface_NucleoG474RE_firmware.dir/Drivers/STM32G4xx_HAL_Driver/Src/stm32g4xx_hal_gpio.c.obj
                0x080064f0                HAL_GPIO_WritePin
 .text.HAL_GPIO_EXTI_IRQHandler
                0x08006520       0x30 CMakeFiles/Driver_Interface_NucleoG474RE_firmware.dir/Drivers/STM32G4xx_HAL_Driver/Src/stm32g4xx_hal_gpio.c.obj
                0x08006520                HAL_GPIO_EXTI_IRQHandler
 .text.HAL_DMA_Init
                0x08006550      0x150 CMakeFiles/Driver_Interface_NucleoG474RE_firmware.dir/Drivers/STM32G4xx_HAL_Driver/Src/stm32g4xx_hal_dma.c.obj
                0x08006550                HAL_DMA_Init
 .text.HAL_DMA_Start_IT
                0x080066a0       0xf6 CMakeFiles/Driver_Interface_NucleoG474RE_firmware.dir/Drivers/STM32G4xx_HAL_Driver/Src/stm32g4xx_hal_dma.c.obj
                0x080066a0                HAL_DMA_Start_IT
 .text.HAL_DMA_IRQHandler
                0x08006796      0x15e CMakeFiles/Driver_Interface_NucleoG474RE_firmware.dir/Drivers/STM32G4xx_HAL_Driver/Src/stm32g4xx_hal_dma.c.obj
                0x08006796                HAL_DMA_IRQHandler
 .text.DMA_SetConfig
                0x080068f4       0x7c CMakeFiles/Driver_Interface_NucleoG474RE_firmware.dir/Drivers/STM32G4xx_HAL_Driver/Src/stm32g4xx_hal_dma.c.obj
 .text.DMA_CalcDMAMUXChannelBaseAndMask
                0x08006970       0x7c CMakeFiles/Driver_Interface_NucleoG474RE_firmware.dir/Drivers/STM32G4xx_HAL_Driver/Src/stm32g4xx_hal_dma.c.obj
 .text.DMA_CalcDMAMUXRequestGenBaseAndMask
                0x080069ec       0x48 CMakeFiles/Driver_Interface_NucleoG474RE_firmware.dir/Drivers/STM32G4xx_HAL_Driver/Src/stm32g4xx_hal_dma.c.obj
 .text.HAL_PWREx_ControlVoltageScaling
                0x08006a34      0x148 CMakeFiles/Driver_Interface_NucleoG474RE_firmware.dir/Drivers/STM32G4xx_HAL_Driver/Src/stm32g4xx_hal_pwr_ex.c.obj
                0x08006a34                HAL_PWREx_ControlVoltageScaling
 .text.HAL_PWREx_DisableUCPDDeadBattery
                0x08006b7c       0x20 CMakeFiles/Driver_Interface_NucleoG474RE_firmware.dir/Drivers/STM32G4xx_HAL_Driver/Src/stm32g4xx_hal_pwr_ex.c.obj
                0x08006b7c                HAL_PWREx_DisableUCPDDeadBattery
 .text.__NVIC_SetPriorityGrouping
                0x08006b9c       0x48 CMakeFiles/Driver_Interface_NucleoG474RE_firmware.dir/Drivers/STM32G4xx_HAL_Driver/Src/stm32g4xx_hal_cortex.c.obj
 .text.__NVIC_GetPriorityGrouping
                0x08006be4       0x1c CMakeFiles/Driver_Interface_NucleoG474RE_firmware.dir/Drivers/STM32G4xx_HAL_Driver/Src/stm32g4xx_hal_cortex.c.obj
 .text.__NVIC_EnableIRQ
                0x08006c00       0x3c CMakeFiles/Driver_Interface_NucleoG474RE_firmware.dir/Drivers/STM32G4xx_HAL_Driver/Src/stm32g4xx_hal_cortex.c.obj
 .text.__NVIC_SetPriority
                0x08006c3c       0x54 CMakeFiles/Driver_Interface_NucleoG474RE_firmware.dir/Drivers/STM32G4xx_HAL_Driver/Src/stm32g4xx_hal_cortex.c.obj
 .text.NVIC_EncodePriority
                0x08006c90       0x66 CMakeFiles/Driver_Interface_NucleoG474RE_firmware.dir/Drivers/STM32G4xx_HAL_Driver/Src/stm32g4xx_hal_cortex.c.obj
 *fill*         0x08006cf6        0x2 
 .text.SysTick_Config
                0x08006cf8       0x44 CMakeFiles/Driver_Interface_NucleoG474RE_firmware.dir/Drivers/STM32G4xx_HAL_Driver/Src/stm32g4xx_hal_cortex.c.obj
 .text.HAL_NVIC_SetPriorityGrouping
                0x08006d3c       0x16 CMakeFiles/Driver_Interface_NucleoG474RE_firmware.dir/Drivers/STM32G4xx_HAL_Driver/Src/stm32g4xx_hal_cortex.c.obj
                0x08006d3c                HAL_NVIC_SetPriorityGrouping
 .text.HAL_NVIC_SetPriority
                0x08006d52       0x34 CMakeFiles/Driver_Interface_NucleoG474RE_firmware.dir/Drivers/STM32G4xx_HAL_Driver/Src/stm32g4xx_hal_cortex.c.obj
                0x08006d52                HAL_NVIC_SetPriority
 .text.HAL_NVIC_EnableIRQ
                0x08006d86       0x1c CMakeFiles/Driver_Interface_NucleoG474RE_firmware.dir/Drivers/STM32G4xx_HAL_Driver/Src/stm32g4xx_hal_cortex.c.obj
                0x08006d86                HAL_NVIC_EnableIRQ
 .text.HAL_SYSTICK_Config
                0x08006da2       0x18 CMakeFiles/Driver_Interface_NucleoG474RE_firmware.dir/Drivers/STM32G4xx_HAL_Driver/Src/stm32g4xx_hal_cortex.c.obj
                0x08006da2                HAL_SYSTICK_Config
 *fill*         0x08006dba        0x2 
 .text.HAL_FDCAN_Init
                0x08006dbc      0x2b4 CMakeFiles/Driver_Interface_NucleoG474RE_firmware.dir/Drivers/STM32G4xx_HAL_Driver/Src/stm32g4xx_hal_fdcan.c.obj
                0x08006dbc                HAL_FDCAN_Init
 .text.HAL_FDCAN_AddMessageToTxFifoQ
                0x08007070       0x88 CMakeFiles/Driver_Interface_NucleoG474RE_firmware.dir/Drivers/STM32G4xx_HAL_Driver/Src/stm32g4xx_hal_fdcan.c.obj
                0x08007070                HAL_FDCAN_AddMessageToTxFifoQ
 .text.HAL_FDCAN_GetRxMessage
                0x080070f8      0x210 CMakeFiles/Driver_Interface_NucleoG474RE_firmware.dir/Drivers/STM32G4xx_HAL_Driver/Src/stm32g4xx_hal_fdcan.c.obj
                0x080070f8                HAL_FDCAN_GetRxMessage
 .text.HAL_FDCAN_IRQHandler
                0x08007308      0x24a CMakeFiles/Driver_Interface_NucleoG474RE_firmware.dir/Drivers/STM32G4xx_HAL_Driver/Src/stm32g4xx_hal_fdcan.c.obj
                0x08007308                HAL_FDCAN_IRQHandler
 .text.HAL_FDCAN_TxEventFifoCallback
                0x08007552       0x16 CMakeFiles/Driver_Interface_NucleoG474RE_firmware.dir/Drivers/STM32G4xx_HAL_Driver/Src/stm32g4xx_hal_fdcan.c.obj
                0x08007552                HAL_FDCAN_TxEventFifoCallback
 .text.HAL_FDCAN_RxFifo1Callback
                0x08007568       0x16 CMakeFiles/Driver_Interface_NucleoG474RE_firmware.dir/Drivers/STM32G4xx_HAL_Driver/Src/stm32g4xx_hal_fdcan.c.obj
                0x08007568                HAL_FDCAN_RxFifo1Callback
 .text.HAL_FDCAN_TxFifoEmptyCallback
                0x0800757e       0x14 CMakeFiles/Driver_Interface_NucleoG474RE_firmware.dir/Drivers/STM32G4xx_HAL_Driver/Src/stm32g4xx_hal_fdcan.c.obj
                0x0800757e                HAL_FDCAN_TxFifoEmptyCallback
 .text.HAL_FDCAN_TxBufferCompleteCallback
                0x08007592       0x16 CMakeFiles/Driver_Interface_NucleoG474RE_firmware.dir/Drivers/STM32G4xx_HAL_Driver/Src/stm32g4xx_hal_fdcan.c.obj
                0x08007592                HAL_FDCAN_TxBufferCompleteCallback
 .text.HAL_FDCAN_TxBufferAbortCallback
                0x080075a8       0x16 CMakeFiles/Driver_Interface_NucleoG474RE_firmware.dir/Drivers/STM32G4xx_HAL_Driver/Src/stm32g4xx_hal_fdcan.c.obj
                0x080075a8                HAL_FDCAN_TxBufferAbortCallback
 .text.HAL_FDCAN_TimestampWraparoundCallback
                0x080075be       0x14 CMakeFiles/Driver_Interface_NucleoG474RE_firmware.dir/Drivers/STM32G4xx_HAL_Driver/Src/stm32g4xx_hal_fdcan.c.obj
                0x080075be                HAL_FDCAN_TimestampWraparoundCallback
 .text.HAL_FDCAN_TimeoutOccurredCallback
                0x080075d2       0x14 CMakeFiles/Driver_Interface_NucleoG474RE_firmware.dir/Drivers/STM32G4xx_HAL_Driver/Src/stm32g4xx_hal_fdcan.c.obj
                0x080075d2                HAL_FDCAN_TimeoutOccurredCallback
 .text.HAL_FDCAN_HighPriorityMessageCallback
                0x080075e6       0x14 CMakeFiles/Driver_Interface_NucleoG474RE_firmware.dir/Drivers/STM32G4xx_HAL_Driver/Src/stm32g4xx_hal_fdcan.c.obj
                0x080075e6                HAL_FDCAN_HighPriorityMessageCallback
 .text.HAL_FDCAN_ErrorCallback
                0x080075fa       0x14 CMakeFiles/Driver_Interface_NucleoG474RE_firmware.dir/Drivers/STM32G4xx_HAL_Driver/Src/stm32g4xx_hal_fdcan.c.obj
                0x080075fa                HAL_FDCAN_ErrorCallback
 .text.HAL_FDCAN_ErrorStatusCallback
                0x0800760e       0x16 CMakeFiles/Driver_Interface_NucleoG474RE_firmware.dir/Drivers/STM32G4xx_HAL_Driver/Src/stm32g4xx_hal_fdcan.c.obj
                0x0800760e                HAL_FDCAN_ErrorStatusCallback
 .text.FDCAN_CalcultateRamBlockAddresses
                0x08007624       0xd8 CMakeFiles/Driver_Interface_NucleoG474RE_firmware.dir/Drivers/STM32G4xx_HAL_Driver/Src/stm32g4xx_hal_fdcan.c.obj
 .text.FDCAN_CopyMessageToRAM
                0x080076fc       0xf8 CMakeFiles/Driver_Interface_NucleoG474RE_firmware.dir/Drivers/STM32G4xx_HAL_Driver/Src/stm32g4xx_hal_fdcan.c.obj
 .text.HAL_SPI_Init
                0x080077f4      0x156 CMakeFiles/Driver_Interface_NucleoG474RE_firmware.dir/Drivers/STM32G4xx_HAL_Driver/Src/stm32g4xx_hal_spi.c.obj
                0x080077f4                HAL_SPI_Init
 .text.HAL_SPI_Transmit
                0x0800794a      0x2ec CMakeFiles/Driver_Interface_NucleoG474RE_firmware.dir/Drivers/STM32G4xx_HAL_Driver/Src/stm32g4xx_hal_spi.c.obj
                0x0800794a                HAL_SPI_Transmit
 *fill*         0x08007c36        0x2 
 .text.SPI_WaitFlagStateUntilTimeout
                0x08007c38      0x110 CMakeFiles/Driver_Interface_NucleoG474RE_firmware.dir/Drivers/STM32G4xx_HAL_Driver/Src/stm32g4xx_hal_spi.c.obj
 .text.SPI_WaitFifoStateUntilTimeout
                0x08007d48      0x12c CMakeFiles/Driver_Interface_NucleoG474RE_firmware.dir/Drivers/STM32G4xx_HAL_Driver/Src/stm32g4xx_hal_spi.c.obj
 .text.SPI_EndRxTxTransaction
                0x08007e74       0x8c CMakeFiles/Driver_Interface_NucleoG474RE_firmware.dir/Drivers/STM32G4xx_HAL_Driver/Src/stm32g4xx_hal_spi.c.obj
 .text.HAL_TIM_Base_Init
                0x08007f00       0xae CMakeFiles/Driver_Interface_NucleoG474RE_firmware.dir/Drivers/STM32G4xx_HAL_Driver/Src/stm32g4xx_hal_tim.c.obj
                0x08007f00                HAL_TIM_Base_Init
 *fill*         0x08007fae        0x2 
 .text.HAL_TIM_Base_Start
                0x08007fb0       0xe0 CMakeFiles/Driver_Interface_NucleoG474RE_firmware.dir/Drivers/STM32G4xx_HAL_Driver/Src/stm32g4xx_hal_tim.c.obj
                0x08007fb0                HAL_TIM_Base_Start
 .text.HAL_TIM_Base_Start_IT
                0x08008090       0xf0 CMakeFiles/Driver_Interface_NucleoG474RE_firmware.dir/Drivers/STM32G4xx_HAL_Driver/Src/stm32g4xx_hal_tim.c.obj
                0x08008090                HAL_TIM_Base_Start_IT
 .text.HAL_TIM_Base_Stop_IT
                0x08008180       0x5e CMakeFiles/Driver_Interface_NucleoG474RE_firmware.dir/Drivers/STM32G4xx_HAL_Driver/Src/stm32g4xx_hal_tim.c.obj
                0x08008180                HAL_TIM_Base_Stop_IT
 .text.HAL_TIM_IRQHandler
                0x080081de      0x29e CMakeFiles/Driver_Interface_NucleoG474RE_firmware.dir/Drivers/STM32G4xx_HAL_Driver/Src/stm32g4xx_hal_tim.c.obj
                0x080081de                HAL_TIM_IRQHandler
 .text.HAL_TIM_OC_DelayElapsedCallback
                0x0800847c       0x14 CMakeFiles/Driver_Interface_NucleoG474RE_firmware.dir/Drivers/STM32G4xx_HAL_Driver/Src/stm32g4xx_hal_tim.c.obj
                0x0800847c                HAL_TIM_OC_DelayElapsedCallback
 .text.HAL_TIM_IC_CaptureCallback
                0x08008490       0x14 CMakeFiles/Driver_Interface_NucleoG474RE_firmware.dir/Drivers/STM32G4xx_HAL_Driver/Src/stm32g4xx_hal_tim.c.obj
                0x08008490                HAL_TIM_IC_CaptureCallback
 .text.HAL_TIM_PWM_PulseFinishedCallback
                0x080084a4       0x14 CMakeFiles/Driver_Interface_NucleoG474RE_firmware.dir/Drivers/STM32G4xx_HAL_Driver/Src/stm32g4xx_hal_tim.c.obj
                0x080084a4                HAL_TIM_PWM_PulseFinishedCallback
 .text.HAL_TIM_TriggerCallback
                0x080084b8       0x14 CMakeFiles/Driver_Interface_NucleoG474RE_firmware.dir/Drivers/STM32G4xx_HAL_Driver/Src/stm32g4xx_hal_tim.c.obj
                0x080084b8                HAL_TIM_TriggerCallback
 .text.HAL_TIM_Base_GetState
                0x080084cc       0x1c CMakeFiles/Driver_Interface_NucleoG474RE_firmware.dir/Drivers/STM32G4xx_HAL_Driver/Src/stm32g4xx_hal_tim.c.obj
                0x080084cc                HAL_TIM_Base_GetState
 .text.TIM_Base_SetConfig
                0x080084e8      0x168 CMakeFiles/Driver_Interface_NucleoG474RE_firmware.dir/Drivers/STM32G4xx_HAL_Driver/Src/stm32g4xx_hal_tim.c.obj
                0x080084e8                TIM_Base_SetConfig
 .text.HAL_TIMEx_MasterConfigSynchronization
                0x08008650      0x12c CMakeFiles/Driver_Interface_NucleoG474RE_firmware.dir/Drivers/STM32G4xx_HAL_Driver/Src/stm32g4xx_hal_tim_ex.c.obj
                0x08008650                HAL_TIMEx_MasterConfigSynchronization
 .text.HAL_TIMEx_CommutCallback
                0x0800877c       0x14 CMakeFiles/Driver_Interface_NucleoG474RE_firmware.dir/Drivers/STM32G4xx_HAL_Driver/Src/stm32g4xx_hal_tim_ex.c.obj
                0x0800877c                HAL_TIMEx_CommutCallback
 .text.HAL_TIMEx_BreakCallback
                0x08008790       0x14 CMakeFiles/Driver_Interface_NucleoG474RE_firmware.dir/Drivers/STM32G4xx_HAL_Driver/Src/stm32g4xx_hal_tim_ex.c.obj
                0x08008790                HAL_TIMEx_BreakCallback
 .text.HAL_TIMEx_Break2Callback
                0x080087a4       0x14 CMakeFiles/Driver_Interface_NucleoG474RE_firmware.dir/Drivers/STM32G4xx_HAL_Driver/Src/stm32g4xx_hal_tim_ex.c.obj
                0x080087a4                HAL_TIMEx_Break2Callback
 .text.HAL_TIMEx_EncoderIndexCallback
                0x080087b8       0x14 CMakeFiles/Driver_Interface_NucleoG474RE_firmware.dir/Drivers/STM32G4xx_HAL_Driver/Src/stm32g4xx_hal_tim_ex.c.obj
                0x080087b8                HAL_TIMEx_EncoderIndexCallback
 .text.HAL_TIMEx_DirectionChangeCallback
                0x080087cc       0x14 CMakeFiles/Driver_Interface_NucleoG474RE_firmware.dir/Drivers/STM32G4xx_HAL_Driver/Src/stm32g4xx_hal_tim_ex.c.obj
                0x080087cc                HAL_TIMEx_DirectionChangeCallback
 .text.HAL_TIMEx_IndexErrorCallback
                0x080087e0       0x14 CMakeFiles/Driver_Interface_NucleoG474RE_firmware.dir/Drivers/STM32G4xx_HAL_Driver/Src/stm32g4xx_hal_tim_ex.c.obj
                0x080087e0                HAL_TIMEx_IndexErrorCallback
 .text.HAL_TIMEx_TransitionErrorCallback
                0x080087f4       0x14 CMakeFiles/Driver_Interface_NucleoG474RE_firmware.dir/Drivers/STM32G4xx_HAL_Driver/Src/stm32g4xx_hal_tim_ex.c.obj
                0x080087f4                HAL_TIMEx_TransitionErrorCallback
 .text.SystemInit
                0x08008808       0x24 CMakeFiles/Driver_Interface_NucleoG474RE_firmware.dir/Core/Src/system_stm32g4xx.c.obj
                0x08008808                SystemInit
 .text.Reset_Handler
                0x0800882c       0x50 CMakeFiles/Driver_Interface_NucleoG474RE_firmware.dir/startup_stm32g474xx.s.obj
                0x0800882c                Reset_Handler
 .text.Default_Handler
                0x0800887c        0x2 CMakeFiles/Driver_Interface_NucleoG474RE_firmware.dir/startup_stm32g474xx.s.obj
                0x0800887c                RTC_Alarm_IRQHandler
                0x0800887c                EXTI2_IRQHandler
                0x0800887c                TIM8_TRG_COM_IRQHandler
                0x0800887c                TIM8_CC_IRQHandler
                0x0800887c                HRTIM1_Master_IRQHandler
                0x0800887c                SPI4_IRQHandler
                0x0800887c                FDCAN3_IT0_IRQHandler
                0x0800887c                TIM1_CC_IRQHandler
                0x0800887c                HRTIM1_FLT_IRQHandler
                0x0800887c                HRTIM1_TIMF_IRQHandler
                0x0800887c                USB_HP_IRQHandler
                0x0800887c                CORDIC_IRQHandler
                0x0800887c                HRTIM1_TIMD_IRQHandler
                0x0800887c                DMA2_Channel8_IRQHandler
                0x0800887c                EXTI3_IRQHandler
                0x0800887c                I2C3_ER_IRQHandler
                0x0800887c                I2C2_EV_IRQHandler
                0x0800887c                FPU_IRQHandler
                0x0800887c                FDCAN1_IT1_IRQHandler
                0x0800887c                TIM1_UP_TIM16_IRQHandler
                0x0800887c                HRTIM1_TIME_IRQHandler
                0x0800887c                SPI1_IRQHandler
                0x0800887c                TIM6_DAC_IRQHandler
                0x0800887c                HRTIM1_TIMC_IRQHandler
                0x0800887c                TIM8_UP_IRQHandler
                0x0800887c                DMA2_Channel2_IRQHandler
                0x0800887c                DMA1_Channel4_IRQHandler
                0x0800887c                TIM20_TRG_COM_IRQHandler
                0x0800887c                USART3_IRQHandler
                0x0800887c                DMA1_Channel7_IRQHandler
                0x0800887c                UART5_IRQHandler
                0x0800887c                ADC3_IRQHandler
                0x0800887c                TIM4_IRQHandler
                0x0800887c                DMA2_Channel1_IRQHandler
                0x0800887c                QUADSPI_IRQHandler
                0x0800887c                I2C1_EV_IRQHandler
                0x0800887c                DMA1_Channel6_IRQHandler
                0x0800887c                UART4_IRQHandler
                0x0800887c                DMA2_Channel4_IRQHandler
                0x0800887c                TIM3_IRQHandler
                0x0800887c                RCC_IRQHandler
                0x0800887c                TIM20_UP_IRQHandler
                0x0800887c                Default_Handler
                0x0800887c                DMA2_Channel7_IRQHandler
                0x0800887c                RTC_TAMP_LSECSS_IRQHandler
                0x0800887c                FMAC_IRQHandler
                0x0800887c                EXTI15_10_IRQHandler
                0x0800887c                DMA1_Channel8_IRQHandler
                0x0800887c                HRTIM1_TIMA_IRQHandler
                0x0800887c                FDCAN3_IT1_IRQHandler
                0x0800887c                TIM5_IRQHandler
                0x0800887c                UCPD1_IRQHandler
                0x0800887c                I2C3_EV_IRQHandler
                0x0800887c                RTC_WKUP_IRQHandler
                0x0800887c                PVD_PVM_IRQHandler
                0x0800887c                SPI2_IRQHandler
                0x0800887c                ADC5_IRQHandler
                0x0800887c                DMA2_Channel5_IRQHandler
                0x0800887c                CRS_IRQHandler
                0x0800887c                DMA1_Channel5_IRQHandler
                0x0800887c                USB_LP_IRQHandler
                0x0800887c                RNG_IRQHandler
                0x0800887c                HRTIM1_TIMB_IRQHandler
                0x0800887c                TIM1_TRG_COM_TIM17_IRQHandler
                0x0800887c                FDCAN2_IT1_IRQHandler
                0x0800887c                DMA1_Channel3_IRQHandler
                0x0800887c                ADC4_IRQHandler
                0x0800887c                WWDG_IRQHandler
                0x0800887c                I2C4_EV_IRQHandler
                0x0800887c                FDCAN2_IT0_IRQHandler
                0x0800887c                LPUART1_IRQHandler
                0x0800887c                DMA2_Channel6_IRQHandler
                0x0800887c                TIM2_IRQHandler
                0x0800887c                COMP7_IRQHandler
                0x0800887c                COMP1_2_3_IRQHandler
                0x0800887c                EXTI1_IRQHandler
                0x0800887c                USART2_IRQHandler
                0x0800887c                COMP4_5_6_IRQHandler
                0x0800887c                TIM20_BRK_IRQHandler
                0x0800887c                I2C2_ER_IRQHandler
                0x0800887c                DMA1_Channel2_IRQHandler
                0x0800887c                TIM8_BRK_IRQHandler
                0x0800887c                FLASH_IRQHandler
                0x0800887c                TIM20_CC_IRQHandler
                0x0800887c                USART1_IRQHandler
                0x0800887c                SPI3_IRQHandler
                0x0800887c                I2C1_ER_IRQHandler
                0x0800887c                FMC_IRQHandler
                0x0800887c                LPTIM1_IRQHandler
                0x0800887c                DMAMUX_OVR_IRQHandler
                0x0800887c                I2C4_ER_IRQHandler
                0x0800887c                USBWakeUp_IRQHandler
                0x0800887c                SAI1_IRQHandler
                0x0800887c                DMA2_Channel3_IRQHandler
                0x0800887c                TIM1_BRK_TIM15_IRQHandler
 *fill*         0x0800887e        0x2 
 .text.floor    0x08008880       0xf8 C:/Program Files/STMicroelectronics/STM32CubeCLT_1.16.0/GNU-tools-for-STM32/bin/../lib/gcc/arm-none-eabi/12.3.1/../../../../arm-none-eabi/lib/thumb/v7e-m+fp/hard\libm.a(libm_a-s_floor.o)
                0x08008880                floor
 *(.glue_7)
 .glue_7        0x08008978        0x0 linker stubs
 *(.glue_7t)
 .glue_7t       0x08008978        0x0 linker stubs
 *(.eh_frame)
 .eh_frame      0x08008978        0x0 C:/Program Files/STMicroelectronics/STM32CubeCLT_1.16.0/GNU-tools-for-STM32/bin/../lib/gcc/arm-none-eabi/12.3.1/thumb/v7e-m+fp/hard/crtbegin.o
 *(.init)
 .init          0x08008978        0x4 C:/Program Files/STMicroelectronics/STM32CubeCLT_1.16.0/GNU-tools-for-STM32/bin/../lib/gcc/arm-none-eabi/12.3.1/thumb/v7e-m+fp/hard/crti.o
                0x08008978                _init
 .init          0x0800897c        0x8 C:/Program Files/STMicroelectronics/STM32CubeCLT_1.16.0/GNU-tools-for-STM32/bin/../lib/gcc/arm-none-eabi/12.3.1/thumb/v7e-m+fp/hard/crtn.o
 *(.fini)
 .fini          0x08008984        0x4 C:/Program Files/STMicroelectronics/STM32CubeCLT_1.16.0/GNU-tools-for-STM32/bin/../lib/gcc/arm-none-eabi/12.3.1/thumb/v7e-m+fp/hard/crti.o
                0x08008984                _fini
 .fini          0x08008988        0x8 C:/Program Files/STMicroelectronics/STM32CubeCLT_1.16.0/GNU-tools-for-STM32/bin/../lib/gcc/arm-none-eabi/12.3.1/thumb/v7e-m+fp/hard/crtn.o
                0x08008990                        . = ALIGN (0x4)
                0x08008990                        _etext = .

.vfp11_veneer   0x08008990        0x0
 .vfp11_veneer  0x08008990        0x0 linker stubs

.v4_bx          0x08008990        0x0
 .v4_bx         0x08008990        0x0 linker stubs

.iplt           0x08008990        0x0
 .iplt          0x08008990        0x0 C:/Program Files/STMicroelectronics/STM32CubeCLT_1.16.0/GNU-tools-for-STM32/bin/../lib/gcc/arm-none-eabi/12.3.1/thumb/v7e-m+fp/hard/crtbegin.o

.rodata         0x08008990    0x1316c
                0x08008990                        . = ALIGN (0x4)
 *(.rodata)
 .rodata        0x08008990       0x2c CMakeFiles/Driver_Interface_NucleoG474RE_firmware.dir/Core/Src/main.c.obj
 *(.rodata*)
 .rodata.FreeMono12pt7bBitmaps
                0x080089bc      0x5b4 CMakeFiles/Driver_Interface_NucleoG474RE_firmware.dir/Core/Src/main.c.obj
                0x080089bc                FreeMono12pt7bBitmaps
 .rodata.FreeMono12pt7bGlyphs
                0x08008f70      0x2f8 CMakeFiles/Driver_Interface_NucleoG474RE_firmware.dir/Core/Src/main.c.obj
                0x08008f70                FreeMono12pt7bGlyphs
 .rodata.FreeMono12pt7b
                0x08009268       0x10 CMakeFiles/Driver_Interface_NucleoG474RE_firmware.dir/Core/Src/main.c.obj
                0x08009268                FreeMono12pt7b
 .rodata.FreeSansOblique9pt7bBitmaps
                0x08009278      0x559 CMakeFiles/Driver_Interface_NucleoG474RE_firmware.dir/Core/Src/main.c.obj
                0x08009278                FreeSansOblique9pt7bBitmaps
 *fill*         0x080097d1        0x3 
 .rodata.FreeSansOblique9pt7bGlyphs
                0x080097d4      0x2f8 CMakeFiles/Driver_Interface_NucleoG474RE_firmware.dir/Core/Src/main.c.obj
                0x080097d4                FreeSansOblique9pt7bGlyphs
 .rodata.FreeSansOblique9pt7b
                0x08009acc       0x10 CMakeFiles/Driver_Interface_NucleoG474RE_firmware.dir/Core/Src/main.c.obj
                0x08009acc                FreeSansOblique9pt7b
 .rodata.creeper
                0x08009adc    0x10000 CMakeFiles/Driver_Interface_NucleoG474RE_firmware.dir/Core/Src/main.c.obj
                0x08009adc                creeper
 .rodata.krecik
                0x08019adc     0x1000 CMakeFiles/Driver_Interface_NucleoG474RE_firmware.dir/Core/Src/main.c.obj
                0x08019adc                krecik
 .rodata.pat_i_mat
                0x0801aadc     0x1000 CMakeFiles/Driver_Interface_NucleoG474RE_firmware.dir/Core/Src/main.c.obj
                0x0801aadc                pat_i_mat
 .rodata.DLCtoBytes
                0x0801badc       0x10 CMakeFiles/Driver_Interface_NucleoG474RE_firmware.dir/Drivers/STM32G4xx_HAL_Driver/Src/stm32g4xx_hal_fdcan.c.obj
 .rodata.AHBPrescTable
                0x0801baec       0x10 CMakeFiles/Driver_Interface_NucleoG474RE_firmware.dir/Core/Src/system_stm32g4xx.c.obj
                0x0801baec                AHBPrescTable
                0x0801bafc                        . = ALIGN (0x4)

.rel.dyn        0x0801bafc        0x0
 .rel.iplt      0x0801bafc        0x0 C:/Program Files/STMicroelectronics/STM32CubeCLT_1.16.0/GNU-tools-for-STM32/bin/../lib/gcc/arm-none-eabi/12.3.1/thumb/v7e-m+fp/hard/crtbegin.o

.ARM.extab
 *(.ARM.extab* .gnu.linkonce.armextab.*)

.ARM            0x0801bafc        0x0
                0x0801bafc                        __exidx_start = .
 *(.ARM.exidx*)
                0x0801bafc                        __exidx_end = .

.preinit_array  0x0801bafc        0x0
                0x0801bafc                        PROVIDE (__preinit_array_start = .)
 *(.preinit_array*)
                0x0801bafc                        PROVIDE (__preinit_array_end = .)

.init_array     0x0801bafc        0x4
                0x0801bafc                        PROVIDE (__init_array_start = .)
 *(SORT_BY_NAME(.init_array.*))
 *(.init_array*)
 .init_array    0x0801bafc        0x4 C:/Program Files/STMicroelectronics/STM32CubeCLT_1.16.0/GNU-tools-for-STM32/bin/../lib/gcc/arm-none-eabi/12.3.1/thumb/v7e-m+fp/hard/crtbegin.o
                0x0801bb00                        PROVIDE (__init_array_end = .)

.fini_array     0x0801bb00        0x4
                [!provide]                        PROVIDE (__fini_array_start = .)
 *(SORT_BY_NAME(.fini_array.*))
 *(.fini_array*)
 .fini_array    0x0801bb00        0x4 C:/Program Files/STMicroelectronics/STM32CubeCLT_1.16.0/GNU-tools-for-STM32/bin/../lib/gcc/arm-none-eabi/12.3.1/thumb/v7e-m+fp/hard/crtbegin.o
                [!provide]                        PROVIDE (__fini_array_end = .)
                0x0801bb04                        _sidata = LOADADDR (.data)

.data           0x20000000     0x2010 load address 0x0801bb04
                0x20000000                        . = ALIGN (0x4)
                0x20000000                        _sdata = .
 *(.data)
 *(.data*)
 .data.stars_4bpp
                0x20000000     0x2000 CMakeFiles/Driver_Interface_NucleoG474RE_firmware.dir/Core/Src/main.c.obj
                0x20000000                stars_4bpp
 .data._buffer_height
                0x20002000        0x2 CMakeFiles/Driver_Interface_NucleoG474RE_firmware.dir/Core/Src/SSD1322_OLED_lib/SSD1322_GFX.c.obj
                0x20002000                _buffer_height
 .data._buffer_width
                0x20002002        0x2 CMakeFiles/Driver_Interface_NucleoG474RE_firmware.dir/Core/Src/SSD1322_OLED_lib/SSD1322_GFX.c.obj
                0x20002002                _buffer_width
 .data.uwTickPrio
                0x20002004        0x4 CMakeFiles/Driver_Interface_NucleoG474RE_firmware.dir/Drivers/STM32G4xx_HAL_Driver/Src/stm32g4xx_hal.c.obj
                0x20002004                uwTickPrio
 .data.uwTickFreq
                0x20002008        0x4 CMakeFiles/Driver_Interface_NucleoG474RE_firmware.dir/Drivers/STM32G4xx_HAL_Driver/Src/stm32g4xx_hal.c.obj
                0x20002008                uwTickFreq
 .data.SystemCoreClock
                0x2000200c        0x4 CMakeFiles/Driver_Interface_NucleoG474RE_firmware.dir/Core/Src/system_stm32g4xx.c.obj
                0x2000200c                SystemCoreClock
                0x20002010                        . = ALIGN (0x4)
                0x20002010                        _edata = .

.igot.plt       0x20002010        0x0 load address 0x0801db14
 .igot.plt      0x20002010        0x0 C:/Program Files/STMicroelectronics/STM32CubeCLT_1.16.0/GNU-tools-for-STM32/bin/../lib/gcc/arm-none-eabi/12.3.1/thumb/v7e-m+fp/hard/crtbegin.o
                0x20002010                        . = ALIGN (0x4)

.bss            0x20002010      0x360 load address 0x0801db14
                0x20002010                        _sbss = .
                0x20002010                        __bss_start__ = _sbss
 *(.bss)
 .bss           0x20002010       0x1c C:/Program Files/STMicroelectronics/STM32CubeCLT_1.16.0/GNU-tools-for-STM32/bin/../lib/gcc/arm-none-eabi/12.3.1/thumb/v7e-m+fp/hard/crtbegin.o
 *(.bss*)
 .bss.hadc1     0x2000202c       0x6c CMakeFiles/Driver_Interface_NucleoG474RE_firmware.dir/Core/Src/main.c.obj
                0x2000202c                hadc1
 .bss.hdma_adc1
                0x20002098       0x60 CMakeFiles/Driver_Interface_NucleoG474RE_firmware.dir/Core/Src/main.c.obj
                0x20002098                hdma_adc1
 .bss.hfdcan1   0x200020f8       0x64 CMakeFiles/Driver_Interface_NucleoG474RE_firmware.dir/Core/Src/main.c.obj
                0x200020f8                hfdcan1
 .bss.hspi3     0x2000215c       0x64 CMakeFiles/Driver_Interface_NucleoG474RE_firmware.dir/Core/Src/main.c.obj
                0x2000215c                hspi3
 .bss.htim6     0x200021c0       0x4c CMakeFiles/Driver_Interface_NucleoG474RE_firmware.dir/Core/Src/main.c.obj
                0x200021c0                htim6
 .bss.htim7     0x2000220c       0x4c CMakeFiles/Driver_Interface_NucleoG474RE_firmware.dir/Core/Src/main.c.obj
                0x2000220c                htim7
 .bss.g_AdcDmaBuffer
                0x20002258        0x4 CMakeFiles/Driver_Interface_NucleoG474RE_firmware.dir/Core/Src/main.c.obj
                0x20002258                g_AdcDmaBuffer
 .bss.left_turn_sig_adc_input
                0x2000225c        0x2 CMakeFiles/Driver_Interface_NucleoG474RE_firmware.dir/Core/Src/main.c.obj
                0x2000225c                left_turn_sig_adc_input
 .bss.right_turn_sig_adc_input
                0x2000225e        0x2 CMakeFiles/Driver_Interface_NucleoG474RE_firmware.dir/Core/Src/main.c.obj
                0x2000225e                right_turn_sig_adc_input
 .bss.left_ts_input_was_on
                0x20002260        0x1 CMakeFiles/Driver_Interface_NucleoG474RE_firmware.dir/Core/Src/main.c.obj
                0x20002260                left_ts_input_was_on
 .bss.right_ts_input_was_on
                0x20002261        0x1 CMakeFiles/Driver_Interface_NucleoG474RE_firmware.dir/Core/Src/main.c.obj
                0x20002261                right_ts_input_was_on
 *fill*         0x20002262        0x2 
 .bss.ENC_R     0x20002264       0x20 CMakeFiles/Driver_Interface_NucleoG474RE_firmware.dir/Core/Src/main.c.obj
                0x20002264                ENC_R
 .bss.ENC_L     0x20002284       0x20 CMakeFiles/Driver_Interface_NucleoG474RE_firmware.dir/Core/Src/main.c.obj
                0x20002284                ENC_L
 .bss.ENC1_button_state
                0x200022a4        0x1 CMakeFiles/Driver_Interface_NucleoG474RE_firmware.dir/Core/Src/main.c.obj
                0x200022a4                ENC1_button_state
 *fill*         0x200022a5        0x3 
 .bss.FDCAN1_TxHeader
                0x200022a8       0x24 CMakeFiles/Driver_Interface_NucleoG474RE_firmware.dir/Core/Src/main.c.obj
                0x200022a8                FDCAN1_TxHeader
 .bss.FDCAN1_RxHeader
                0x200022cc       0x28 CMakeFiles/Driver_Interface_NucleoG474RE_firmware.dir/Core/Src/main.c.obj
                0x200022cc                FDCAN1_RxHeader
 .bss.FDCAN1_TxBuffer
                0x200022f4        0x8 CMakeFiles/Driver_Interface_NucleoG474RE_firmware.dir/Core/Src/main.c.obj
                0x200022f4                FDCAN1_TxBuffer
 .bss.FDCAN1_RxBuffer
                0x200022fc        0x8 CMakeFiles/Driver_Interface_NucleoG474RE_firmware.dir/Core/Src/main.c.obj
                0x200022fc                FDCAN1_RxBuffer
 .bss.gfx_font  0x20002304        0x4 CMakeFiles/Driver_Interface_NucleoG474RE_firmware.dir/Core/Src/SSD1322_OLED_lib/SSD1322_GFX.c.obj
                0x20002304                gfx_font
 .bss.hspi1     0x20002308       0x64 CMakeFiles/Driver_Interface_NucleoG474RE_firmware.dir/Core/Src/SSD1322_OLED_lib/SSD1322_HW_Driver.c.obj
                0x20002308                hspi1
 .bss.uwTick    0x2000236c        0x4 CMakeFiles/Driver_Interface_NucleoG474RE_firmware.dir/Drivers/STM32G4xx_HAL_Driver/Src/stm32g4xx_hal.c.obj
                0x2000236c                uwTick
 *(COMMON)
                0x20002370                        . = ALIGN (0x4)
                0x20002370                        _ebss = .
                0x20002370                        __bss_end__ = _ebss

._user_heap_stack
                0x20002370      0x600 load address 0x0801db14
                0x20002370                        . = ALIGN (0x8)
                [!provide]                        PROVIDE (end = .)
                0x20002370                        PROVIDE (_end = .)
                0x20002570                        . = (. + _Min_Heap_Size)
 *fill*         0x20002370      0x200 
                0x20002970                        . = (. + _Min_Stack_Size)
 *fill*         0x20002570      0x400 
                0x20002970                        . = ALIGN (0x8)

/DISCARD/
 libc.a(*)
 libm.a(*)
 libgcc.a(*)
OUTPUT(Driver_Interface_NucleoG474RE_firmware.elf elf32-littlearm)
LOAD linker stubs
LOAD C:/Program Files/STMicroelectronics/STM32CubeCLT_1.16.0/GNU-tools-for-STM32/bin/../lib/gcc/arm-none-eabi/12.3.1/../../../../arm-none-eabi/lib/thumb/v7e-m+fp/hard\libc.a
LOAD C:/Program Files/STMicroelectronics/STM32CubeCLT_1.16.0/GNU-tools-for-STM32/bin/../lib/gcc/arm-none-eabi/12.3.1/../../../../arm-none-eabi/lib/thumb/v7e-m+fp/hard\libm.a
LOAD C:/Program Files/STMicroelectronics/STM32CubeCLT_1.16.0/GNU-tools-for-STM32/bin/../lib/gcc/arm-none-eabi/12.3.1/thumb/v7e-m+fp/hard\libgcc.a

.ARM.attributes
                0x00000000       0x30
 .ARM.attributes
                0x00000000       0x22 C:/Program Files/STMicroelectronics/STM32CubeCLT_1.16.0/GNU-tools-for-STM32/bin/../lib/gcc/arm-none-eabi/12.3.1/thumb/v7e-m+fp/hard/crti.o
 .ARM.attributes
                0x00000022       0x34 C:/Program Files/STMicroelectronics/STM32CubeCLT_1.16.0/GNU-tools-for-STM32/bin/../lib/gcc/arm-none-eabi/12.3.1/thumb/v7e-m+fp/hard/crtbegin.o
 .ARM.attributes
                0x00000056       0x34 C:/Program Files/STMicroelectronics/STM32CubeCLT_1.16.0/GNU-tools-for-STM32/bin/../lib/gcc/arm-none-eabi/12.3.1/../../../../arm-none-eabi/lib/thumb/v7e-m+fp/hard\libc_nano.a(libc_a-memset.o)
 .ARM.attributes
                0x0000008a       0x34 C:/Program Files/STMicroelectronics/STM32CubeCLT_1.16.0/GNU-tools-for-STM32/bin/../lib/gcc/arm-none-eabi/12.3.1/../../../../arm-none-eabi/lib/thumb/v7e-m+fp/hard\libc_nano.a(libc_a-init.o)
 .ARM.attributes
                0x000000be       0x34 CMakeFiles/Driver_Interface_NucleoG474RE_firmware.dir/Core/Src/main.c.obj
 .ARM.attributes
                0x000000f2       0x34 CMakeFiles/Driver_Interface_NucleoG474RE_firmware.dir/Core/Src/SSD1322_OLED_lib/SSD1322_API.c.obj
 .ARM.attributes
                0x00000126       0x34 CMakeFiles/Driver_Interface_NucleoG474RE_firmware.dir/Core/Src/SSD1322_OLED_lib/SSD1322_GFX.c.obj
 .ARM.attributes
                0x0000015a       0x34 CMakeFiles/Driver_Interface_NucleoG474RE_firmware.dir/Core/Src/SSD1322_OLED_lib/SSD1322_HW_Driver.c.obj
 .ARM.attributes
                0x0000018e       0x34 CMakeFiles/Driver_Interface_NucleoG474RE_firmware.dir/Core/Src/stm32g4xx_it.c.obj
 .ARM.attributes
                0x000001c2       0x34 CMakeFiles/Driver_Interface_NucleoG474RE_firmware.dir/Core/Src/stm32g4xx_hal_msp.c.obj
 .ARM.attributes
                0x000001f6       0x34 CMakeFiles/Driver_Interface_NucleoG474RE_firmware.dir/Drivers/STM32G4xx_HAL_Driver/Src/stm32g4xx_hal_adc.c.obj
 .ARM.attributes
                0x0000022a       0x34 CMakeFiles/Driver_Interface_NucleoG474RE_firmware.dir/Drivers/STM32G4xx_HAL_Driver/Src/stm32g4xx_hal_adc_ex.c.obj
 .ARM.attributes
                0x0000025e       0x34 CMakeFiles/Driver_Interface_NucleoG474RE_firmware.dir/Drivers/STM32G4xx_HAL_Driver/Src/stm32g4xx_hal.c.obj
 .ARM.attributes
                0x00000292       0x34 CMakeFiles/Driver_Interface_NucleoG474RE_firmware.dir/Drivers/STM32G4xx_HAL_Driver/Src/stm32g4xx_hal_rcc.c.obj
 .ARM.attributes
                0x000002c6       0x34 CMakeFiles/Driver_Interface_NucleoG474RE_firmware.dir/Drivers/STM32G4xx_HAL_Driver/Src/stm32g4xx_hal_rcc_ex.c.obj
 .ARM.attributes
                0x000002fa       0x34 CMakeFiles/Driver_Interface_NucleoG474RE_firmware.dir/Drivers/STM32G4xx_HAL_Driver/Src/stm32g4xx_hal_gpio.c.obj
 .ARM.attributes
                0x0000032e       0x34 CMakeFiles/Driver_Interface_NucleoG474RE_firmware.dir/Drivers/STM32G4xx_HAL_Driver/Src/stm32g4xx_hal_dma.c.obj
 .ARM.attributes
                0x00000362       0x34 CMakeFiles/Driver_Interface_NucleoG474RE_firmware.dir/Drivers/STM32G4xx_HAL_Driver/Src/stm32g4xx_hal_pwr_ex.c.obj
 .ARM.attributes
                0x00000396       0x34 CMakeFiles/Driver_Interface_NucleoG474RE_firmware.dir/Drivers/STM32G4xx_HAL_Driver/Src/stm32g4xx_hal_cortex.c.obj
 .ARM.attributes
                0x000003ca       0x34 CMakeFiles/Driver_Interface_NucleoG474RE_firmware.dir/Drivers/STM32G4xx_HAL_Driver/Src/stm32g4xx_hal_fdcan.c.obj
 .ARM.attributes
                0x000003fe       0x34 CMakeFiles/Driver_Interface_NucleoG474RE_firmware.dir/Drivers/STM32G4xx_HAL_Driver/Src/stm32g4xx_hal_spi.c.obj
 .ARM.attributes
                0x00000432       0x34 CMakeFiles/Driver_Interface_NucleoG474RE_firmware.dir/Drivers/STM32G4xx_HAL_Driver/Src/stm32g4xx_hal_tim.c.obj
 .ARM.attributes
                0x00000466       0x34 CMakeFiles/Driver_Interface_NucleoG474RE_firmware.dir/Drivers/STM32G4xx_HAL_Driver/Src/stm32g4xx_hal_tim_ex.c.obj
 .ARM.attributes
                0x0000049a       0x34 CMakeFiles/Driver_Interface_NucleoG474RE_firmware.dir/Core/Src/system_stm32g4xx.c.obj
 .ARM.attributes
                0x000004ce       0x21 CMakeFiles/Driver_Interface_NucleoG474RE_firmware.dir/startup_stm32g474xx.s.obj
 .ARM.attributes
                0x000004ef       0x22 C:/Program Files/STMicroelectronics/STM32CubeCLT_1.16.0/GNU-tools-for-STM32/bin/../lib/gcc/arm-none-eabi/12.3.1/thumb/v7e-m+fp/hard\libgcc.a(_arm_muldf3.o)
 .ARM.attributes
                0x00000511       0x22 C:/Program Files/STMicroelectronics/STM32CubeCLT_1.16.0/GNU-tools-for-STM32/bin/../lib/gcc/arm-none-eabi/12.3.1/thumb/v7e-m+fp/hard\libgcc.a(_arm_addsubdf3.o)
 .ARM.attributes
                0x00000533       0x22 C:/Program Files/STMicroelectronics/STM32CubeCLT_1.16.0/GNU-tools-for-STM32/bin/../lib/gcc/arm-none-eabi/12.3.1/thumb/v7e-m+fp/hard\libgcc.a(_arm_fixunsdfsi.o)
 .ARM.attributes
                0x00000555       0x22 C:/Program Files/STMicroelectronics/STM32CubeCLT_1.16.0/GNU-tools-for-STM32/bin/../lib/gcc/arm-none-eabi/12.3.1/thumb/v7e-m+fp/hard\libgcc.a(_arm_truncdfsf2.o)
 .ARM.attributes
                0x00000577       0x22 C:/Program Files/STMicroelectronics/STM32CubeCLT_1.16.0/GNU-tools-for-STM32/bin/../lib/gcc/arm-none-eabi/12.3.1/thumb/v7e-m+fp/hard/crtn.o
 .ARM.attributes
                0x00000599       0x34 C:/Program Files/STMicroelectronics/STM32CubeCLT_1.16.0/GNU-tools-for-STM32/bin/../lib/gcc/arm-none-eabi/12.3.1/../../../../arm-none-eabi/lib/thumb/v7e-m+fp/hard\libm.a(libm_a-s_floor.o)
 .ARM.attributes
                0x000005cd       0x22 C:/Program Files/STMicroelectronics/STM32CubeCLT_1.16.0/GNU-tools-for-STM32/bin/../lib/gcc/arm-none-eabi/12.3.1/thumb/v7e-m+fp/hard\libgcc.a(_arm_cmpdf2.o)

.comment        0x00000000       0x43
 .comment       0x00000000       0x43 CMakeFiles/Driver_Interface_NucleoG474RE_firmware.dir/Core/Src/main.c.obj
                                 0x44 (size before relaxing)
 .comment       0x00000043       0x44 CMakeFiles/Driver_Interface_NucleoG474RE_firmware.dir/Core/Src/SSD1322_OLED_lib/SSD1322_API.c.obj
 .comment       0x00000043       0x44 CMakeFiles/Driver_Interface_NucleoG474RE_firmware.dir/Core/Src/SSD1322_OLED_lib/SSD1322_GFX.c.obj
 .comment       0x00000043       0x44 CMakeFiles/Driver_Interface_NucleoG474RE_firmware.dir/Core/Src/SSD1322_OLED_lib/SSD1322_HW_Driver.c.obj
 .comment       0x00000043       0x44 CMakeFiles/Driver_Interface_NucleoG474RE_firmware.dir/Core/Src/stm32g4xx_it.c.obj
 .comment       0x00000043       0x44 CMakeFiles/Driver_Interface_NucleoG474RE_firmware.dir/Core/Src/stm32g4xx_hal_msp.c.obj
 .comment       0x00000043       0x44 CMakeFiles/Driver_Interface_NucleoG474RE_firmware.dir/Drivers/STM32G4xx_HAL_Driver/Src/stm32g4xx_hal_adc.c.obj
 .comment       0x00000043       0x44 CMakeFiles/Driver_Interface_NucleoG474RE_firmware.dir/Drivers/STM32G4xx_HAL_Driver/Src/stm32g4xx_hal_adc_ex.c.obj
 .comment       0x00000043       0x44 CMakeFiles/Driver_Interface_NucleoG474RE_firmware.dir/Drivers/STM32G4xx_HAL_Driver/Src/stm32g4xx_hal.c.obj
 .comment       0x00000043       0x44 CMakeFiles/Driver_Interface_NucleoG474RE_firmware.dir/Drivers/STM32G4xx_HAL_Driver/Src/stm32g4xx_hal_rcc.c.obj
 .comment       0x00000043       0x44 CMakeFiles/Driver_Interface_NucleoG474RE_firmware.dir/Drivers/STM32G4xx_HAL_Driver/Src/stm32g4xx_hal_rcc_ex.c.obj
 .comment       0x00000043       0x44 CMakeFiles/Driver_Interface_NucleoG474RE_firmware.dir/Drivers/STM32G4xx_HAL_Driver/Src/stm32g4xx_hal_gpio.c.obj
 .comment       0x00000043       0x44 CMakeFiles/Driver_Interface_NucleoG474RE_firmware.dir/Drivers/STM32G4xx_HAL_Driver/Src/stm32g4xx_hal_dma.c.obj
 .comment       0x00000043       0x44 CMakeFiles/Driver_Interface_NucleoG474RE_firmware.dir/Drivers/STM32G4xx_HAL_Driver/Src/stm32g4xx_hal_pwr_ex.c.obj
 .comment       0x00000043       0x44 CMakeFiles/Driver_Interface_NucleoG474RE_firmware.dir/Drivers/STM32G4xx_HAL_Driver/Src/stm32g4xx_hal_cortex.c.obj
 .comment       0x00000043       0x44 CMakeFiles/Driver_Interface_NucleoG474RE_firmware.dir/Drivers/STM32G4xx_HAL_Driver/Src/stm32g4xx_hal_fdcan.c.obj
 .comment       0x00000043       0x44 CMakeFiles/Driver_Interface_NucleoG474RE_firmware.dir/Drivers/STM32G4xx_HAL_Driver/Src/stm32g4xx_hal_spi.c.obj
 .comment       0x00000043       0x44 CMakeFiles/Driver_Interface_NucleoG474RE_firmware.dir/Drivers/STM32G4xx_HAL_Driver/Src/stm32g4xx_hal_tim.c.obj
 .comment       0x00000043       0x44 CMakeFiles/Driver_Interface_NucleoG474RE_firmware.dir/Drivers/STM32G4xx_HAL_Driver/Src/stm32g4xx_hal_tim_ex.c.obj
 .comment       0x00000043       0x44 CMakeFiles/Driver_Interface_NucleoG474RE_firmware.dir/Core/Src/system_stm32g4xx.c.obj

.debug_frame    0x00000000     0x6758
 .debug_frame   0x00000000       0x20 C:/Program Files/STMicroelectronics/STM32CubeCLT_1.16.0/GNU-tools-for-STM32/bin/../lib/gcc/arm-none-eabi/12.3.1/../../../../arm-none-eabi/lib/thumb/v7e-m+fp/hard\libc_nano.a(libc_a-memset.o)
 .debug_frame   0x00000020       0x2c C:/Program Files/STMicroelectronics/STM32CubeCLT_1.16.0/GNU-tools-for-STM32/bin/../lib/gcc/arm-none-eabi/12.3.1/../../../../arm-none-eabi/lib/thumb/v7e-m+fp/hard\libc_nano.a(libc_a-init.o)
 .debug_frame   0x0000004c      0x34c CMakeFiles/Driver_Interface_NucleoG474RE_firmware.dir/Core/Src/main.c.obj
 .debug_frame   0x00000398      0x1a4 CMakeFiles/Driver_Interface_NucleoG474RE_firmware.dir/Core/Src/SSD1322_OLED_lib/SSD1322_API.c.obj
 .debug_frame   0x0000053c      0x274 CMakeFiles/Driver_Interface_NucleoG474RE_firmware.dir/Core/Src/SSD1322_OLED_lib/SSD1322_GFX.c.obj
 .debug_frame   0x000007b0      0x124 CMakeFiles/Driver_Interface_NucleoG474RE_firmware.dir/Core/Src/SSD1322_OLED_lib/SSD1322_HW_Driver.c.obj
 .debug_frame   0x000008d4      0x1c8 CMakeFiles/Driver_Interface_NucleoG474RE_firmware.dir/Core/Src/stm32g4xx_it.c.obj
 .debug_frame   0x00000a9c      0x160 CMakeFiles/Driver_Interface_NucleoG474RE_firmware.dir/Core/Src/stm32g4xx_hal_msp.c.obj
 .debug_frame   0x00000bfc      0xacc CMakeFiles/Driver_Interface_NucleoG474RE_firmware.dir/Drivers/STM32G4xx_HAL_Driver/Src/stm32g4xx_hal_adc.c.obj
 .debug_frame   0x000016c8      0x81c CMakeFiles/Driver_Interface_NucleoG474RE_firmware.dir/Drivers/STM32G4xx_HAL_Driver/Src/stm32g4xx_hal_adc_ex.c.obj
 .debug_frame   0x00001ee4      0x500 CMakeFiles/Driver_Interface_NucleoG474RE_firmware.dir/Drivers/STM32G4xx_HAL_Driver/Src/stm32g4xx_hal.c.obj
 .debug_frame   0x000023e4      0x23c CMakeFiles/Driver_Interface_NucleoG474RE_firmware.dir/Drivers/STM32G4xx_HAL_Driver/Src/stm32g4xx_hal_rcc.c.obj
 .debug_frame   0x00002620      0x2ac CMakeFiles/Driver_Interface_NucleoG474RE_firmware.dir/Drivers/STM32G4xx_HAL_Driver/Src/stm32g4xx_hal_rcc_ex.c.obj
 .debug_frame   0x000028cc      0x14c CMakeFiles/Driver_Interface_NucleoG474RE_firmware.dir/Drivers/STM32G4xx_HAL_Driver/Src/stm32g4xx_hal_gpio.c.obj
 .debug_frame   0x00002a18      0x24c CMakeFiles/Driver_Interface_NucleoG474RE_firmware.dir/Drivers/STM32G4xx_HAL_Driver/Src/stm32g4xx_hal_dma.c.obj
 .debug_frame   0x00002c64      0x4fc CMakeFiles/Driver_Interface_NucleoG474RE_firmware.dir/Drivers/STM32G4xx_HAL_Driver/Src/stm32g4xx_hal_pwr_ex.c.obj
 .debug_frame   0x00003160      0x4e8 CMakeFiles/Driver_Interface_NucleoG474RE_firmware.dir/Drivers/STM32G4xx_HAL_Driver/Src/stm32g4xx_hal_cortex.c.obj
 .debug_frame   0x00003648      0x9b0 CMakeFiles/Driver_Interface_NucleoG474RE_firmware.dir/Drivers/STM32G4xx_HAL_Driver/Src/stm32g4xx_hal_fdcan.c.obj
 .debug_frame   0x00003ff8      0x860 CMakeFiles/Driver_Interface_NucleoG474RE_firmware.dir/Drivers/STM32G4xx_HAL_Driver/Src/stm32g4xx_hal_spi.c.obj
 .debug_frame   0x00004858     0x1220 CMakeFiles/Driver_Interface_NucleoG474RE_firmware.dir/Drivers/STM32G4xx_HAL_Driver/Src/stm32g4xx_hal_tim.c.obj
 .debug_frame   0x00005a78      0xa70 CMakeFiles/Driver_Interface_NucleoG474RE_firmware.dir/Drivers/STM32G4xx_HAL_Driver/Src/stm32g4xx_hal_tim_ex.c.obj
 .debug_frame   0x000064e8       0x58 CMakeFiles/Driver_Interface_NucleoG474RE_firmware.dir/Core/Src/system_stm32g4xx.c.obj
 .debug_frame   0x00006540       0x30 C:/Program Files/STMicroelectronics/STM32CubeCLT_1.16.0/GNU-tools-for-STM32/bin/../lib/gcc/arm-none-eabi/12.3.1/thumb/v7e-m+fp/hard\libgcc.a(_arm_muldf3.o)
 .debug_frame   0x00006570       0xac C:/Program Files/STMicroelectronics/STM32CubeCLT_1.16.0/GNU-tools-for-STM32/bin/../lib/gcc/arm-none-eabi/12.3.1/thumb/v7e-m+fp/hard\libgcc.a(_arm_addsubdf3.o)
 .debug_frame   0x0000661c       0x24 C:/Program Files/STMicroelectronics/STM32CubeCLT_1.16.0/GNU-tools-for-STM32/bin/../lib/gcc/arm-none-eabi/12.3.1/thumb/v7e-m+fp/hard\libgcc.a(_arm_fixunsdfsi.o)
 .debug_frame   0x00006640       0x24 C:/Program Files/STMicroelectronics/STM32CubeCLT_1.16.0/GNU-tools-for-STM32/bin/../lib/gcc/arm-none-eabi/12.3.1/thumb/v7e-m+fp/hard\libgcc.a(_arm_truncdfsf2.o)
 .debug_frame   0x00006664       0x30 C:/Program Files/STMicroelectronics/STM32CubeCLT_1.16.0/GNU-tools-for-STM32/bin/../lib/gcc/arm-none-eabi/12.3.1/../../../../arm-none-eabi/lib/thumb/v7e-m+fp/hard\libm.a(libm_a-s_floor.o)
 .debug_frame   0x00006694       0xc4 C:/Program Files/STMicroelectronics/STM32CubeCLT_1.16.0/GNU-tools-for-STM32/bin/../lib/gcc/arm-none-eabi/12.3.1/thumb/v7e-m+fp/hard\libgcc.a(_arm_cmpdf2.o)

.debug_info     0x00000000    0x17b4f
 .debug_info    0x00000000     0x2c69 CMakeFiles/Driver_Interface_NucleoG474RE_firmware.dir/Core/Src/main.c.obj
 .debug_info    0x00002c69      0x2fa CMakeFiles/Driver_Interface_NucleoG474RE_firmware.dir/Core/Src/SSD1322_OLED_lib/SSD1322_API.c.obj
 .debug_info    0x00002f63      0xb7d CMakeFiles/Driver_Interface_NucleoG474RE_firmware.dir/Core/Src/SSD1322_OLED_lib/SSD1322_GFX.c.obj
 .debug_info    0x00003ae0      0x8eb CMakeFiles/Driver_Interface_NucleoG474RE_firmware.dir/Core/Src/SSD1322_OLED_lib/SSD1322_HW_Driver.c.obj
 .debug_info    0x000043cb     0x121f CMakeFiles/Driver_Interface_NucleoG474RE_firmware.dir/Core/Src/stm32g4xx_it.c.obj
 .debug_info    0x000055ea     0x1df7 CMakeFiles/Driver_Interface_NucleoG474RE_firmware.dir/Core/Src/stm32g4xx_hal_msp.c.obj
 .debug_info    0x000073e1     0x2063 CMakeFiles/Driver_Interface_NucleoG474RE_firmware.dir/Drivers/STM32G4xx_HAL_Driver/Src/stm32g4xx_hal_adc.c.obj
 .debug_info    0x00009444     0x1d80 CMakeFiles/Driver_Interface_NucleoG474RE_firmware.dir/Drivers/STM32G4xx_HAL_Driver/Src/stm32g4xx_hal_adc_ex.c.obj
 .debug_info    0x0000b1c4      0xb95 CMakeFiles/Driver_Interface_NucleoG474RE_firmware.dir/Drivers/STM32G4xx_HAL_Driver/Src/stm32g4xx_hal.c.obj
 .debug_info    0x0000bd59      0xbe0 CMakeFiles/Driver_Interface_NucleoG474RE_firmware.dir/Drivers/STM32G4xx_HAL_Driver/Src/stm32g4xx_hal_rcc.c.obj
 .debug_info    0x0000c939      0xc45 CMakeFiles/Driver_Interface_NucleoG474RE_firmware.dir/Drivers/STM32G4xx_HAL_Driver/Src/stm32g4xx_hal_rcc_ex.c.obj
 .debug_info    0x0000d57e      0x763 CMakeFiles/Driver_Interface_NucleoG474RE_firmware.dir/Drivers/STM32G4xx_HAL_Driver/Src/stm32g4xx_hal_gpio.c.obj
 .debug_info    0x0000dce1      0x85f CMakeFiles/Driver_Interface_NucleoG474RE_firmware.dir/Drivers/STM32G4xx_HAL_Driver/Src/stm32g4xx_hal_dma.c.obj
 .debug_info    0x0000e540      0x93f CMakeFiles/Driver_Interface_NucleoG474RE_firmware.dir/Drivers/STM32G4xx_HAL_Driver/Src/stm32g4xx_hal_pwr_ex.c.obj
 .debug_info    0x0000ee7f      0xdf9 CMakeFiles/Driver_Interface_NucleoG474RE_firmware.dir/Drivers/STM32G4xx_HAL_Driver/Src/stm32g4xx_hal_cortex.c.obj
 .debug_info    0x0000fc78     0x18bb CMakeFiles/Driver_Interface_NucleoG474RE_firmware.dir/Drivers/STM32G4xx_HAL_Driver/Src/stm32g4xx_hal_fdcan.c.obj
 .debug_info    0x00011533     0x1677 CMakeFiles/Driver_Interface_NucleoG474RE_firmware.dir/Drivers/STM32G4xx_HAL_Driver/Src/stm32g4xx_hal_spi.c.obj
 .debug_info    0x00012baa     0x2c52 CMakeFiles/Driver_Interface_NucleoG474RE_firmware.dir/Drivers/STM32G4xx_HAL_Driver/Src/stm32g4xx_hal_tim.c.obj
 .debug_info    0x000157fc     0x1d95 CMakeFiles/Driver_Interface_NucleoG474RE_firmware.dir/Drivers/STM32G4xx_HAL_Driver/Src/stm32g4xx_hal_tim_ex.c.obj
 .debug_info    0x00017591      0x58e CMakeFiles/Driver_Interface_NucleoG474RE_firmware.dir/Core/Src/system_stm32g4xx.c.obj
 .debug_info    0x00017b1f       0x30 CMakeFiles/Driver_Interface_NucleoG474RE_firmware.dir/startup_stm32g474xx.s.obj

.debug_abbrev   0x00000000     0x2e73
 .debug_abbrev  0x00000000      0x3d8 CMakeFiles/Driver_Interface_NucleoG474RE_firmware.dir/Core/Src/main.c.obj
 .debug_abbrev  0x000003d8      0x132 CMakeFiles/Driver_Interface_NucleoG474RE_firmware.dir/Core/Src/SSD1322_OLED_lib/SSD1322_API.c.obj
 .debug_abbrev  0x0000050a      0x1e7 CMakeFiles/Driver_Interface_NucleoG474RE_firmware.dir/Core/Src/SSD1322_OLED_lib/SSD1322_GFX.c.obj
 .debug_abbrev  0x000006f1      0x1bb CMakeFiles/Driver_Interface_NucleoG474RE_firmware.dir/Core/Src/SSD1322_OLED_lib/SSD1322_HW_Driver.c.obj
 .debug_abbrev  0x000008ac      0x1f0 CMakeFiles/Driver_Interface_NucleoG474RE_firmware.dir/Core/Src/stm32g4xx_it.c.obj
 .debug_abbrev  0x00000a9c      0x2a1 CMakeFiles/Driver_Interface_NucleoG474RE_firmware.dir/Core/Src/stm32g4xx_hal_msp.c.obj
 .debug_abbrev  0x00000d3d      0x2d3 CMakeFiles/Driver_Interface_NucleoG474RE_firmware.dir/Drivers/STM32G4xx_HAL_Driver/Src/stm32g4xx_hal_adc.c.obj
 .debug_abbrev  0x00001010      0x2ee CMakeFiles/Driver_Interface_NucleoG474RE_firmware.dir/Drivers/STM32G4xx_HAL_Driver/Src/stm32g4xx_hal_adc_ex.c.obj
 .debug_abbrev  0x000012fe      0x271 CMakeFiles/Driver_Interface_NucleoG474RE_firmware.dir/Drivers/STM32G4xx_HAL_Driver/Src/stm32g4xx_hal.c.obj
 .debug_abbrev  0x0000156f      0x2c9 CMakeFiles/Driver_Interface_NucleoG474RE_firmware.dir/Drivers/STM32G4xx_HAL_Driver/Src/stm32g4xx_hal_rcc.c.obj
 .debug_abbrev  0x00001838      0x258 CMakeFiles/Driver_Interface_NucleoG474RE_firmware.dir/Drivers/STM32G4xx_HAL_Driver/Src/stm32g4xx_hal_rcc_ex.c.obj
 .debug_abbrev  0x00001a90      0x1cb CMakeFiles/Driver_Interface_NucleoG474RE_firmware.dir/Drivers/STM32G4xx_HAL_Driver/Src/stm32g4xx_hal_gpio.c.obj
 .debug_abbrev  0x00001c5b      0x1e2 CMakeFiles/Driver_Interface_NucleoG474RE_firmware.dir/Drivers/STM32G4xx_HAL_Driver/Src/stm32g4xx_hal_dma.c.obj
 .debug_abbrev  0x00001e3d      0x22c CMakeFiles/Driver_Interface_NucleoG474RE_firmware.dir/Drivers/STM32G4xx_HAL_Driver/Src/stm32g4xx_hal_pwr_ex.c.obj
 .debug_abbrev  0x00002069      0x31c CMakeFiles/Driver_Interface_NucleoG474RE_firmware.dir/Drivers/STM32G4xx_HAL_Driver/Src/stm32g4xx_hal_cortex.c.obj
 .debug_abbrev  0x00002385      0x1e7 CMakeFiles/Driver_Interface_NucleoG474RE_firmware.dir/Drivers/STM32G4xx_HAL_Driver/Src/stm32g4xx_hal_fdcan.c.obj
 .debug_abbrev  0x0000256c      0x25d CMakeFiles/Driver_Interface_NucleoG474RE_firmware.dir/Drivers/STM32G4xx_HAL_Driver/Src/stm32g4xx_hal_spi.c.obj
 .debug_abbrev  0x000027c9      0x2a7 CMakeFiles/Driver_Interface_NucleoG474RE_firmware.dir/Drivers/STM32G4xx_HAL_Driver/Src/stm32g4xx_hal_tim.c.obj
 .debug_abbrev  0x00002a70      0x2c5 CMakeFiles/Driver_Interface_NucleoG474RE_firmware.dir/Drivers/STM32G4xx_HAL_Driver/Src/stm32g4xx_hal_tim_ex.c.obj
 .debug_abbrev  0x00002d35      0x11a CMakeFiles/Driver_Interface_NucleoG474RE_firmware.dir/Core/Src/system_stm32g4xx.c.obj
 .debug_abbrev  0x00002e4f       0x24 CMakeFiles/Driver_Interface_NucleoG474RE_firmware.dir/startup_stm32g474xx.s.obj

.debug_aranges  0x00000000     0x1778
 .debug_aranges
                0x00000000       0xd8 CMakeFiles/Driver_Interface_NucleoG474RE_firmware.dir/Core/Src/main.c.obj
 .debug_aranges
                0x000000d8       0x78 CMakeFiles/Driver_Interface_NucleoG474RE_firmware.dir/Core/Src/SSD1322_OLED_lib/SSD1322_API.c.obj
 .debug_aranges
                0x00000150       0x98 CMakeFiles/Driver_Interface_NucleoG474RE_firmware.dir/Core/Src/SSD1322_OLED_lib/SSD1322_GFX.c.obj
 .debug_aranges
                0x000001e8       0x60 CMakeFiles/Driver_Interface_NucleoG474RE_firmware.dir/Core/Src/SSD1322_OLED_lib/SSD1322_HW_Driver.c.obj
 .debug_aranges
                0x00000248       0x98 CMakeFiles/Driver_Interface_NucleoG474RE_firmware.dir/Core/Src/stm32g4xx_it.c.obj
 .debug_aranges
                0x000002e0       0x60 CMakeFiles/Driver_Interface_NucleoG474RE_firmware.dir/Core/Src/stm32g4xx_hal_msp.c.obj
 .debug_aranges
                0x00000340      0x248 CMakeFiles/Driver_Interface_NucleoG474RE_firmware.dir/Drivers/STM32G4xx_HAL_Driver/Src/stm32g4xx_hal_adc.c.obj
 .debug_aranges
                0x00000588      0x1c0 CMakeFiles/Driver_Interface_NucleoG474RE_firmware.dir/Drivers/STM32G4xx_HAL_Driver/Src/stm32g4xx_hal_adc_ex.c.obj
 .debug_aranges
                0x00000748      0x148 CMakeFiles/Driver_Interface_NucleoG474RE_firmware.dir/Drivers/STM32G4xx_HAL_Driver/Src/stm32g4xx_hal.c.obj
 .debug_aranges
                0x00000890       0x98 CMakeFiles/Driver_Interface_NucleoG474RE_firmware.dir/Drivers/STM32G4xx_HAL_Driver/Src/stm32g4xx_hal_rcc.c.obj
 .debug_aranges
                0x00000928       0xb0 CMakeFiles/Driver_Interface_NucleoG474RE_firmware.dir/Drivers/STM32G4xx_HAL_Driver/Src/stm32g4xx_hal_rcc_ex.c.obj
 .debug_aranges
                0x000009d8       0x58 CMakeFiles/Driver_Interface_NucleoG474RE_firmware.dir/Drivers/STM32G4xx_HAL_Driver/Src/stm32g4xx_hal_gpio.c.obj
 .debug_aranges
                0x00000a30       0x90 CMakeFiles/Driver_Interface_NucleoG474RE_firmware.dir/Drivers/STM32G4xx_HAL_Driver/Src/stm32g4xx_hal_dma.c.obj
 .debug_aranges
                0x00000ac0      0x140 CMakeFiles/Driver_Interface_NucleoG474RE_firmware.dir/Drivers/STM32G4xx_HAL_Driver/Src/stm32g4xx_hal_pwr_ex.c.obj
 .debug_aranges
                0x00000c00      0x128 CMakeFiles/Driver_Interface_NucleoG474RE_firmware.dir/Drivers/STM32G4xx_HAL_Driver/Src/stm32g4xx_hal_cortex.c.obj
 .debug_aranges
                0x00000d28      0x208 CMakeFiles/Driver_Interface_NucleoG474RE_firmware.dir/Drivers/STM32G4xx_HAL_Driver/Src/stm32g4xx_hal_fdcan.c.obj
 .debug_aranges
                0x00000f30      0x1d8 CMakeFiles/Driver_Interface_NucleoG474RE_firmware.dir/Drivers/STM32G4xx_HAL_Driver/Src/stm32g4xx_hal_spi.c.obj
 .debug_aranges
                0x00001108      0x3e0 CMakeFiles/Driver_Interface_NucleoG474RE_firmware.dir/Drivers/STM32G4xx_HAL_Driver/Src/stm32g4xx_hal_tim.c.obj
 .debug_aranges